Archive member included to satisfy reference by file (symbol)

/opt/st/stm32cubeide_1.13.2/plugins/com.st.stm32cube.ide.mcu.externaltools.gnu-tools-for-stm32.11.3.rel1.linux64_1.1.1.202309131626/tools/bin/../lib/gcc/arm-none-eabi/11.3.1/../../../../arm-none-eabi/lib/thumb/v7e-m+fp/hard/libstdc++_nano.a(del_ops.o)
                              ./Core/CustomLib/Bitmap.o (operator delete(void*, unsigned int))
/opt/st/stm32cubeide_1.13.2/plugins/com.st.stm32cube.ide.mcu.externaltools.gnu-tools-for-stm32.11.3.rel1.linux64_1.1.1.202309131626/tools/bin/../lib/gcc/arm-none-eabi/11.3.1/../../../../arm-none-eabi/lib/thumb/v7e-m+fp/hard/libstdc++_nano.a(new_op.o)
                              ./Core/Src/CalculationEvent.o (operator new(unsigned int))
/opt/st/stm32cubeide_1.13.2/plugins/com.st.stm32cube.ide.mcu.externaltools.gnu-tools-for-stm32.11.3.rel1.linux64_1.1.1.202309131626/tools/bin/../lib/gcc/arm-none-eabi/11.3.1/../../../../arm-none-eabi/lib/thumb/v7e-m+fp/hard/libstdc++_nano.a(functexcept.o)
                              ./Core/Src/CalculationEvent.o (std::__throw_bad_alloc())
/opt/st/stm32cubeide_1.13.2/plugins/com.st.stm32cube.ide.mcu.externaltools.gnu-tools-for-stm32.11.3.rel1.linux64_1.1.1.202309131626/tools/bin/../lib/gcc/arm-none-eabi/11.3.1/../../../../arm-none-eabi/lib/thumb/v7e-m+fp/hard/libstdc++_nano.a(snprintf_lite.o)
                              /opt/st/stm32cubeide_1.13.2/plugins/com.st.stm32cube.ide.mcu.externaltools.gnu-tools-for-stm32.11.3.rel1.linux64_1.1.1.202309131626/tools/bin/../lib/gcc/arm-none-eabi/11.3.1/../../../../arm-none-eabi/lib/thumb/v7e-m+fp/hard/libstdc++_nano.a(functexcept.o) (__gnu_cxx::__snprintf_lite(char*, unsigned int, char const*, std::__va_list))
/opt/st/stm32cubeide_1.13.2/plugins/com.st.stm32cube.ide.mcu.externaltools.gnu-tools-for-stm32.11.3.rel1.linux64_1.1.1.202309131626/tools/bin/../lib/gcc/arm-none-eabi/11.3.1/../../../../arm-none-eabi/lib/thumb/v7e-m+fp/hard/libstdc++_nano.a(del_op.o)
                              /opt/st/stm32cubeide_1.13.2/plugins/com.st.stm32cube.ide.mcu.externaltools.gnu-tools-for-stm32.11.3.rel1.linux64_1.1.1.202309131626/tools/bin/../lib/gcc/arm-none-eabi/11.3.1/../../../../arm-none-eabi/lib/thumb/v7e-m+fp/hard/libstdc++_nano.a(del_ops.o) (operator delete(void*))
/opt/st/stm32cubeide_1.13.2/plugins/com.st.stm32cube.ide.mcu.externaltools.gnu-tools-for-stm32.11.3.rel1.linux64_1.1.1.202309131626/tools/bin/../lib/gcc/arm-none-eabi/11.3.1/../../../../arm-none-eabi/lib/thumb/v7e-m+fp/hard/libstdc++_nano.a(new_handler.o)
                              /opt/st/stm32cubeide_1.13.2/plugins/com.st.stm32cube.ide.mcu.externaltools.gnu-tools-for-stm32.11.3.rel1.linux64_1.1.1.202309131626/tools/bin/../lib/gcc/arm-none-eabi/11.3.1/../../../../arm-none-eabi/lib/thumb/v7e-m+fp/hard/libstdc++_nano.a(new_op.o) (std::get_new_handler())
/opt/st/stm32cubeide_1.13.2/plugins/com.st.stm32cube.ide.mcu.externaltools.gnu-tools-for-stm32.11.3.rel1.linux64_1.1.1.202309131626/tools/bin/../lib/gcc/arm-none-eabi/11.3.1/../../../../arm-none-eabi/lib/thumb/v7e-m+fp/hard/libm.a(libm_a-s_cos.o)
                              ./Core/CustomLib/ssd1306.o (cos)
/opt/st/stm32cubeide_1.13.2/plugins/com.st.stm32cube.ide.mcu.externaltools.gnu-tools-for-stm32.11.3.rel1.linux64_1.1.1.202309131626/tools/bin/../lib/gcc/arm-none-eabi/11.3.1/../../../../arm-none-eabi/lib/thumb/v7e-m+fp/hard/libm.a(libm_a-s_sin.o)
                              ./Core/CustomLib/ssd1306.o (sin)
/opt/st/stm32cubeide_1.13.2/plugins/com.st.stm32cube.ide.mcu.externaltools.gnu-tools-for-stm32.11.3.rel1.linux64_1.1.1.202309131626/tools/bin/../lib/gcc/arm-none-eabi/11.3.1/../../../../arm-none-eabi/lib/thumb/v7e-m+fp/hard/libm.a(libm_a-k_cos.o)
                              /opt/st/stm32cubeide_1.13.2/plugins/com.st.stm32cube.ide.mcu.externaltools.gnu-tools-for-stm32.11.3.rel1.linux64_1.1.1.202309131626/tools/bin/../lib/gcc/arm-none-eabi/11.3.1/../../../../arm-none-eabi/lib/thumb/v7e-m+fp/hard/libm.a(libm_a-s_cos.o) (__kernel_cos)
/opt/st/stm32cubeide_1.13.2/plugins/com.st.stm32cube.ide.mcu.externaltools.gnu-tools-for-stm32.11.3.rel1.linux64_1.1.1.202309131626/tools/bin/../lib/gcc/arm-none-eabi/11.3.1/../../../../arm-none-eabi/lib/thumb/v7e-m+fp/hard/libm.a(libm_a-k_sin.o)
                              /opt/st/stm32cubeide_1.13.2/plugins/com.st.stm32cube.ide.mcu.externaltools.gnu-tools-for-stm32.11.3.rel1.linux64_1.1.1.202309131626/tools/bin/../lib/gcc/arm-none-eabi/11.3.1/../../../../arm-none-eabi/lib/thumb/v7e-m+fp/hard/libm.a(libm_a-s_cos.o) (__kernel_sin)
/opt/st/stm32cubeide_1.13.2/plugins/com.st.stm32cube.ide.mcu.externaltools.gnu-tools-for-stm32.11.3.rel1.linux64_1.1.1.202309131626/tools/bin/../lib/gcc/arm-none-eabi/11.3.1/../../../../arm-none-eabi/lib/thumb/v7e-m+fp/hard/libm.a(libm_a-e_rem_pio2.o)
[...]
Memory Configuration

Name             Origin             Length             Attributes
CCMRAM           0x0000000010000000 0x0000000000010000 xrw
RAM              0x0000000020000000 0x0000000000030000 xrw
FLASH            0x0000000008000000 0x0000000000200000 xr
*default*        0x0000000000000000 0xffffffffffffffff

Linker script and memory map

LOAD /opt/st/stm32cubeide_1.13.2/plugins/com.st.stm32cube.ide.mcu.externaltools.gnu-tools-for-stm32.11.3.rel1.linux64_1.1.1.202309131626/tools/bin/../lib/gcc/arm-none-eabi/11.3.1/thumb/v7e-m+fp/hard/crti.o
LOAD /opt/st/stm32cubeide_1.13.2/plugins/com.st.stm32cube.ide.mcu.externaltools.gnu-tools-for-stm32.11.3.rel1.linux64_1.1.1.202309131626/tools/bin/../lib/gcc/arm-none-eabi/11.3.1/thumb/v7e-m+fp/hard/crtbegin.o
LOAD /opt/st/stm32cubeide_1.13.2/plugins/com.st.stm32cube.ide.mcu.externaltools.gnu-tools-for-stm32.11.3.rel1.linux64_1.1.1.202309131626/tools/bin/../lib/gcc/arm-none-eabi/11.3.1/../../../../arm-none-eabi/lib/thumb/v7e-m+fp/hard/crt0.o
LOAD ./Core/CustomLib/Bitmap.o
LOAD ./Core/CustomLib/ssd1306.o
LOAD ./Core/CustomLib/ssd1306_fonts.o
LOAD ./Core/CustomLib/ssd1306_tests.o
LOAD ./Core/Src/CalculationEvent.o
LOAD ./Core/Src/CancelEvent.o
LOAD ./Core/Src/DisplayEvent.o
LOAD ./Core/Src/FinalCalculationResultEvent.o
LOAD ./Core/Src/LedEvents.o
LOAD ./Core/Src/OLED_DisplayEvent.o
LOAD ./Core/Src/SetUpLcd.o
LOAD ./Core/Src/StartEvent.o
LOAD ./Core/Src/StartMeasureEvent.o
LOAD ./Core/Src/lcd.o
LOAD ./Core/Src/main.o
LOAD ./Core/Src/stm32f4xx_hal_msp.o
LOAD ./Core/Src/stm32f4xx_it.o
LOAD ./Core/Src/syscalls.o
LOAD ./Core/Src/sysmem.o
LOAD ./Core/Src/system_stm32f4xx.o
LOAD ./Core/Startup/startup_stm32f429zitx.o
LOAD ./Drivers/STM32F4xx_HAL_Driver/Src/stm32f4xx_hal.o
LOAD ./Drivers/STM32F4xx_HAL_Driver/Src/stm32f4xx_hal_adc.o
LOAD ./Drivers/STM32F4xx_HAL_Driver/Src/stm32f4xx_hal_adc_ex.o
LOAD ./Drivers/STM32F4xx_HAL_Driver/Src/stm32f4xx_hal_cortex.o
LOAD ./Drivers/STM32F4xx_HAL_Driver/Src/stm32f4xx_hal_dma.o
LOAD ./Drivers/STM32F4xx_HAL_Driver/Src/stm32f4xx_hal_dma_ex.o
LOAD ./Drivers/STM32F4xx_HAL_Driver/Src/stm32f4xx_hal_eth.o
LOAD ./Drivers/STM32F4xx_HAL_Driver/Src/stm32f4xx_hal_exti.o
LOAD ./Drivers/STM32F4xx_HAL_Driver/Src/stm32f4xx_hal_flash.o
LOAD ./Drivers/STM32F4xx_HAL_Driver/Src/stm32f4xx_hal_flash_ex.o
LOAD ./Drivers/STM32F4xx_HAL_Driver/Src/stm32f4xx_hal_flash_ramfunc.o
LOAD ./Drivers/STM32F4xx_HAL_Driver/Src/stm32f4xx_hal_gpio.o
LOAD ./Drivers/STM32F4xx_HAL_Driver/Src/stm32f4xx_hal_i2c.o
LOAD ./Drivers/STM32F4xx_HAL_Driver/Src/stm32f4xx_hal_i2c_ex.o
LOAD ./Drivers/STM32F4xx_HAL_Driver/Src/stm32f4xx_hal_pcd.o
LOAD ./Drivers/STM32F4xx_HAL_Driver/Src/stm32f4xx_hal_pcd_ex.o
LOAD ./Drivers/STM32F4xx_HAL_Driver/Src/stm32f4xx_hal_pwr.o
LOAD ./Drivers/STM32F4xx_HAL_Driver/Src/stm32f4xx_hal_pwr_ex.o
LOAD ./Drivers/STM32F4xx_HAL_Driver/Src/stm32f4xx_hal_rcc.o
LOAD ./Drivers/STM32F4xx_HAL_Driver/Src/stm32f4xx_hal_rcc_ex.o
LOAD ./Drivers/STM32F4xx_HAL_Driver/Src/stm32f4xx_hal_tim.o
LOAD ./Drivers/STM32F4xx_HAL_Driver/Src/stm32f4xx_hal_tim_ex.o
LOAD ./Drivers/STM32F4xx_HAL_Driver/Src/stm32f4xx_hal_uart.o
LOAD ./Drivers/STM32F4xx_HAL_Driver/Src/stm32f4xx_ll_adc.o
LOAD ./Drivers/STM32F4xx_HAL_Driver/Src/stm32f4xx_ll_usb.o
START GROUP
LOAD /opt/st/stm32cubeide_1.13.2/plugins/com.st.stm32cube.ide.mcu.externaltools.gnu-tools-for-stm32.11.3.rel1.linux64_1.1.1.202309131626/tools/bin/../lib/gcc/arm-none-eabi/11.3.1/../../../../arm-none-eabi/lib/thumb/v7e-m+fp/hard/libstdc++_nano.a
LOAD /opt/st/stm32cubeide_1.13.2/plugins/com.st.stm32cube.ide.mcu.externaltools.gnu-tools-for-stm32.11.3.rel1.linux64_1.1.1.202309131626/tools/bin/../lib/gcc/arm-none-eabi/11.3.1/../../../../arm-none-eabi/lib/thumb/v7e-m+fp/hard/libsupc++_nano.a
END GROUP
LOAD /opt/st/stm32cubeide_1.13.2/plugins/com.st.stm32cube.ide.mcu.externaltools.gnu-tools-for-stm32.11.3.rel1.linux64_1.1.1.202309131626/tools/bin/../lib/gcc/arm-none-eabi/11.3.1/../../../../arm-none-eabi/lib/thumb/v7e-m+fp/hard/libstdc++_nano.a
LOAD /opt/st/stm32cubeide_1.13.2/plugins/com.st.stm32cube.ide.mcu.externaltools.gnu-tools-for-stm32.11.3.rel1.linux64_1.1.1.202309131626/tools/bin/../lib/gcc/arm-none-eabi/11.3.1/../../../../arm-none-eabi/lib/thumb/v7e-m+fp/hard/libm.a
LOAD /opt/st/stm32cubeide_1.13.2/plugins/com.st.stm32cube.ide.mcu.externaltools.gnu-tools-for-stm32.11.3.rel1.linux64_1.1.1.202309131626/tools/bin/../lib/gcc/arm-none-eabi/11.3.1/../../../../arm-none-eabi/lib/thumb/v7e-m+fp/hard/libc_nano.a
START GROUP
LOAD /opt/st/stm32cubeide_1.13.2/plugins/com.st.stm32cube.ide.mcu.externaltools.gnu-tools-for-stm32.11.3.rel1.linux64_1.1.1.202309131626/tools/bin/../lib/gcc/arm-none-eabi/11.3.1/thumb/v7e-m+fp/hard/libgcc.a
LOAD /opt/st/stm32cubeide_1.13.2/plugins/com.st.stm32cube.ide.mcu.externaltools.gnu-tools-for-stm32.11.3.rel1.linux64_1.1.1.202309131626/tools/bin/../lib/gcc/arm-none-eabi/11.3.1/../../../../arm-none-eabi/lib/thumb/v7e-m+fp/hard/libc_nano.a
END GROUP
START GROUP
LOAD /opt/st/stm32cubeide_1.13.2/plugins/com.st.stm32cube.ide.mcu.externaltools.gnu-tools-for-stm32.11.3.rel1.linux64_1.1.1.202309131626/tools/bin/../lib/gcc/arm-none-eabi/11.3.1/thumb/v7e-m+fp/hard/libgcc.a
LOAD /opt/st/stm32cubeide_1.13.2/plugins/com.st.stm32cube.ide.mcu.externaltools.gnu-tools-for-stm32.11.3.rel1.linux64_1.1.1.202309131626/tools/bin/../lib/gcc/arm-none-eabi/11.3.1/../../../../arm-none-eabi/lib/thumb/v7e-m+fp/hard/libc_nano.a
LOAD /opt/st/stm32cubeide_1.13.2/plugins/com.st.stm32cube.ide.mcu.externaltools.gnu-tools-for-stm32.11.3.rel1.linux64_1.1.1.202309131626/tools/bin/../lib/gcc/arm-none-eabi/11.3.1/../../../../arm-none-eabi/lib/thumb/v7e-m+fp/hard/libnosys.a
END GROUP
START GROUP
LOAD /opt/st/stm32cubeide_1.13.2/plugins/com.st.stm32cube.ide.mcu.externaltools.gnu-tools-for-stm32.11.3.rel1.linux64_1.1.1.202309131626/tools/bin/../lib/gcc/arm-none-eabi/11.3.1/thumb/v7e-m+fp/hard/libgcc.a
LOAD /opt/st/stm32cubeide_1.13.2/plugins/com.st.stm32cube.ide.mcu.externaltools.gnu-tools-for-stm32.11.3.rel1.linux64_1.1.1.202309131626/tools/bin/../lib/gcc/arm-none-eabi/11.3.1/../../../../arm-none-eabi/lib/thumb/v7e-m+fp/hard/libc_nano.a
LOAD /opt/st/stm32cubeide_1.13.2/plugins/com.st.stm32cube.ide.mcu.externaltools.gnu-tools-for-stm32.11.3.rel1.linux64_1.1.1.202309131626/tools/bin/../lib/gcc/arm-none-eabi/11.3.1/../../../../arm-none-eabi/lib/thumb/v7e-m+fp/hard/libnosys.a
END GROUP
LOAD /opt/st/stm32cubeide_1.13.2/plugins/com.st.stm32cube.ide.mcu.externaltools.gnu-tools-for-stm32.11.3.rel1.linux64_1.1.1.202309131626/tools/bin/../lib/gcc/arm-none-eabi/11.3.1/thumb/v7e-m+fp/hard/crtend.o
LOAD /opt/st/stm32cubeide_1.13.2/plugins/com.st.stm32cube.ide.mcu.externaltools.gnu-tools-for-stm32.11.3.rel1.linux64_1.1.1.202309131626/tools/bin/../lib/gcc/arm-none-eabi/11.3.1/thumb/v7e-m+fp/hard/crtn.o
                0x0000000020030000                _estack = (ORIGIN (RAM) + LENGTH (RAM))
                0x0000000000000200                _Min_Heap_Size = 0x200
                0x0000000000000400                _Min_Stack_Size = 0x400

.isr_vector     0x0000000008000000      0x1ac
                0x0000000008000000                . = ALIGN (0x4)
 *(.isr_vector)
 .isr_vector    0x0000000008000000      0x1ac ./Core/Startup/startup_stm32f429zitx.o
                0x0000000008000000                g_pfnVectors
                0x00000000080001ac                . = ALIGN (0x4)

.text           0x00000000080001b0     0xaa60
                0x00000000080001b0                . = ALIGN (0x4)
 *(.text)
 .text          0x00000000080001b0       0x40 /opt/st/stm32cubeide_1.13.2/plugins/com.st.stm32cube.ide.mcu.externaltools.gnu-tools-for-stm32.11.3.rel1.linux64_1.1.1.202309131626/tools/bin/../lib/gcc/arm-none-eabi/11.3.1/thumb/v7e-m+fp/hard/crtbegin.o
 .text          0x00000000080001f0       0x10 /opt/st/stm32cubeide_1.13.2/plugins/com.st.stm32cube.ide.mcu.externaltools.gnu-tools-for-stm32.11.3.rel1.linux64_1.1.1.202309131626/tools/bin/../lib/gcc/arm-none-eabi/11.3.1/../../../../arm-none-eabi/lib/thumb/v7e-m+fp/hard/libc_nano.a(libc_a-strlen.o)
                0x00000000080001f0                strlen
 .text          0x0000000008000200       0xa0 /opt/st/stm32cubeide_1.13.2/plugins/com.st.stm32cube.ide.mcu.externaltools.gnu-tools-for-stm32.11.3.rel1.linux64_1.1.1.202309131626/tools/bin/../lib/gcc/arm-none-eabi/11.3.1/../../../../arm-none-eabi/lib/thumb/v7e-m+fp/hard/libc_nano.a(libc_a-memchr.o)
                0x0000000008000200                memchr
 .text          0x00000000080002a0      0x378 /opt/st/stm32cubeide_1.13.2/plugins/com.st.stm32cube.ide.mcu.externaltools.gnu-tools-for-stm32.11.3.rel1.linux64_1.1.1.202309131626/tools/bin/../lib/gcc/arm-none-eabi/11.3.1/thumb/v7e-m+fp/hard/libgcc.a(_arm_addsubdf3.o)
                0x00000000080002a0                __aeabi_drsub
                0x00000000080002a8                __aeabi_dsub
                0x00000000080002a8                __subdf3
                0x00000000080002ac                __adddf3
                0x00000000080002ac                __aeabi_dadd
                0x0000000008000524                __aeabi_ui2d
                0x0000000008000524                __floatunsidf
                0x0000000008000544                __floatsidf
                0x0000000008000544                __aeabi_i2d
                0x0000000008000568                __extendsfdf2
                0x0000000008000568                __aeabi_f2d
                0x00000000080005ac                __aeabi_ul2d
                0x00000000080005ac                __floatundidf
                0x00000000080005bc                __floatdidf
                0x00000000080005bc                __aeabi_l2d
 .text          0x0000000008000618      0x424 /opt/st/stm32cubeide_1.13.2/plugins/com.st.stm32cube.ide.mcu.externaltools.gnu-tools-for-stm32.11.3.rel1.linux64_1.1.1.202309131626/tools/bin/../lib/gcc/arm-none-eabi/11.3.1/thumb/v7e-m+fp/hard/libgcc.a(_arm_muldivdf3.o)
                0x0000000008000618                __aeabi_dmul
                0x0000000008000618                __muldf3
                0x000000000800086c                __aeabi_ddiv
                0x000000000800086c                __divdf3
 .text          0x0000000008000a3c       0x40 /opt/st/stm32cubeide_1.13.2/plugins/com.st.stm32cube.ide.mcu.externaltools.gnu-tools-for-stm32.11.3.rel1.linux64_1.1.1.202309131626/tools/bin/../lib/gcc/arm-none-eabi/11.3.1/thumb/v7e-m+fp/hard/libgcc.a(_arm_fixunsdfsi.o)
                0x0000000008000a3c                __fixunsdfsi
                0x0000000008000a3c                __aeabi_d2uiz
 .text          0x0000000008000a7c       0x30 /opt/st/stm32cubeide_1.13.2/plugins/com.st.stm32cube.ide.mcu.externaltools.gnu-tools-for-stm32.11.3.rel1.linux64_1.1.1.202309131626/tools/bin/../lib/gcc/arm-none-eabi/11.3.1/thumb/v7e-m+fp/hard/libgcc.a(_aeabi_uldivmod.o)
                0x0000000008000a7c                __aeabi_uldivmod
 .text          0x0000000008000aac      0x2c8 /opt/st/stm32cubeide_1.13.2/plugins/com.st.stm32cube.ide.mcu.externaltools.gnu-tools-for-stm32.11.3.rel1.linux64_1.1.1.202309131626/tools/bin/../lib/gcc/arm-none-eabi/11.3.1/thumb/v7e-m+fp/hard/libgcc.a(_udivmoddi4.o)
                0x0000000008000aac                __udivmoddi4
 .text          0x0000000008000d74        0x4 /opt/st/stm32cubeide_1.13.2/plugins/com.st.stm32cube.ide.mcu.externaltools.gnu-tools-for-stm32.11.3.rel1.linux64_1.1.1.202309131626/tools/bin/../lib/gcc/arm-none-eabi/11.3.1/thumb/v7e-m+fp/hard/libgcc.a(_dvmd_tls.o)
                0x0000000008000d74                __aeabi_ldiv0
                0x0000000008000d74                __aeabi_idiv0
 *(.text*)
 .text._ZN6BitmapC2Ev
                0x0000000008000d78      0x460 ./Core/CustomLib/Bitmap.o
                0x0000000008000d78                Bitmap::Bitmap()
                0x0000000008000d78                Bitmap::Bitmap()
 .text._ZN6BitmapD2Ev
                0x00000000080011d8       0x20 ./Core/CustomLib/Bitmap.o
                0x00000000080011d8                Bitmap::~Bitmap()
                0x00000000080011d8                Bitmap::~Bitmap()
 .text._ZN6BitmapD0Ev
                0x00000000080011f8       0x22 ./Core/CustomLib/Bitmap.o
                0x00000000080011f8                Bitmap::~Bitmap()
 .text.ssd1306_Reset
                0x000000000800121a        0xe ./Core/CustomLib/ssd1306.o
                0x000000000800121a                ssd1306_Reset
 .text.ssd1306_WriteCommand
                0x0000000008001228       0x30 ./Core/CustomLib/ssd1306.o
                0x0000000008001228                ssd1306_WriteCommand
 .text.ssd1306_WriteData
                0x0000000008001258       0x34 ./Core/CustomLib/ssd1306.o
                0x0000000008001258                ssd1306_WriteData
 .text.ssd1306_Init
                0x000000000800128c       0xd4 ./Core/CustomLib/ssd1306.o
                0x000000000800128c                ssd1306_Init
 .text.ssd1306_Fill
                0x0000000008001360       0x48 ./Core/CustomLib/ssd1306.o
                0x0000000008001360                ssd1306_Fill
 .text.ssd1306_UpdateScreen
                0x00000000080013a8       0x50 ./Core/CustomLib/ssd1306.o
                0x00000000080013a8                ssd1306_UpdateScreen
 .text.ssd1306_DrawPixel
                0x00000000080013f8       0xa8 ./Core/CustomLib/ssd1306.o
                0x00000000080013f8                ssd1306_DrawPixel
 .text.ssd1306_WriteChar
                0x00000000080014a0      0x110 ./Core/CustomLib/ssd1306.o
                0x00000000080014a0                ssd1306_WriteChar
 .text.ssd1306_WriteString
                0x00000000080015b0       0x4c ./Core/CustomLib/ssd1306.o
                0x00000000080015b0                ssd1306_WriteString
 .text.ssd1306_SetCursor
                0x00000000080015fc       0x30 ./Core/CustomLib/ssd1306.o
                0x00000000080015fc                ssd1306_SetCursor
 .text.ssd1306_Line
                0x000000000800162c       0xd8 ./Core/CustomLib/ssd1306.o
                0x000000000800162c                ssd1306_Line
 .text.ssd1306_DrawBitmap
                0x0000000008001704       0xb6 ./Core/CustomLib/ssd1306.o
                0x0000000008001704                ssd1306_DrawBitmap
 .text.ssd1306_SetContrast
                0x00000000080017ba       0x26 ./Core/CustomLib/ssd1306.o
                0x00000000080017ba                ssd1306_SetContrast
 .text.ssd1306_SetDisplayOn
                0x00000000080017e0       0x3c ./Core/CustomLib/ssd1306.o
                0x00000000080017e0                ssd1306_SetDisplayOn
 .text._ZnwjPv  0x000000000800181c       0x18 ./Core/Src/CalculationEvent.o
                0x000000000800181c                operator new(unsigned int, void*)
 .text._ZSt16__deque_buf_sizej
                0x0000000008001834       0x2a ./Core/Src/CalculationEvent.o
                0x0000000008001834                std::__deque_buf_size(unsigned int)
 .text._ZN5Event11handleEventEv
                0x000000000800185e       0x14 ./Core/Src/CalculationEvent.o
                0x000000000800185e                Event::handleEvent()
 *fill*         0x0000000008001872        0x2 
 .text._ZN5EventD2Ev
                0x0000000008001874       0x20 ./Core/Src/CalculationEvent.o
                0x0000000008001874                Event::~Event()
                0x0000000008001874                Event::~Event()
 .text._ZN5EventD0Ev
                0x0000000008001894       0x20 ./Core/Src/CalculationEvent.o
                0x0000000008001894                Event::~Event()
 .text._ZN5EventC2Ev
                0x00000000080018b4       0x20 ./Core/Src/CalculationEvent.o
                0x00000000080018b4                Event::Event()
                0x00000000080018b4                Event::Event()
 .text._ZN16CalculationEventC2Ev
                0x00000000080018d4       0x24 ./Core/Src/CalculationEvent.o
                0x00000000080018d4                CalculationEvent::CalculationEvent()
                0x00000000080018d4                CalculationEvent::CalculationEvent()
 .text._ZN16CalculationEventD2Ev
                0x00000000080018f8       0x24 ./Core/Src/CalculationEvent.o
                0x00000000080018f8                CalculationEvent::~CalculationEvent()
                0x00000000080018f8                CalculationEvent::~CalculationEvent()
 .text._ZN16CalculationEventD0Ev
                0x000000000800191c       0x20 ./Core/Src/CalculationEvent.o
                0x000000000800191c                CalculationEvent::~CalculationEvent()
 .text._ZN16CalculationEvent11handleEventEv
                0x000000000800193c       0x70 ./Core/Src/CalculationEvent.o
                0x000000000800193c                CalculationEvent::handleEvent()
 .text._ZNSt5queueIP5EventSt5dequeIS1_SaIS1_EEE4pushEOS1_
                0x00000000080019ac       0x24 ./Core/Src/CalculationEvent.o
                0x00000000080019ac                std::queue<Event*, std::deque<Event*, std::allocator<Event*> > >::push(Event*&&)
 .text._ZSt4moveIRP5EventEONSt16remove_referenceIT_E4typeEOS4_
                0x00000000080019d0       0x16 ./Core/Src/CalculationEvent.o
                0x00000000080019d0                std::remove_reference<Event*&>::type&& std::move<Event*&>(Event*&)
 .text._ZNSt5dequeIP5EventSaIS1_EE9push_backEOS1_
                0x00000000080019e6       0x22 ./Core/Src/CalculationEvent.o
                0x00000000080019e6                std::deque<Event*, std::allocator<Event*> >::push_back(Event*&&)
 .text._ZNSt5dequeIP5EventSaIS1_EE12emplace_backIJS1_EEEvDpOT_
                0x0000000008001a08       0x54 ./Core/Src/CalculationEvent.o
                0x0000000008001a08                void std::deque<Event*, std::allocator<Event*> >::emplace_back<Event*>(Event*&&)
 .text._ZSt7forwardIP5EventEOT_RNSt16remove_referenceIS2_E4typeE
                0x0000000008001a5c       0x16 ./Core/Src/CalculationEvent.o
                0x0000000008001a5c                Event*&& std::forward<Event*>(std::remove_reference<Event*>::type&)
 .text._ZNSt16allocator_traitsISaIP5EventEE9constructIS1_JS1_EEEvRS2_PT_DpOT0_
                0x0000000008001a72       0x26 ./Core/Src/CalculationEvent.o
                0x0000000008001a72                void std::allocator_traits<std::allocator<Event*> >::construct<Event*, Event*>(std::allocator<Event*>&, Event**, Event*&&)
 .text._ZNSt5dequeIP5EventSaIS1_EE16_M_push_back_auxIJS1_EEEvDpOT_
                0x0000000008001a98       0x88 ./Core/Src/CalculationEvent.o
                0x0000000008001a98                void std::deque<Event*, std::allocator<Event*> >::_M_push_back_aux<Event*>(Event*&&)
 .text._ZN9__gnu_cxx13new_allocatorIP5EventE9constructIS2_JS2_EEEvPT_DpOT0_
                0x0000000008001b20       0x2c ./Core/Src/CalculationEvent.o
                0x0000000008001b20                void __gnu_cxx::new_allocator<Event*>::construct<Event*, Event*>(Event**, Event*&&)
 .text._ZNKSt5dequeIP5EventSaIS1_EE4sizeEv
                0x0000000008001b4c       0x24 ./Core/Src/CalculationEvent.o
                0x0000000008001b4c                std::deque<Event*, std::allocator<Event*> >::size() const
 .text._ZNKSt5dequeIP5EventSaIS1_EE8max_sizeEv
                0x0000000008001b70       0x22 ./Core/Src/CalculationEvent.o
                0x0000000008001b70                std::deque<Event*, std::allocator<Event*> >::max_size() const
 .text._ZNSt5dequeIP5EventSaIS1_EE22_M_reserve_map_at_backEj
                0x0000000008001b92       0x36 ./Core/Src/CalculationEvent.o
                0x0000000008001b92                std::deque<Event*, std::allocator<Event*> >::_M_reserve_map_at_back(unsigned int)
 .text._ZNSt11_Deque_baseIP5EventSaIS1_EE16_M_allocate_nodeEv
                0x0000000008001bc8       0x24 ./Core/Src/CalculationEvent.o
                0x0000000008001bc8                std::_Deque_base<Event*, std::allocator<Event*> >::_M_allocate_node()
 .text._ZNSt15_Deque_iteratorIP5EventRS1_PS1_E11_M_set_nodeEPS3_
                0x0000000008001bec       0x32 ./Core/Src/CalculationEvent.o
                0x0000000008001bec                std::_Deque_iterator<Event*, Event*&, Event**>::_M_set_node(Event***)
 .text._ZStmiRKSt15_Deque_iteratorIP5EventRS1_PS1_ES6_
                0x0000000008001c1e       0x58 ./Core/Src/CalculationEvent.o
                0x0000000008001c1e                std::operator-(std::_Deque_iterator<Event*, Event*&, Event**> const&, std::_Deque_iterator<Event*, Event*&, Event**> const&)
 .text._ZNSt5dequeIP5EventSaIS1_EE11_S_max_sizeERKS2_
                0x0000000008001c76       0x34 ./Core/Src/CalculationEvent.o
                0x0000000008001c76                std::deque<Event*, std::allocator<Event*> >::_S_max_size(std::allocator<Event*> const&)
 .text._ZNKSt11_Deque_baseIP5EventSaIS1_EE19_M_get_Tp_allocatorEv
                0x0000000008001caa       0x16 ./Core/Src/CalculationEvent.o
                0x0000000008001caa                std::_Deque_base<Event*, std::allocator<Event*> >::_M_get_Tp_allocator() const
 .text._ZNSt5dequeIP5EventSaIS1_EE17_M_reallocate_mapEjb
                0x0000000008001cc0      0x134 ./Core/Src/CalculationEvent.o
                0x0000000008001cc0                std::deque<Event*, std::allocator<Event*> >::_M_reallocate_map(unsigned int, bool)
 .text._ZNSt16allocator_traitsISaIP5EventEE8allocateERS2_j
                0x0000000008001df4       0x1e ./Core/Src/CalculationEvent.o
                0x0000000008001df4                std::allocator_traits<std::allocator<Event*> >::allocate(std::allocator<Event*>&, unsigned int)
 .text._ZNSt15_Deque_iteratorIP5EventRS1_PS1_E14_S_buffer_sizeEv
                0x0000000008001e12       0x10 ./Core/Src/CalculationEvent.o
                0x0000000008001e12                std::_Deque_iterator<Event*, Event*&, Event**>::_S_buffer_size()
 .text._ZNSt16allocator_traitsISaIP5EventEE8max_sizeERKS2_
                0x0000000008001e22       0x18 ./Core/Src/CalculationEvent.o
                0x0000000008001e22                std::allocator_traits<std::allocator<Event*> >::max_size(std::allocator<Event*> const&)
 .text._ZSt3minIjERKT_S2_S2_
                0x0000000008001e3a       0x28 ./Core/Src/CalculationEvent.o
                0x0000000008001e3a                unsigned int const& std::min<unsigned int>(unsigned int const&, unsigned int const&)
 .text._ZSt4copyIPPP5EventS3_ET0_T_S5_S4_
                0x0000000008001e62       0x30 ./Core/Src/CalculationEvent.o
                0x0000000008001e62                Event*** std::copy<Event***, Event***>(Event***, Event***, Event***)
 .text._ZSt13copy_backwardIPPP5EventS3_ET0_T_S5_S4_
                0x0000000008001e92       0x30 ./Core/Src/CalculationEvent.o
                0x0000000008001e92                Event*** std::copy_backward<Event***, Event***>(Event***, Event***, Event***)
 .text._ZSt3maxIjERKT_S2_S2_
                0x0000000008001ec2       0x28 ./Core/Src/CalculationEvent.o
                0x0000000008001ec2                unsigned int const& std::max<unsigned int>(unsigned int const&, unsigned int const&)
 .text._ZNSt11_Deque_baseIP5EventSaIS1_EE15_M_allocate_mapEj
                0x0000000008001eea       0x3a ./Core/Src/CalculationEvent.o
                0x0000000008001eea                std::_Deque_base<Event*, std::allocator<Event*> >::_M_allocate_map(unsigned int)
 .text._ZNSt11_Deque_baseIP5EventSaIS1_EE17_M_deallocate_mapEPPS1_j
                0x0000000008001f24       0x36 ./Core/Src/CalculationEvent.o
                0x0000000008001f24                std::_Deque_base<Event*, std::allocator<Event*> >::_M_deallocate_map(Event***, unsigned int)
 .text._ZNK9__gnu_cxx13new_allocatorIP5EventE11_M_max_sizeEv
                0x0000000008001f5a       0x18 ./Core/Src/CalculationEvent.o
                0x0000000008001f5a                __gnu_cxx::new_allocator<Event*>::_M_max_size() const
 .text._ZN9__gnu_cxx13new_allocatorIP5EventE8allocateEjPKv
                0x0000000008001f72       0x52 ./Core/Src/CalculationEvent.o
                0x0000000008001f72                __gnu_cxx::new_allocator<Event*>::allocate(unsigned int, void const*)
 .text._ZNK9__gnu_cxx13new_allocatorIP5EventE8max_sizeEv
                0x0000000008001fc4       0x18 ./Core/Src/CalculationEvent.o
                0x0000000008001fc4                __gnu_cxx::new_allocator<Event*>::max_size() const
 .text._ZSt12__miter_baseIPPP5EventET_S4_
                0x0000000008001fdc       0x16 ./Core/Src/CalculationEvent.o
                0x0000000008001fdc                Event*** std::__miter_base<Event***>(Event***)
 .text._ZSt13__copy_move_aILb0EPPP5EventS3_ET1_T0_S5_S4_
                0x0000000008001ff2       0x46 ./Core/Src/CalculationEvent.o
                0x0000000008001ff2                Event*** std::__copy_move_a<false, Event***, Event***>(Event***, Event***, Event***)
 .text._ZSt22__copy_move_backward_aILb0EPPP5EventS3_ET1_T0_S5_S4_
                0x0000000008002038       0x46 ./Core/Src/CalculationEvent.o
                0x0000000008002038                Event*** std::__copy_move_backward_a<false, Event***, Event***>(Event***, Event***, Event***)
 .text._ZNKSt11_Deque_baseIP5EventSaIS1_EE20_M_get_map_allocatorEv
                0x000000000800207e       0x22 ./Core/Src/CalculationEvent.o
                0x000000000800207e                std::_Deque_base<Event*, std::allocator<Event*> >::_M_get_map_allocator() const
 .text._ZNSaIPP5EventED2Ev
                0x00000000080020a0       0x18 ./Core/Src/CalculationEvent.o
                0x00000000080020a0                std::allocator<Event**>::~allocator()
                0x00000000080020a0                std::allocator<Event**>::~allocator()
 .text._ZNSt16allocator_traitsISaIPP5EventEE8allocateERS3_j
                0x00000000080020b8       0x1e ./Core/Src/CalculationEvent.o
                0x00000000080020b8                std::allocator_traits<std::allocator<Event**> >::allocate(std::allocator<Event**>&, unsigned int)
 .text._ZNSt16allocator_traitsISaIPP5EventEE10deallocateERS3_PS2_j
                0x00000000080020d6       0x1e ./Core/Src/CalculationEvent.o
                0x00000000080020d6                std::allocator_traits<std::allocator<Event**> >::deallocate(std::allocator<Event**>&, Event***, unsigned int)
 .text._ZSt12__niter_baseIPPP5EventET_S4_
                0x00000000080020f4       0x16 ./Core/Src/CalculationEvent.o
                0x00000000080020f4                Event*** std::__niter_base<Event***>(Event***)
 .text._ZSt14__copy_move_a1ILb0EPPP5EventS3_ET1_T0_S5_S4_
                0x000000000800210a       0x20 ./Core/Src/CalculationEvent.o
                0x000000000800210a                Event*** std::__copy_move_a1<false, Event***, Event***>(Event***, Event***, Event***)
 .text._ZSt12__niter_wrapIPPP5EventET_RKS4_S4_
                0x000000000800212a       0x18 ./Core/Src/CalculationEvent.o
                0x000000000800212a                Event*** std::__niter_wrap<Event***>(Event*** const&, Event***)
 .text._ZSt23__copy_move_backward_a1ILb0EPPP5EventS3_ET1_T0_S5_S4_
                0x0000000008002142       0x20 ./Core/Src/CalculationEvent.o
                0x0000000008002142                Event*** std::__copy_move_backward_a1<false, Event***, Event***>(Event***, Event***, Event***)
 .text._ZNSaIPP5EventEC2IS0_EERKSaIT_E
                0x0000000008002162       0x1a ./Core/Src/CalculationEvent.o
                0x0000000008002162                std::allocator<Event**>::allocator<Event*>(std::allocator<Event*> const&)
                0x0000000008002162                std::allocator<Event**>::allocator<Event*>(std::allocator<Event*> const&)
 .text._ZN9__gnu_cxx13new_allocatorIPP5EventED2Ev
                0x000000000800217c       0x16 ./Core/Src/CalculationEvent.o
                0x000000000800217c                __gnu_cxx::new_allocator<Event**>::~new_allocator()
                0x000000000800217c                __gnu_cxx::new_allocator<Event**>::~new_allocator()
 .text._ZNK9__gnu_cxx13new_allocatorIPP5EventE11_M_max_sizeEv
                0x0000000008002192       0x18 ./Core/Src/CalculationEvent.o
                0x0000000008002192                __gnu_cxx::new_allocator<Event**>::_M_max_size() const
 .text._ZN9__gnu_cxx13new_allocatorIPP5EventE8allocateEjPKv
                0x00000000080021aa       0x52 ./Core/Src/CalculationEvent.o
                0x00000000080021aa                __gnu_cxx::new_allocator<Event**>::allocate(unsigned int, void const*)
 .text._ZN9__gnu_cxx13new_allocatorIPP5EventE10deallocateEPS3_j
                0x00000000080021fc       0x20 ./Core/Src/CalculationEvent.o
                0x00000000080021fc                __gnu_cxx::new_allocator<Event**>::deallocate(Event***, unsigned int)
 .text._ZSt14__copy_move_a2ILb0EPPP5EventS3_ET1_T0_S5_S4_
                0x000000000800221c       0x20 ./Core/Src/CalculationEvent.o
                0x000000000800221c                Event*** std::__copy_move_a2<false, Event***, Event***>(Event***, Event***, Event***)
 .text._ZSt23__copy_move_backward_a2ILb0EPPP5EventS3_ET1_T0_S5_S4_
                0x000000000800223c       0x20 ./Core/Src/CalculationEvent.o
                0x000000000800223c                Event*** std::__copy_move_backward_a2<false, Event***, Event***>(Event***, Event***, Event***)
 .text._ZN9__gnu_cxx13new_allocatorIPP5EventEC2Ev
                0x000000000800225c       0x16 ./Core/Src/CalculationEvent.o
                0x000000000800225c                __gnu_cxx::new_allocator<Event**>::new_allocator()
                0x000000000800225c                __gnu_cxx::new_allocator<Event**>::new_allocator()
 .text._ZNSt11__copy_moveILb0ELb1ESt26random_access_iterator_tagE8__copy_mIPP5EventEEPT_PKS6_S9_S7_
                0x0000000008002272       0x3a ./Core/Src/CalculationEvent.o
                0x0000000008002272                Event*** std::__copy_move<false, true, std::random_access_iterator_tag>::__copy_m<Event**>(Event** const*, Event** const*, Event***)
 .text._ZNSt20__copy_move_backwardILb0ELb1ESt26random_access_iterator_tagE13__copy_move_bIPP5EventEEPT_PKS6_S9_S7_
                0x00000000080022ac       0x44 ./Core/Src/CalculationEvent.o
                0x00000000080022ac                Event*** std::__copy_move_backward<false, true, std::random_access_iterator_tag>::__copy_move_b<Event**>(Event** const*, Event** const*, Event***)
 .text._ZN11waitingTaskC2EPbt
                0x00000000080022f0       0x38 ./Core/Src/CancelEvent.o
                0x00000000080022f0                waitingTask::waitingTask(bool*, unsigned short)
                0x00000000080022f0                waitingTask::waitingTask(bool*, unsigned short)
 .text._ZN11waitingTaskD2Ev
                0x0000000008002328       0x24 ./Core/Src/CancelEvent.o
                0x0000000008002328                waitingTask::~waitingTask()
                0x0000000008002328                waitingTask::~waitingTask()
 .text._ZN11waitingTaskD0Ev
                0x000000000800234c       0x20 ./Core/Src/CancelEvent.o
                0x000000000800234c                waitingTask::~waitingTask()
 .text._ZN11waitingTask11handleEventEv
                0x000000000800236c       0x3a ./Core/Src/CancelEvent.o
                0x000000000800236c                waitingTask::handleEvent()
 *fill*         0x00000000080023a6        0x2 
 .text._ZN11CancelEventC2Ev
                0x00000000080023a8       0x24 ./Core/Src/CancelEvent.o
                0x00000000080023a8                CancelEvent::CancelEvent()
                0x00000000080023a8                CancelEvent::CancelEvent()
 .text._ZN11CancelEventD2Ev
                0x00000000080023cc       0x24 ./Core/Src/CancelEvent.o
                0x00000000080023cc                CancelEvent::~CancelEvent()
                0x00000000080023cc                CancelEvent::~CancelEvent()
 .text._ZN11CancelEventD0Ev
                0x00000000080023f0       0x20 ./Core/Src/CancelEvent.o
                0x00000000080023f0                CancelEvent::~CancelEvent()
 .text._ZN11CancelEvent11handleEventEv
                0x0000000008002410      0x264 ./Core/Src/CancelEvent.o
                0x0000000008002410                CancelEvent::handleEvent()
 .text._ZN12DisplayEventC2EP17LCD_HandleTypeDefPchhb
                0x0000000008002674       0x48 ./Core/Src/DisplayEvent.o
                0x0000000008002674                DisplayEvent::DisplayEvent(LCD_HandleTypeDef*, char*, unsigned char, unsigned char, bool)
                0x0000000008002674                DisplayEvent::DisplayEvent(LCD_HandleTypeDef*, char*, unsigned char, unsigned char, bool)
 .text._ZN12DisplayEventD2Ev
                0x00000000080026bc       0x24 ./Core/Src/DisplayEvent.o
                0x00000000080026bc                DisplayEvent::~DisplayEvent()
                0x00000000080026bc                DisplayEvent::~DisplayEvent()
 .text._ZN12DisplayEventD0Ev
                0x00000000080026e0       0x20 ./Core/Src/DisplayEvent.o
                0x00000000080026e0                DisplayEvent::~DisplayEvent()
 .text._ZN12DisplayEvent11handleEventEv
                0x0000000008002700       0x56 ./Core/Src/DisplayEvent.o
                0x0000000008002700                DisplayEvent::handleEvent()
 *fill*         0x0000000008002756        0x2 
 .text._ZN27FinalCalculationResultEventC2Ev
                0x0000000008002758       0x24 ./Core/Src/FinalCalculationResultEvent.o
                0x0000000008002758                FinalCalculationResultEvent::FinalCalculationResultEvent()
                0x0000000008002758                FinalCalculationResultEvent::FinalCalculationResultEvent()
 .text._ZN27FinalCalculationResultEventD2Ev
                0x000000000800277c       0x24 ./Core/Src/FinalCalculationResultEvent.o
                0x000000000800277c                FinalCalculationResultEvent::~FinalCalculationResultEvent()
                0x000000000800277c                FinalCalculationResultEvent::~FinalCalculationResultEvent()
 .text._ZN27FinalCalculationResultEventD0Ev
                0x00000000080027a0       0x20 ./Core/Src/FinalCalculationResultEvent.o
                0x00000000080027a0                FinalCalculationResultEvent::~FinalCalculationResultEvent()
 .text._ZN27FinalCalculationResultEvent11handleEventEv
                0x00000000080027c0      0x16c ./Core/Src/FinalCalculationResultEvent.o
                0x00000000080027c0                FinalCalculationResultEvent::handleEvent()
 .text._ZN8LedEventC2EP12GPIO_TypeDefth
                0x000000000800292c       0x44 ./Core/Src/LedEvents.o
                0x000000000800292c                LedEvent::LedEvent(GPIO_TypeDef*, unsigned short, unsigned char)
                0x000000000800292c                LedEvent::LedEvent(GPIO_TypeDef*, unsigned short, unsigned char)
 .text._ZN8LedEventD2Ev
                0x0000000008002970       0x24 ./Core/Src/LedEvents.o
                0x0000000008002970                LedEvent::~LedEvent()
                0x0000000008002970                LedEvent::~LedEvent()
 .text._ZN8LedEventD0Ev
                0x0000000008002994       0x20 ./Core/Src/LedEvents.o
                0x0000000008002994                LedEvent::~LedEvent()
 .text._ZN8LedEvent11handleEventEv
                0x00000000080029b4       0x42 ./Core/Src/LedEvents.o
                0x00000000080029b4                LedEvent::handleEvent()
 *fill*         0x00000000080029f6        0x2 
 .text._ZN13LedEventBlinkC2EhP17TIM_HandleTypeDef
                0x00000000080029f8       0x38 ./Core/Src/LedEvents.o
                0x00000000080029f8                LedEventBlink::LedEventBlink(unsigned char, TIM_HandleTypeDef*)
                0x00000000080029f8                LedEventBlink::LedEventBlink(unsigned char, TIM_HandleTypeDef*)
 .text._ZN13LedEventBlinkD2Ev
                0x0000000008002a30       0x24 ./Core/Src/LedEvents.o
                0x0000000008002a30                LedEventBlink::~LedEventBlink()
                0x0000000008002a30                LedEventBlink::~LedEventBlink()
 .text._ZN13LedEventBlinkD0Ev
                0x0000000008002a54       0x20 ./Core/Src/LedEvents.o
                0x0000000008002a54                LedEventBlink::~LedEventBlink()
 .text._ZN13LedEventBlink11handleEventEv
                0x0000000008002a74       0x44 ./Core/Src/LedEvents.o
                0x0000000008002a74                LedEventBlink::handleEvent()
 .text._ZN14TestEventGreenC2Eh
                0x0000000008002ab8       0x30 ./Core/Src/LedEvents.o
                0x0000000008002ab8                TestEventGreen::TestEventGreen(unsigned char)
                0x0000000008002ab8                TestEventGreen::TestEventGreen(unsigned char)
 .text._ZN14TestEventGreenD2Ev
                0x0000000008002ae8       0x24 ./Core/Src/LedEvents.o
                0x0000000008002ae8                TestEventGreen::~TestEventGreen()
                0x0000000008002ae8                TestEventGreen::~TestEventGreen()
 .text._ZN14TestEventGreenD0Ev
                0x0000000008002b0c       0x20 ./Core/Src/LedEvents.o
                0x0000000008002b0c                TestEventGreen::~TestEventGreen()
 .text._ZN13TestEventBlueC2Eh
                0x0000000008002b2c       0x30 ./Core/Src/LedEvents.o
                0x0000000008002b2c                TestEventBlue::TestEventBlue(unsigned char)
                0x0000000008002b2c                TestEventBlue::TestEventBlue(unsigned char)
 .text._ZN13TestEventBlueD2Ev
                0x0000000008002b5c       0x24 ./Core/Src/LedEvents.o
                0x0000000008002b5c                TestEventBlue::~TestEventBlue()
                0x0000000008002b5c                TestEventBlue::~TestEventBlue()
 .text._ZN13TestEventBlueD0Ev
                0x0000000008002b80       0x20 ./Core/Src/LedEvents.o
                0x0000000008002b80                TestEventBlue::~TestEventBlue()
 .text._ZN12TestEventRedC2Eh
                0x0000000008002ba0       0x34 ./Core/Src/LedEvents.o
                0x0000000008002ba0                TestEventRed::TestEventRed(unsigned char)
                0x0000000008002ba0                TestEventRed::TestEventRed(unsigned char)
 .text._ZN12TestEventRedD2Ev
                0x0000000008002bd4       0x24 ./Core/Src/LedEvents.o
                0x0000000008002bd4                TestEventRed::~TestEventRed()
                0x0000000008002bd4                TestEventRed::~TestEventRed()
 .text._ZN12TestEventRedD0Ev
                0x0000000008002bf8       0x20 ./Core/Src/LedEvents.o
                0x0000000008002bf8                TestEventRed::~TestEventRed()
 .text._ZN19TestEventGreenBlinkC2EhP17TIM_HandleTypeDef
                0x0000000008002c18       0x30 ./Core/Src/LedEvents.o
                0x0000000008002c18                TestEventGreenBlink::TestEventGreenBlink(unsigned char, TIM_HandleTypeDef*)
                0x0000000008002c18                TestEventGreenBlink::TestEventGreenBlink(unsigned char, TIM_HandleTypeDef*)
 .text._ZN19TestEventGreenBlinkD2Ev
                0x0000000008002c48       0x24 ./Core/Src/LedEvents.o
                0x0000000008002c48                TestEventGreenBlink::~TestEventGreenBlink()
                0x0000000008002c48                TestEventGreenBlink::~TestEventGreenBlink()
 .text._ZN19TestEventGreenBlinkD0Ev
                0x0000000008002c6c       0x20 ./Core/Src/LedEvents.o
                0x0000000008002c6c                TestEventGreenBlink::~TestEventGreenBlink()
 .text._ZN17OLED_DisplayEventC2EPcS0_S0_S0_S0_S0_S0_7DISP_OP
                0x0000000008002c8c       0x68 ./Core/Src/OLED_DisplayEvent.o
                0x0000000008002c8c                OLED_DisplayEvent::OLED_DisplayEvent(char*, char*, char*, char*, char*, char*, char*, DISP_OP)
                0x0000000008002c8c                OLED_DisplayEvent::OLED_DisplayEvent(char*, char*, char*, char*, char*, char*, char*, DISP_OP)
 .text._ZN17OLED_DisplayEventC2EPcS0_S0_S0_7DISP_OP
                0x0000000008002cf4       0x54 ./Core/Src/OLED_DisplayEvent.o
                0x0000000008002cf4                OLED_DisplayEvent::OLED_DisplayEvent(char*, char*, char*, char*, DISP_OP)
                0x0000000008002cf4                OLED_DisplayEvent::OLED_DisplayEvent(char*, char*, char*, char*, DISP_OP)
 .text._ZN17OLED_DisplayEventD2Ev
                0x0000000008002d48       0x30 ./Core/Src/OLED_DisplayEvent.o
                0x0000000008002d48                OLED_DisplayEvent::~OLED_DisplayEvent()
                0x0000000008002d48                OLED_DisplayEvent::~OLED_DisplayEvent()
 .text._ZN17OLED_DisplayEventD0Ev
                0x0000000008002d78       0x22 ./Core/Src/OLED_DisplayEvent.o
                0x0000000008002d78                OLED_DisplayEvent::~OLED_DisplayEvent()
 .text._ZN17OLED_DisplayEvent11DisplayInitEv
                0x0000000008002d9a       0x1e ./Core/Src/OLED_DisplayEvent.o
                0x0000000008002d9a                OLED_DisplayEvent::DisplayInit()
 .text._ZN17OLED_DisplayEvent17OLED_DisplayWriteEv
                0x0000000008002db8       0x28 ./Core/Src/OLED_DisplayEvent.o
                0x0000000008002db8                OLED_DisplayEvent::OLED_DisplayWrite()
 .text._ZN17OLED_DisplayEvent26OLED_DisplayMultiwrite_BigEv
                0x0000000008002de0       0x68 ./Core/Src/OLED_DisplayEvent.o
                0x0000000008002de0                OLED_DisplayEvent::OLED_DisplayMultiwrite_Big()
 .text._ZN17OLED_DisplayEvent28OLED_DisplayMultiwrite_SmallEv
                0x0000000008002e48       0xac ./Core/Src/OLED_DisplayEvent.o
                0x0000000008002e48                OLED_DisplayEvent::OLED_DisplayMultiwrite_Small()
 .text._ZN17OLED_DisplayEvent25OLED_DisplayWaitAnimationEv
                0x0000000008002ef4       0x5a ./Core/Src/OLED_DisplayEvent.o
                0x0000000008002ef4                OLED_DisplayEvent::OLED_DisplayWaitAnimation()
 *fill*         0x0000000008002f4e        0x2 
 .text._ZN17OLED_DisplayEvent17OLED_DisplayMenueEv
                0x0000000008002f50       0xdc ./Core/Src/OLED_DisplayEvent.o
                0x0000000008002f50                OLED_DisplayEvent::OLED_DisplayMenue()
 .text._ZN17OLED_DisplayEvent25OLED_DisplayNavigateMenueE7DISP_OP
                0x000000000800302c       0x7c ./Core/Src/OLED_DisplayEvent.o
                0x000000000800302c                OLED_DisplayEvent::OLED_DisplayNavigateMenue(DISP_OP)
 .text._ZN17OLED_DisplayEvent11handleEventEv
                0x00000000080030a8       0xcc ./Core/Src/OLED_DisplayEvent.o
                0x00000000080030a8                OLED_DisplayEvent::handleEvent()
 .text._ZN8SetUpLcdC2Ev
                0x0000000008003174       0x2c ./Core/Src/SetUpLcd.o
                0x0000000008003174                SetUpLcd::SetUpLcd()
                0x0000000008003174                SetUpLcd::SetUpLcd()
 .text._ZN8SetUpLcdD2Ev
                0x00000000080031a0       0x24 ./Core/Src/SetUpLcd.o
                0x00000000080031a0                SetUpLcd::~SetUpLcd()
                0x00000000080031a0                SetUpLcd::~SetUpLcd()
 .text._ZN8SetUpLcdD0Ev
                0x00000000080031c4       0x20 ./Core/Src/SetUpLcd.o
                0x00000000080031c4                SetUpLcd::~SetUpLcd()
 .text._ZN8SetUpLcd11handleEventEv
                0x00000000080031e4      0x100 ./Core/Src/SetUpLcd.o
                0x00000000080031e4                SetUpLcd::handleEvent()
 .text._ZN10StartEventC2Ev
                0x00000000080032e4       0x24 ./Core/Src/StartEvent.o
                0x00000000080032e4                StartEvent::StartEvent()
                0x00000000080032e4                StartEvent::StartEvent()
 .text._ZN10StartEventD2Ev
                0x0000000008003308       0x24 ./Core/Src/StartEvent.o
                0x0000000008003308                StartEvent::~StartEvent()
                0x0000000008003308                StartEvent::~StartEvent()
 .text._ZN10StartEventD0Ev
                0x000000000800332c       0x20 ./Core/Src/StartEvent.o
                0x000000000800332c                StartEvent::~StartEvent()
 .text._ZN10StartEvent11handleEventEv
                0x000000000800334c      0x110 ./Core/Src/StartEvent.o
                0x000000000800334c                StartEvent::handleEvent()
 .text._ZN17StartMeasureEventC2Ev
                0x000000000800345c       0x24 ./Core/Src/StartMeasureEvent.o
                0x000000000800345c                StartMeasureEvent::StartMeasureEvent()
                0x000000000800345c                StartMeasureEvent::StartMeasureEvent()
 .text._ZN17StartMeasureEventD2Ev
                0x0000000008003480       0x24 ./Core/Src/StartMeasureEvent.o
                0x0000000008003480                StartMeasureEvent::~StartMeasureEvent()
                0x0000000008003480                StartMeasureEvent::~StartMeasureEvent()
 .text._ZN17StartMeasureEventD0Ev
                0x00000000080034a4       0x20 ./Core/Src/StartMeasureEvent.o
                0x00000000080034a4                StartMeasureEvent::~StartMeasureEvent()
 .text._ZN17StartMeasureEvent11handleEventEv
                0x00000000080034c4       0x44 ./Core/Src/StartMeasureEvent.o
                0x00000000080034c4                StartMeasureEvent::handleEvent()
 .text.HAL_ADC_ConvCpltCallback
                0x0000000008003508       0xb0 ./Core/Src/StartMeasureEvent.o
                0x0000000008003508                HAL_ADC_ConvCpltCallback
 .text._Z17_LCD_SendInternalP17LCD_HandleTypeDefhh
                0x00000000080035b8       0xdc ./Core/Src/lcd.o
                0x00000000080035b8                _LCD_SendInternal(LCD_HandleTypeDef*, unsigned char, unsigned char)
 .text._Z16_LCD_SendCommandP17LCD_HandleTypeDefh
                0x0000000008003694       0x22 ./Core/Src/lcd.o
                0x0000000008003694                _LCD_SendCommand(LCD_HandleTypeDef*, unsigned char)
 .text._Z13_LCD_SendDataP17LCD_HandleTypeDefh
                0x00000000080036b6       0x22 ./Core/Src/lcd.o
                0x00000000080036b6                _LCD_SendData(LCD_HandleTypeDef*, unsigned char)
 .text._Z9LCD_PrintP17LCD_HandleTypeDefPKc
                0x00000000080036d8       0x3e ./Core/Src/lcd.o
                0x00000000080036d8                LCD_Print(LCD_HandleTypeDef*, char const*)
 .text._Z9LCD_BeginP17LCD_HandleTypeDef
                0x0000000008003716       0x66 ./Core/Src/lcd.o
                0x0000000008003716                LCD_Begin(LCD_HandleTypeDef*)
 .text._Z13LCD_SetCursorP17LCD_HandleTypeDefhh
                0x000000000800377c       0x4c ./Core/Src/lcd.o
                0x000000000800377c                LCD_SetCursor(LCD_HandleTypeDef*, unsigned char, unsigned char)
 .text._Z10LCD_PrintfP17LCD_HandleTypeDefPKcz
                0x00000000080037c8       0x3a ./Core/Src/lcd.o
                0x00000000080037c8                LCD_Printf(LCD_HandleTypeDef*, char const*, ...)
 .text._Z9LCD_ClearP17LCD_HandleTypeDef
                0x0000000008003802       0x1a ./Core/Src/lcd.o
                0x0000000008003802                LCD_Clear(LCD_HandleTypeDef*)
 .text.HAL_TIM_PeriodElapsedCallback
                0x000000000800381c       0x6c ./Core/Src/main.o
                0x000000000800381c                HAL_TIM_PeriodElapsedCallback
 .text.HAL_GPIO_EXTI_Callback
                0x0000000008003888      0x2a8 ./Core/Src/main.o
                0x0000000008003888                HAL_GPIO_EXTI_Callback
 .text.main     0x0000000008003b30       0x9c ./Core/Src/main.o
                0x0000000008003b30                main
 .text._Z18SystemClock_Configv
                0x0000000008003bcc       0xe8 ./Core/Src/main.o
                0x0000000008003bcc                SystemClock_Config()
 .text._ZL12MX_ADC1_Initv
                0x0000000008003cb4       0xb8 ./Core/Src/main.o
 .text._ZL11MX_ETH_Initv
                0x0000000008003d6c       0xa4 ./Core/Src/main.o
 .text._ZL12MX_I2C1_Initv
                0x0000000008003e10       0xa0 ./Core/Src/main.o
 .text._ZL12MX_I2C2_Initv
                0x0000000008003eb0       0xa0 ./Core/Src/main.o
 .text._ZL12MX_TIM4_Initv
                0x0000000008003f50       0xbc ./Core/Src/main.o
 .text._ZL12MX_TIM6_Initv
                0x000000000800400c       0x80 ./Core/Src/main.o
 .text._ZL12MX_TIM7_Initv
                0x000000000800408c       0x80 ./Core/Src/main.o
 .text._ZL19MX_USART3_UART_Initv
                0x000000000800410c       0x5c ./Core/Src/main.o
 .text._ZL22MX_USB_OTG_FS_PCD_Initv
                0x0000000008004168       0x64 ./Core/Src/main.o
 .text._ZL11MX_DMA_Initv
                0x00000000080041cc       0x40 ./Core/Src/main.o
 .text._ZL12MX_GPIO_Initv
                0x000000000800420c      0x188 ./Core/Src/main.o
 .text.Error_Handler
                0x0000000008004394        0xa ./Core/Src/main.o
                0x0000000008004394                Error_Handler
 .text._ZNSt5dequeIP5EventSaIS1_EEC2Ev
                0x000000000800439e       0x1a ./Core/Src/main.o
                0x000000000800439e                std::deque<Event*, std::allocator<Event*> >::deque()
                0x000000000800439e                std::deque<Event*, std::allocator<Event*> >::deque()
 .text._ZNSt5queueIP5EventSt5dequeIS1_SaIS1_EEEC2IS4_vEEv
                0x00000000080043b8       0x28 ./Core/Src/main.o
                0x00000000080043b8                std::queue<Event*, std::deque<Event*, std::allocator<Event*> > >::queue<std::deque<Event*, std::allocator<Event*> >, void>()
                0x00000000080043b8                std::queue<Event*, std::deque<Event*, std::allocator<Event*> > >::queue<std::deque<Event*, std::allocator<Event*> >, void>()
 .text._ZNKSt5queueIP5EventSt5dequeIS1_SaIS1_EEE5emptyEv
                0x00000000080043e0       0x1a ./Core/Src/main.o
                0x00000000080043e0                std::queue<Event*, std::deque<Event*, std::allocator<Event*> > >::empty() const
 .text._ZNSt5queueIP5EventSt5dequeIS1_SaIS1_EEE3popEv
                0x00000000080043fa       0x18 ./Core/Src/main.o
                0x00000000080043fa                std::queue<Event*, std::deque<Event*, std::allocator<Event*> > >::pop()
 .text._ZNSt5queueIP5EventSt5dequeIS1_SaIS1_EEE5frontEv
                0x0000000008004412       0x1a ./Core/Src/main.o
                0x0000000008004412                std::queue<Event*, std::deque<Event*, std::allocator<Event*> > >::front()
 .text._ZNSt11_Deque_baseIP5EventSaIS1_EE11_Deque_implD2Ev
                0x000000000800442c       0x18 ./Core/Src/main.o
                0x000000000800442c                std::_Deque_base<Event*, std::allocator<Event*> >::_Deque_impl::~_Deque_impl()
                0x000000000800442c                std::_Deque_base<Event*, std::allocator<Event*> >::_Deque_impl::~_Deque_impl()
 .text._ZNSt11_Deque_baseIP5EventSaIS1_EEC2Ev
                0x0000000008004444       0x22 ./Core/Src/main.o
                0x0000000008004444                std::_Deque_base<Event*, std::allocator<Event*> >::_Deque_base()
                0x0000000008004444                std::_Deque_base<Event*, std::allocator<Event*> >::_Deque_base()
 .text._ZNSt11_Deque_baseIP5EventSaIS1_EED2Ev
                0x0000000008004466       0x44 ./Core/Src/main.o
                0x0000000008004466                std::_Deque_base<Event*, std::allocator<Event*> >::~_Deque_base()
                0x0000000008004466                std::_Deque_base<Event*, std::allocator<Event*> >::~_Deque_base()
 .text._ZNSt5dequeIP5EventSaIS1_EED2Ev
                0x00000000080044aa       0x4a ./Core/Src/main.o
                0x00000000080044aa                std::deque<Event*, std::allocator<Event*> >::~deque()
                0x00000000080044aa                std::deque<Event*, std::allocator<Event*> >::~deque()
 .text._ZNKSt5dequeIP5EventSaIS1_EE5emptyEv
                0x00000000080044f4       0x24 ./Core/Src/main.o
                0x00000000080044f4                std::deque<Event*, std::allocator<Event*> >::empty() const
 .text._ZNSt5dequeIP5EventSaIS1_EE9pop_frontEv
                0x0000000008004518       0x46 ./Core/Src/main.o
                0x0000000008004518                std::deque<Event*, std::allocator<Event*> >::pop_front()
 .text._ZNSt5dequeIP5EventSaIS1_EE5frontEv
                0x000000000800455e       0x28 ./Core/Src/main.o
                0x000000000800455e                std::deque<Event*, std::allocator<Event*> >::front()
 .text._ZNSt11_Deque_baseIP5EventSaIS1_EE11_Deque_implC2Ev
                0x0000000008004586       0x20 ./Core/Src/main.o
                0x0000000008004586                std::_Deque_base<Event*, std::allocator<Event*> >::_Deque_impl::_Deque_impl()
                0x0000000008004586                std::_Deque_base<Event*, std::allocator<Event*> >::_Deque_impl::_Deque_impl()
 .text._ZNSaIP5EventED2Ev
                0x00000000080045a6       0x18 ./Core/Src/main.o
                0x00000000080045a6                std::allocator<Event*>::~allocator()
                0x00000000080045a6                std::allocator<Event*>::~allocator()
 .text._ZNSt11_Deque_baseIP5EventSaIS1_EE17_M_initialize_mapEj
                0x00000000080045be       0xc6 ./Core/Src/main.o
                0x00000000080045be                std::_Deque_base<Event*, std::allocator<Event*> >::_M_initialize_map(unsigned int)
 .text._ZNSt11_Deque_baseIP5EventSaIS1_EE16_M_destroy_nodesEPPS1_S5_
                0x0000000008004684       0x36 ./Core/Src/main.o
                0x0000000008004684                std::_Deque_base<Event*, std::allocator<Event*> >::_M_destroy_nodes(Event***, Event***)
 .text._ZNSt5dequeIP5EventSaIS1_EE5beginEv
                0x00000000080046ba       0x1e ./Core/Src/main.o
                0x00000000080046ba                std::deque<Event*, std::allocator<Event*> >::begin()
 .text._ZNSt5dequeIP5EventSaIS1_EE3endEv
                0x00000000080046d8       0x1e ./Core/Src/main.o
                0x00000000080046d8                std::deque<Event*, std::allocator<Event*> >::end()
 .text._ZNSt11_Deque_baseIP5EventSaIS1_EE19_M_get_Tp_allocatorEv
                0x00000000080046f6       0x16 ./Core/Src/main.o
                0x00000000080046f6                std::_Deque_base<Event*, std::allocator<Event*> >::_M_get_Tp_allocator()
 .text._ZNSt15_Deque_iteratorIP5EventRS1_PS1_EC2ERKS4_
                0x000000000800470c       0x38 ./Core/Src/main.o
                0x000000000800470c                std::_Deque_iterator<Event*, Event*&, Event**>::_Deque_iterator(std::_Deque_iterator<Event*, Event*&, Event**> const&)
                0x000000000800470c                std::_Deque_iterator<Event*, Event*&, Event**>::_Deque_iterator(std::_Deque_iterator<Event*, Event*&, Event**> const&)
 .text._ZNSt5dequeIP5EventSaIS1_EE15_M_destroy_dataESt15_Deque_iteratorIS1_RS1_PS1_ES7_RKS2_
                0x0000000008004744       0x1a ./Core/Src/main.o
                0x0000000008004744                std::deque<Event*, std::allocator<Event*> >::_M_destroy_data(std::_Deque_iterator<Event*, Event*&, Event**>, std::_Deque_iterator<Event*, Event*&, Event**>, std::allocator<Event*> const&)
 .text._ZSteqRKSt15_Deque_iteratorIP5EventRS1_PS1_ES6_
                0x000000000800475e       0x28 ./Core/Src/main.o
                0x000000000800475e                std::operator==(std::_Deque_iterator<Event*, Event*&, Event**> const&, std::_Deque_iterator<Event*, Event*&, Event**> const&)
 .text._ZNSt16allocator_traitsISaIP5EventEE7destroyIS1_EEvRS2_PT_
                0x0000000008004786       0x1a ./Core/Src/main.o
                0x0000000008004786                void std::allocator_traits<std::allocator<Event*> >::destroy<Event*>(std::allocator<Event*>&, Event**)
 .text._ZNSt5dequeIP5EventSaIS1_EE16_M_pop_front_auxEv
                0x00000000080047a0       0x50 ./Core/Src/main.o
                0x00000000080047a0                std::deque<Event*, std::allocator<Event*> >::_M_pop_front_aux()
 .text._ZNKSt15_Deque_iteratorIP5EventRS1_PS1_EdeEv
                0x00000000080047f0       0x18 ./Core/Src/main.o
                0x00000000080047f0                std::_Deque_iterator<Event*, Event*&, Event**>::operator*() const
 .text._ZNSaIP5EventEC2Ev
                0x0000000008004808       0x18 ./Core/Src/main.o
                0x0000000008004808                std::allocator<Event*>::allocator()
                0x0000000008004808                std::allocator<Event*>::allocator()
 .text._ZNSt11_Deque_baseIP5EventSaIS1_EE16_Deque_impl_dataC2Ev
                0x0000000008004820       0x32 ./Core/Src/main.o
                0x0000000008004820                std::_Deque_base<Event*, std::allocator<Event*> >::_Deque_impl_data::_Deque_impl_data()
                0x0000000008004820                std::_Deque_base<Event*, std::allocator<Event*> >::_Deque_impl_data::_Deque_impl_data()
 .text._ZN9__gnu_cxx13new_allocatorIP5EventED2Ev
                0x0000000008004852       0x16 ./Core/Src/main.o
                0x0000000008004852                __gnu_cxx::new_allocator<Event*>::~new_allocator()
                0x0000000008004852                __gnu_cxx::new_allocator<Event*>::~new_allocator()
 .text._ZNSt11_Deque_baseIP5EventSaIS1_EE15_M_create_nodesEPPS1_S5_
                0x0000000008004868       0x36 ./Core/Src/main.o
                0x0000000008004868                std::_Deque_base<Event*, std::allocator<Event*> >::_M_create_nodes(Event***, Event***)
 .text._ZNSt11_Deque_baseIP5EventSaIS1_EE18_M_deallocate_nodeEPS1_
                0x000000000800489e       0x26 ./Core/Src/main.o
                0x000000000800489e                std::_Deque_base<Event*, std::allocator<Event*> >::_M_deallocate_node(Event**)
 .text._ZN9__gnu_cxx13new_allocatorIP5EventE7destroyIS2_EEvPT_
                0x00000000080048c4       0x16 ./Core/Src/main.o
                0x00000000080048c4                void __gnu_cxx::new_allocator<Event*>::destroy<Event*>(Event**)
 .text._ZN9__gnu_cxx13new_allocatorIP5EventEC2Ev
                0x00000000080048da       0x16 ./Core/Src/main.o
                0x00000000080048da                __gnu_cxx::new_allocator<Event*>::new_allocator()
                0x00000000080048da                __gnu_cxx::new_allocator<Event*>::new_allocator()
 .text._ZNSt15_Deque_iteratorIP5EventRS1_PS1_EC2Ev
                0x00000000080048f0       0x2e ./Core/Src/main.o
                0x00000000080048f0                std::_Deque_iterator<Event*, Event*&, Event**>::_Deque_iterator()
                0x00000000080048f0                std::_Deque_iterator<Event*, Event*&, Event**>::_Deque_iterator()
 .text._ZNSt16allocator_traitsISaIP5EventEE10deallocateERS2_PS1_j
                0x000000000800491e       0x1e ./Core/Src/main.o
                0x000000000800491e                std::allocator_traits<std::allocator<Event*> >::deallocate(std::allocator<Event*>&, Event**, unsigned int)
 .text._ZN9__gnu_cxx13new_allocatorIP5EventE10deallocateEPS2_j
                0x000000000800493c       0x20 ./Core/Src/main.o
                0x000000000800493c                __gnu_cxx::new_allocator<Event*>::deallocate(Event**, unsigned int)
 .text._ZNSt5queueIP5EventSt5dequeIS1_SaIS1_EEED2Ev
                0x000000000800495c       0x1a ./Core/Src/main.o
                0x000000000800495c                std::queue<Event*, std::deque<Event*, std::allocator<Event*> > >::~queue()
                0x000000000800495c                std::queue<Event*, std::deque<Event*, std::allocator<Event*> > >::~queue()
 *fill*         0x0000000008004976        0x2 
 .text._Z41__static_initialization_and_destruction_0ii
                0x0000000008004978       0x44 ./Core/Src/main.o
 .text._GLOBAL__sub_I_TxConfig
                0x00000000080049bc       0x10 ./Core/Src/main.o
 .text._GLOBAL__sub_D_TxConfig
                0x00000000080049cc       0x10 ./Core/Src/main.o
 .text.HAL_MspInit
                0x00000000080049dc       0x50 ./Core/Src/stm32f4xx_hal_msp.o
                0x00000000080049dc                HAL_MspInit
 .text.HAL_ADC_MspInit
                0x0000000008004a2c       0xf0 ./Core/Src/stm32f4xx_hal_msp.o
                0x0000000008004a2c                HAL_ADC_MspInit
 .text.HAL_ETH_MspInit
                0x0000000008004b1c      0x18c ./Core/Src/stm32f4xx_hal_msp.o
                0x0000000008004b1c                HAL_ETH_MspInit
 .text.HAL_I2C_MspInit
                0x0000000008004ca8       0xfc ./Core/Src/stm32f4xx_hal_msp.o
                0x0000000008004ca8                HAL_I2C_MspInit
 .text.HAL_TIM_Base_MspInit
                0x0000000008004da4       0xc8 ./Core/Src/stm32f4xx_hal_msp.o
                0x0000000008004da4                HAL_TIM_Base_MspInit
 .text.HAL_UART_MspInit
                0x0000000008004e6c       0x90 ./Core/Src/stm32f4xx_hal_msp.o
                0x0000000008004e6c                HAL_UART_MspInit
 .text.HAL_PCD_MspInit
                0x0000000008004efc       0xb4 ./Core/Src/stm32f4xx_hal_msp.o
                0x0000000008004efc                HAL_PCD_MspInit
 .text.NMI_Handler
                0x0000000008004fb0        0x6 ./Core/Src/stm32f4xx_it.o
                0x0000000008004fb0                NMI_Handler
 .text.HardFault_Handler
                0x0000000008004fb6        0x6 ./Core/Src/stm32f4xx_it.o
                0x0000000008004fb6                HardFault_Handler
 .text.MemManage_Handler
                0x0000000008004fbc        0x6 ./Core/Src/stm32f4xx_it.o
                0x0000000008004fbc                MemManage_Handler
 .text.BusFault_Handler
                0x0000000008004fc2        0x6 ./Core/Src/stm32f4xx_it.o
                0x0000000008004fc2                BusFault_Handler
 .text.UsageFault_Handler
                0x0000000008004fc8        0x6 ./Core/Src/stm32f4xx_it.o
                0x0000000008004fc8                UsageFault_Handler
 .text.SVC_Handler
                0x0000000008004fce        0xe ./Core/Src/stm32f4xx_it.o
                0x0000000008004fce                SVC_Handler
 .text.DebugMon_Handler
                0x0000000008004fdc        0xe ./Core/Src/stm32f4xx_it.o
                0x0000000008004fdc                DebugMon_Handler
 .text.PendSV_Handler
                0x0000000008004fea        0xe ./Core/Src/stm32f4xx_it.o
                0x0000000008004fea                PendSV_Handler
 .text.SysTick_Handler
                0x0000000008004ff8        0xc ./Core/Src/stm32f4xx_it.o
                0x0000000008004ff8                SysTick_Handler
 .text.TIM4_IRQHandler
                0x0000000008005004       0x14 ./Core/Src/stm32f4xx_it.o
                0x0000000008005004                TIM4_IRQHandler
 .text.EXTI15_10_IRQHandler
                0x0000000008005018       0x10 ./Core/Src/stm32f4xx_it.o
                0x0000000008005018                EXTI15_10_IRQHandler
 .text.TIM6_DAC_IRQHandler
                0x0000000008005028       0x14 ./Core/Src/stm32f4xx_it.o
                0x0000000008005028                TIM6_DAC_IRQHandler
 .text.TIM7_IRQHandler
                0x000000000800503c       0x14 ./Core/Src/stm32f4xx_it.o
                0x000000000800503c                TIM7_IRQHandler
 .text.DMA2_Stream0_IRQHandler
                0x0000000008005050       0x14 ./Core/Src/stm32f4xx_it.o
                0x0000000008005050                DMA2_Stream0_IRQHandler
 .text._getpid  0x0000000008005064       0x10 ./Core/Src/syscalls.o
                0x0000000008005064                _getpid
 .text._kill    0x0000000008005074       0x20 ./Core/Src/syscalls.o
                0x0000000008005074                _kill
 .text._exit    0x0000000008005094       0x14 ./Core/Src/syscalls.o
                0x0000000008005094                _exit
 .text._sbrk    0x00000000080050a8       0x6c ./Core/Src/sysmem.o
                0x00000000080050a8                _sbrk
 .text.SystemInit
                0x0000000008005114       0x24 ./Core/Src/system_stm32f4xx.o
                0x0000000008005114                SystemInit
 .text.Reset_Handler
                0x0000000008005138       0x50 ./Core/Startup/startup_stm32f429zitx.o
                0x0000000008005138                Reset_Handler
 .text.Default_Handler
                0x0000000008005188        0x2 ./Core/Startup/startup_stm32f429zitx.o
                0x0000000008005188                RTC_Alarm_IRQHandler
                0x0000000008005188                HASH_RNG_IRQHandler
                0x0000000008005188                EXTI2_IRQHandler
                0x0000000008005188                TIM8_CC_IRQHandler
                0x0000000008005188                UART8_IRQHandler
                0x0000000008005188                SPI4_IRQHandler
                0x0000000008005188                TIM1_CC_IRQHandler
                0x0000000008005188                DMA2_Stream5_IRQHandler
                0x0000000008005188                DMA1_Stream5_IRQHandler
                0x0000000008005188                PVD_IRQHandler
                0x0000000008005188                SDIO_IRQHandler
                0x0000000008005188                TAMP_STAMP_IRQHandler
                0x0000000008005188                CAN2_RX1_IRQHandler
                0x0000000008005188                EXTI3_IRQHandler
                0x0000000008005188                TIM8_TRG_COM_TIM14_IRQHandler
                0x0000000008005188                TIM1_UP_TIM10_IRQHandler
                0x0000000008005188                TIM8_UP_TIM13_IRQHandler
                0x0000000008005188                I2C3_ER_IRQHandler
                0x0000000008005188                EXTI0_IRQHandler
                0x0000000008005188                I2C2_EV_IRQHandler
                0x0000000008005188                DMA1_Stream2_IRQHandler
                0x0000000008005188                CAN1_RX0_IRQHandler
                0x0000000008005188                FPU_IRQHandler
                0x0000000008005188                OTG_HS_WKUP_IRQHandler
                0x0000000008005188                LTDC_ER_IRQHandler
                0x0000000008005188                CAN2_SCE_IRQHandler
                0x0000000008005188                DMA2_Stream2_IRQHandler
                0x0000000008005188                SPI1_IRQHandler
                0x0000000008005188                TIM1_BRK_TIM9_IRQHandler
                0x0000000008005188                DCMI_IRQHandler
                0x0000000008005188                CAN2_RX0_IRQHandler
                0x0000000008005188                DMA2_Stream3_IRQHandler
                0x0000000008005188                USART6_IRQHandler
                0x0000000008005188                USART3_IRQHandler
                0x0000000008005188                CAN1_RX1_IRQHandler
                0x0000000008005188                UART5_IRQHandler
                0x0000000008005188                I2C1_EV_IRQHandler
                0x0000000008005188                DMA1_Stream6_IRQHandler
                0x0000000008005188                DMA1_Stream1_IRQHandler
                0x0000000008005188                UART4_IRQHandler
                0x0000000008005188                TIM3_IRQHandler
                0x0000000008005188                RCC_IRQHandler
                0x0000000008005188                TIM8_BRK_TIM12_IRQHandler
                0x0000000008005188                Default_Handler
                0x0000000008005188                ADC_IRQHandler
                0x0000000008005188                DMA1_Stream7_IRQHandler
                0x0000000008005188                SPI5_IRQHandler
                0x0000000008005188                CAN2_TX_IRQHandler
                0x0000000008005188                TIM5_IRQHandler
                0x0000000008005188                DMA2_Stream7_IRQHandler
                0x0000000008005188                I2C3_EV_IRQHandler
                0x0000000008005188                EXTI9_5_IRQHandler
                0x0000000008005188                RTC_WKUP_IRQHandler
                0x0000000008005188                LTDC_IRQHandler
                0x0000000008005188                ETH_WKUP_IRQHandler
                0x0000000008005188                SPI2_IRQHandler
                0x0000000008005188                OTG_HS_EP1_IN_IRQHandler
                0x0000000008005188                DMA1_Stream0_IRQHandler
                0x0000000008005188                CAN1_TX_IRQHandler
                0x0000000008005188                EXTI4_IRQHandler
                0x0000000008005188                ETH_IRQHandler
                0x0000000008005188                OTG_HS_EP1_OUT_IRQHandler
                0x0000000008005188                WWDG_IRQHandler
                0x0000000008005188                SPI6_IRQHandler
                0x0000000008005188                TIM2_IRQHandler
                0x0000000008005188                OTG_FS_WKUP_IRQHandler
                0x0000000008005188                TIM1_TRG_COM_TIM11_IRQHandler
                0x0000000008005188                OTG_HS_IRQHandler
                0x0000000008005188                DMA2D_IRQHandler
                0x0000000008005188                EXTI1_IRQHandler
                0x0000000008005188                UART7_IRQHandler
                0x0000000008005188                USART2_IRQHandler
                0x0000000008005188                I2C2_ER_IRQHandler
                0x0000000008005188                DMA2_Stream1_IRQHandler
                0x0000000008005188                CAN1_SCE_IRQHandler
                0x0000000008005188                FLASH_IRQHandler
                0x0000000008005188                DMA2_Stream4_IRQHandler
                0x0000000008005188                USART1_IRQHandler
                0x0000000008005188                OTG_FS_IRQHandler
                0x0000000008005188                SPI3_IRQHandler
                0x0000000008005188                DMA1_Stream4_IRQHandler
                0x0000000008005188                I2C1_ER_IRQHandler
                0x0000000008005188                FMC_IRQHandler
                0x0000000008005188                DMA2_Stream6_IRQHandler
                0x0000000008005188                SAI1_IRQHandler
                0x0000000008005188                DMA1_Stream3_IRQHandler
 *fill*         0x000000000800518a        0x2 
 .text.HAL_Init
                0x000000000800518c       0x44 ./Drivers/STM32F4xx_HAL_Driver/Src/stm32f4xx_hal.o
                0x000000000800518c                HAL_Init
 .text.HAL_InitTick
                0x00000000080051d0       0x60 ./Drivers/STM32F4xx_HAL_Driver/Src/stm32f4xx_hal.o
                0x00000000080051d0                HAL_InitTick
 .text.HAL_IncTick
                0x0000000008005230       0x28 ./Drivers/STM32F4xx_HAL_Driver/Src/stm32f4xx_hal.o
                0x0000000008005230                HAL_IncTick
 .text.HAL_GetTick
                0x0000000008005258       0x18 ./Drivers/STM32F4xx_HAL_Driver/Src/stm32f4xx_hal.o
                0x0000000008005258                HAL_GetTick
 .text.HAL_Delay
                0x0000000008005270       0x48 ./Drivers/STM32F4xx_HAL_Driver/Src/stm32f4xx_hal.o
                0x0000000008005270                HAL_Delay
 .text.HAL_ADC_Init
                0x00000000080052b8       0x86 ./Drivers/STM32F4xx_HAL_Driver/Src/stm32f4xx_hal_adc.o
                0x00000000080052b8                HAL_ADC_Init
 *fill*         0x000000000800533e        0x2 
 .text.HAL_ADC_Start_DMA
                0x0000000008005340      0x220 ./Drivers/STM32F4xx_HAL_Driver/Src/stm32f4xx_hal_adc.o
                0x0000000008005340                HAL_ADC_Start_DMA
 .text.HAL_ADC_Stop_DMA
                0x0000000008005560       0xb4 ./Drivers/STM32F4xx_HAL_Driver/Src/stm32f4xx_hal_adc.o
                0x0000000008005560                HAL_ADC_Stop_DMA
 .text.HAL_ADC_ConvHalfCpltCallback
                0x0000000008005614       0x14 ./Drivers/STM32F4xx_HAL_Driver/Src/stm32f4xx_hal_adc.o
                0x0000000008005614                HAL_ADC_ConvHalfCpltCallback
 .text.HAL_ADC_ErrorCallback
                0x0000000008005628       0x14 ./Drivers/STM32F4xx_HAL_Driver/Src/stm32f4xx_hal_adc.o
                0x0000000008005628                HAL_ADC_ErrorCallback
 .text.HAL_ADC_ConfigChannel
                0x000000000800563c      0x264 ./Drivers/STM32F4xx_HAL_Driver/Src/stm32f4xx_hal_adc.o
                0x000000000800563c                HAL_ADC_ConfigChannel
 .text.ADC_Init
                0x00000000080058a0      0x1f8 ./Drivers/STM32F4xx_HAL_Driver/Src/stm32f4xx_hal_adc.o
 .text.ADC_DMAConvCplt
                0x0000000008005a98       0xba ./Drivers/STM32F4xx_HAL_Driver/Src/stm32f4xx_hal_adc.o
 .text.ADC_DMAHalfConvCplt
                0x0000000008005b52       0x1c ./Drivers/STM32F4xx_HAL_Driver/Src/stm32f4xx_hal_adc.o
 .text.ADC_DMAError
                0x0000000008005b6e       0x2e ./Drivers/STM32F4xx_HAL_Driver/Src/stm32f4xx_hal_adc.o
 .text.__NVIC_SetPriorityGrouping
                0x0000000008005b9c       0x48 ./Drivers/STM32F4xx_HAL_Driver/Src/stm32f4xx_hal_cortex.o
 .text.__NVIC_GetPriorityGrouping
                0x0000000008005be4       0x1c ./Drivers/STM32F4xx_HAL_Driver/Src/stm32f4xx_hal_cortex.o
 .text.__NVIC_EnableIRQ
                0x0000000008005c00       0x3c ./Drivers/STM32F4xx_HAL_Driver/Src/stm32f4xx_hal_cortex.o
 .text.__NVIC_SetPriority
                0x0000000008005c3c       0x54 ./Drivers/STM32F4xx_HAL_Driver/Src/stm32f4xx_hal_cortex.o
 .text.NVIC_EncodePriority
                0x0000000008005c90       0x66 ./Drivers/STM32F4xx_HAL_Driver/Src/stm32f4xx_hal_cortex.o
 *fill*         0x0000000008005cf6        0x2 
 .text.SysTick_Config
                0x0000000008005cf8       0x44 ./Drivers/STM32F4xx_HAL_Driver/Src/stm32f4xx_hal_cortex.o
 .text.HAL_NVIC_SetPriorityGrouping
                0x0000000008005d3c       0x16 ./Drivers/STM32F4xx_HAL_Driver/Src/stm32f4xx_hal_cortex.o
                0x0000000008005d3c                HAL_NVIC_SetPriorityGrouping
 .text.HAL_NVIC_SetPriority
                0x0000000008005d52       0x38 ./Drivers/STM32F4xx_HAL_Driver/Src/stm32f4xx_hal_cortex.o
                0x0000000008005d52                HAL_NVIC_SetPriority
 .text.HAL_NVIC_EnableIRQ
                0x0000000008005d8a       0x1c ./Drivers/STM32F4xx_HAL_Driver/Src/stm32f4xx_hal_cortex.o
                0x0000000008005d8a                HAL_NVIC_EnableIRQ
 .text.HAL_SYSTICK_Config
                0x0000000008005da6       0x18 ./Drivers/STM32F4xx_HAL_Driver/Src/stm32f4xx_hal_cortex.o
                0x0000000008005da6                HAL_SYSTICK_Config
 *fill*         0x0000000008005dbe        0x2 
 .text.HAL_DMA_Init
                0x0000000008005dc0      0x15c ./Drivers/STM32F4xx_HAL_Driver/Src/stm32f4xx_hal_dma.o
                0x0000000008005dc0                HAL_DMA_Init
 .text.HAL_DMA_Start_IT
                0x0000000008005f1c       0xb0 ./Drivers/STM32F4xx_HAL_Driver/Src/stm32f4xx_hal_dma.o
                0x0000000008005f1c                HAL_DMA_Start_IT
 .text.HAL_DMA_Abort
                0x0000000008005fcc       0xe0 ./Drivers/STM32F4xx_HAL_Driver/Src/stm32f4xx_hal_dma.o
                0x0000000008005fcc                HAL_DMA_Abort
 .text.HAL_DMA_IRQHandler
                0x00000000080060ac      0x314 ./Drivers/STM32F4xx_HAL_Driver/Src/stm32f4xx_hal_dma.o
                0x00000000080060ac                HAL_DMA_IRQHandler
 .text.DMA_SetConfig
                0x00000000080063c0       0x5c ./Drivers/STM32F4xx_HAL_Driver/Src/stm32f4xx_hal_dma.o
 .text.DMA_CalcBaseAndBitshift
                0x000000000800641c       0x6c ./Drivers/STM32F4xx_HAL_Driver/Src/stm32f4xx_hal_dma.o
 .text.DMA_CheckFifoParam
                0x0000000008006488       0xf8 ./Drivers/STM32F4xx_HAL_Driver/Src/stm32f4xx_hal_dma.o
 .text.HAL_ETH_Init
                0x0000000008006580       0xfc ./Drivers/STM32F4xx_HAL_Driver/Src/stm32f4xx_hal_eth.o
                0x0000000008006580                HAL_ETH_Init
 .text.ETH_SetMACConfig
                0x000000000800667c      0x160 ./Drivers/STM32F4xx_HAL_Driver/Src/stm32f4xx_hal_eth.o
 .text.ETH_SetDMAConfig
                0x00000000080067dc      0x114 ./Drivers/STM32F4xx_HAL_Driver/Src/stm32f4xx_hal_eth.o
 .text.ETH_MACDMAConfig
                0x00000000080068f0       0xe4 ./Drivers/STM32F4xx_HAL_Driver/Src/stm32f4xx_hal_eth.o
 .text.ETH_MACAddressConfig
                0x00000000080069d4       0x70 ./Drivers/STM32F4xx_HAL_Driver/Src/stm32f4xx_hal_eth.o
 .text.ETH_DMATxDescListInit
                0x0000000008006a44       0xb2 ./Drivers/STM32F4xx_HAL_Driver/Src/stm32f4xx_hal_eth.o
 .text.ETH_DMARxDescListInit
                0x0000000008006af6       0xda ./Drivers/STM32F4xx_HAL_Driver/Src/stm32f4xx_hal_eth.o
 .text.HAL_GPIO_Init
                0x0000000008006bd0      0x358 ./Drivers/STM32F4xx_HAL_Driver/Src/stm32f4xx_hal_gpio.o
                0x0000000008006bd0                HAL_GPIO_Init
 .text.HAL_GPIO_WritePin
                0x0000000008006f28       0x32 ./Drivers/STM32F4xx_HAL_Driver/Src/stm32f4xx_hal_gpio.o
                0x0000000008006f28                HAL_GPIO_WritePin
 .text.HAL_GPIO_TogglePin
                0x0000000008006f5a       0x34 ./Drivers/STM32F4xx_HAL_Driver/Src/stm32f4xx_hal_gpio.o
                0x0000000008006f5a                HAL_GPIO_TogglePin
 *fill*         0x0000000008006f8e        0x2 
 .text.HAL_GPIO_EXTI_IRQHandler
                0x0000000008006f90       0x30 ./Drivers/STM32F4xx_HAL_Driver/Src/stm32f4xx_hal_gpio.o
                0x0000000008006f90                HAL_GPIO_EXTI_IRQHandler
 .text.HAL_I2C_Init
                0x0000000008006fc0      0x288 ./Drivers/STM32F4xx_HAL_Driver/Src/stm32f4xx_hal_i2c.o
                0x0000000008006fc0                HAL_I2C_Init
 .text.HAL_I2C_Master_Transmit
                0x0000000008007248      0x1fc ./Drivers/STM32F4xx_HAL_Driver/Src/stm32f4xx_hal_i2c.o
                0x0000000008007248                HAL_I2C_Master_Transmit
 .text.HAL_I2C_Mem_Write
                0x0000000008007444      0x1f4 ./Drivers/STM32F4xx_HAL_Driver/Src/stm32f4xx_hal_i2c.o
                0x0000000008007444                HAL_I2C_Mem_Write
 .text.HAL_I2C_IsDeviceReady
                0x0000000008007638      0x25c ./Drivers/STM32F4xx_HAL_Driver/Src/stm32f4xx_hal_i2c.o
                0x0000000008007638                HAL_I2C_IsDeviceReady
 .text.I2C_MasterRequestWrite
                0x0000000008007894      0x104 ./Drivers/STM32F4xx_HAL_Driver/Src/stm32f4xx_hal_i2c.o
 .text.I2C_RequestMemoryWrite
                0x0000000008007998      0x12c ./Drivers/STM32F4xx_HAL_Driver/Src/stm32f4xx_hal_i2c.o
 .text.I2C_WaitOnFlagUntilTimeout
                0x0000000008007ac4       0xae ./Drivers/STM32F4xx_HAL_Driver/Src/stm32f4xx_hal_i2c.o
 .text.I2C_WaitOnMasterAddressFlagUntilTimeout
                0x0000000008007b72       0xfe ./Drivers/STM32F4xx_HAL_Driver/Src/stm32f4xx_hal_i2c.o
 .text.I2C_WaitOnTXEFlagUntilTimeout
                0x0000000008007c70       0x82 ./Drivers/STM32F4xx_HAL_Driver/Src/stm32f4xx_hal_i2c.o
 .text.I2C_WaitOnBTFFlagUntilTimeout
                0x0000000008007cf2       0x82 ./Drivers/STM32F4xx_HAL_Driver/Src/stm32f4xx_hal_i2c.o
 .text.I2C_IsAcknowledgeFailed
                0x0000000008007d74       0x5e ./Drivers/STM32F4xx_HAL_Driver/Src/stm32f4xx_hal_i2c.o
 .text.HAL_I2CEx_ConfigAnalogFilter
                0x0000000008007dd2       0x78 ./Drivers/STM32F4xx_HAL_Driver/Src/stm32f4xx_hal_i2c_ex.o
                0x0000000008007dd2                HAL_I2CEx_ConfigAnalogFilter
 .text.HAL_I2CEx_ConfigDigitalFilter
                0x0000000008007e4a       0x7e ./Drivers/STM32F4xx_HAL_Driver/Src/stm32f4xx_hal_i2c_ex.o
                0x0000000008007e4a                HAL_I2CEx_ConfigDigitalFilter
 .text.HAL_PCD_Init
                0x0000000008007ec8      0x23a ./Drivers/STM32F4xx_HAL_Driver/Src/stm32f4xx_hal_pcd.o
                0x0000000008007ec8                HAL_PCD_Init
 *fill*         0x0000000008008102        0x2 
 .text.HAL_RCC_OscConfig
                0x0000000008008104      0x4f0 ./Drivers/STM32F4xx_HAL_Driver/Src/stm32f4xx_hal_rcc.o
                0x0000000008008104                HAL_RCC_OscConfig
 .text.HAL_RCC_ClockConfig
                0x00000000080085f4      0x1cc ./Drivers/STM32F4xx_HAL_Driver/Src/stm32f4xx_hal_rcc.o
                0x00000000080085f4                HAL_RCC_ClockConfig
 .text.HAL_RCC_GetSysClockFreq
                0x00000000080087c0      0x20c ./Drivers/STM32F4xx_HAL_Driver/Src/stm32f4xx_hal_rcc.o
                0x00000000080087c0                HAL_RCC_GetSysClockFreq
 .text.HAL_RCC_GetHCLKFreq
                0x00000000080089cc       0x18 ./Drivers/STM32F4xx_HAL_Driver/Src/stm32f4xx_hal_rcc.o
                0x00000000080089cc                HAL_RCC_GetHCLKFreq
 .text.HAL_RCC_GetPCLK1Freq
                0x00000000080089e4       0x28 ./Drivers/STM32F4xx_HAL_Driver/Src/stm32f4xx_hal_rcc.o
                0x00000000080089e4                HAL_RCC_GetPCLK1Freq
 .text.HAL_RCC_GetPCLK2Freq
                0x0000000008008a0c       0x28 ./Drivers/STM32F4xx_HAL_Driver/Src/stm32f4xx_hal_rcc.o
                0x0000000008008a0c                HAL_RCC_GetPCLK2Freq
 .text.HAL_TIM_Base_Init
                0x0000000008008a34       0x9e ./Drivers/STM32F4xx_HAL_Driver/Src/stm32f4xx_hal_tim.o
                0x0000000008008a34                HAL_TIM_Base_Init
 *fill*         0x0000000008008ad2        0x2 
 .text.HAL_TIM_Base_Start_IT
                0x0000000008008ad4       0xe0 ./Drivers/STM32F4xx_HAL_Driver/Src/stm32f4xx_hal_tim.o
                0x0000000008008ad4                HAL_TIM_Base_Start_IT
 .text.HAL_TIM_Base_Stop_IT
                0x0000000008008bb4       0x5e ./Drivers/STM32F4xx_HAL_Driver/Src/stm32f4xx_hal_tim.o
                0x0000000008008bb4                HAL_TIM_Base_Stop_IT
 .text.HAL_TIM_IRQHandler
                0x0000000008008c12      0x210 ./Drivers/STM32F4xx_HAL_Driver/Src/stm32f4xx_hal_tim.o
                0x0000000008008c12                HAL_TIM_IRQHandler
 .text.HAL_TIM_ConfigClockSource
                0x0000000008008e22      0x18e ./Drivers/STM32F4xx_HAL_Driver/Src/stm32f4xx_hal_tim.o
                0x0000000008008e22                HAL_TIM_ConfigClockSource
 .text.HAL_TIM_OC_DelayElapsedCallback
                0x0000000008008fb0       0x14 ./Drivers/STM32F4xx_HAL_Driver/Src/stm32f4xx_hal_tim.o
                0x0000000008008fb0                HAL_TIM_OC_DelayElapsedCallback
 .text.HAL_TIM_IC_CaptureCallback
                0x0000000008008fc4       0x14 ./Drivers/STM32F4xx_HAL_Driver/Src/stm32f4xx_hal_tim.o
                0x0000000008008fc4                HAL_TIM_IC_CaptureCallback
 .text.HAL_TIM_PWM_PulseFinishedCallback
                0x0000000008008fd8       0x14 ./Drivers/STM32F4xx_HAL_Driver/Src/stm32f4xx_hal_tim.o
                0x0000000008008fd8                HAL_TIM_PWM_PulseFinishedCallback
 .text.HAL_TIM_TriggerCallback
                0x0000000008008fec       0x14 ./Drivers/STM32F4xx_HAL_Driver/Src/stm32f4xx_hal_tim.o
                0x0000000008008fec                HAL_TIM_TriggerCallback
 .text.HAL_TIM_Base_GetState
                0x0000000008009000       0x1c ./Drivers/STM32F4xx_HAL_Driver/Src/stm32f4xx_hal_tim.o
                0x0000000008009000                HAL_TIM_Base_GetState
 .text.TIM_Base_SetConfig
                0x000000000800901c      0x140 ./Drivers/STM32F4xx_HAL_Driver/Src/stm32f4xx_hal_tim.o
                0x000000000800901c                TIM_Base_SetConfig
 .text.TIM_TI1_ConfigInputStage
                0x000000000800915c       0x5e ./Drivers/STM32F4xx_HAL_Driver/Src/stm32f4xx_hal_tim.o
 .text.TIM_TI2_ConfigInputStage
                0x00000000080091ba       0x60 ./Drivers/STM32F4xx_HAL_Driver/Src/stm32f4xx_hal_tim.o
 .text.TIM_ITRx_SetConfig
                0x000000000800921a       0x36 ./Drivers/STM32F4xx_HAL_Driver/Src/stm32f4xx_hal_tim.o
 .text.TIM_ETR_SetConfig
                0x0000000008009250       0x40 ./Drivers/STM32F4xx_HAL_Driver/Src/stm32f4xx_hal_tim.o
                0x0000000008009250                TIM_ETR_SetConfig
 .text.HAL_TIMEx_MasterConfigSynchronization
                0x0000000008009290       0xf8 ./Drivers/STM32F4xx_HAL_Driver/Src/stm32f4xx_hal_tim_ex.o
                0x0000000008009290                HAL_TIMEx_MasterConfigSynchronization
 .text.HAL_TIMEx_CommutCallback
                0x0000000008009388       0x14 ./Drivers/STM32F4xx_HAL_Driver/Src/stm32f4xx_hal_tim_ex.o
                0x0000000008009388                HAL_TIMEx_CommutCallback
 .text.HAL_TIMEx_BreakCallback
                0x000000000800939c       0x14 ./Drivers/STM32F4xx_HAL_Driver/Src/stm32f4xx_hal_tim_ex.o
                0x000000000800939c                HAL_TIMEx_BreakCallback
 .text.HAL_UART_Init
                0x00000000080093b0       0x9a ./Drivers/STM32F4xx_HAL_Driver/Src/stm32f4xx_hal_uart.o
                0x00000000080093b0                HAL_UART_Init
 .text.HAL_UART_Transmit
                0x000000000800944a      0x124 ./Drivers/STM32F4xx_HAL_Driver/Src/stm32f4xx_hal_uart.o
                0x000000000800944a                HAL_UART_Transmit
 .text.UART_WaitOnFlagUntilTimeout
                0x000000000800956e       0xdc ./Drivers/STM32F4xx_HAL_Driver/Src/stm32f4xx_hal_uart.o
 *fill*         0x000000000800964a        0x2 
 .text.UART_SetConfig
                0x000000000800964c      0x4e8 ./Drivers/STM32F4xx_HAL_Driver/Src/stm32f4xx_hal_uart.o
 .text.USB_CoreInit
                0x0000000008009b34       0xc2 ./Drivers/STM32F4xx_HAL_Driver/Src/stm32f4xx_ll_usb.o
                0x0000000008009b34                USB_CoreInit
 .text.USB_DisableGlobalInt
                0x0000000008009bf6       0x22 ./Drivers/STM32F4xx_HAL_Driver/Src/stm32f4xx_ll_usb.o
                0x0000000008009bf6                USB_DisableGlobalInt
 .text.USB_SetCurrentMode
                0x0000000008009c18       0x98 ./Drivers/STM32F4xx_HAL_Driver/Src/stm32f4xx_ll_usb.o
                0x0000000008009c18                USB_SetCurrentMode
 .text.USB_DevInit
                0x0000000008009cb0      0x2c8 ./Drivers/STM32F4xx_HAL_Driver/Src/stm32f4xx_ll_usb.o
                0x0000000008009cb0                USB_DevInit
 .text.USB_FlushTxFifo
                0x0000000008009f78       0x68 ./Drivers/STM32F4xx_HAL_Driver/Src/stm32f4xx_ll_usb.o
                0x0000000008009f78                USB_FlushTxFifo
 .text.USB_FlushRxFifo
                0x0000000008009fe0       0x60 ./Drivers/STM32F4xx_HAL_Driver/Src/stm32f4xx_ll_usb.o
                0x0000000008009fe0                USB_FlushRxFifo
 .text.USB_SetDevSpeed
                0x000000000800a040       0x32 ./Drivers/STM32F4xx_HAL_Driver/Src/stm32f4xx_ll_usb.o
                0x000000000800a040                USB_SetDevSpeed
 .text.USB_DevDisconnect
                0x000000000800a072       0x42 ./Drivers/STM32F4xx_HAL_Driver/Src/stm32f4xx_ll_usb.o
                0x000000000800a072                USB_DevDisconnect
 .text.USB_GetMode
                0x000000000800a0b4       0x1c ./Drivers/STM32F4xx_HAL_Driver/Src/stm32f4xx_ll_usb.o
                0x000000000800a0b4                USB_GetMode
 .text.USB_CoreReset
                0x000000000800a0d0       0x68 ./Drivers/STM32F4xx_HAL_Driver/Src/stm32f4xx_ll_usb.o
 .text._ZdlPvj  0x000000000800a138        0x4 /opt/st/stm32cubeide_1.13.2/plugins/com.st.stm32cube.ide.mcu.externaltools.gnu-tools-for-stm32.11.3.rel1.linux64_1.1.1.202309131626/tools/bin/../lib/gcc/arm-none-eabi/11.3.1/../../../../arm-none-eabi/lib/thumb/v7e-m+fp/hard/libstdc++_nano.a(del_ops.o)
                0x000000000800a138                operator delete(void*, unsigned int)
 .text._Znwj    0x000000000800a13c       0x22 /opt/st/stm32cubeide_1.13.2/plugins/com.st.stm32cube.ide.mcu.externaltools.gnu-tools-for-stm32.11.3.rel1.linux64_1.1.1.202309131626/tools/bin/../lib/gcc/arm-none-eabi/11.3.1/../../../../arm-none-eabi/lib/thumb/v7e-m+fp/hard/libstdc++_nano.a(new_op.o)
                0x000000000800a13c                operator new(unsigned int)
 .text.unlikely._ZSt17__throw_bad_allocv
                0x000000000800a15e        0x6 /opt/st/stm32cubeide_1.13.2/plugins/com.st.stm32cube.ide.mcu.externaltools.gnu-tools-for-stm32.11.3.rel1.linux64_1.1.1.202309131626/tools/bin/../lib/gcc/arm-none-eabi/11.3.1/../../../../arm-none-eabi/lib/thumb/v7e-m+fp/hard/libstdc++_nano.a(functexcept.o)
                0x000000000800a15e                std::__throw_bad_alloc()
 .text.unlikely._ZSt28__throw_bad_array_new_lengthv
                0x000000000800a164        0x6 /opt/st/stm32cubeide_1.13.2/plugins/com.st.stm32cube.ide.mcu.externaltools.gnu-tools-for-stm32.11.3.rel1.linux64_1.1.1.202309131626/tools/bin/../lib/gcc/arm-none-eabi/11.3.1/../../../../arm-none-eabi/lib/thumb/v7e-m+fp/hard/libstdc++_nano.a(functexcept.o)
                0x000000000800a164                std::__throw_bad_array_new_length()
 .text.unlikely._ZSt20__throw_length_errorPKc
                0x000000000800a16a        0x6 /opt/st/stm32cubeide_1.13.2/plugins/com.st.stm32cube.ide.mcu.externaltools.gnu-tools-for-stm32.11.3.rel1.linux64_1.1.1.202309131626/tools/bin/../lib/gcc/arm-none-eabi/11.3.1/../../../../arm-none-eabi/lib/thumb/v7e-m+fp/hard/libstdc++_nano.a(functexcept.o)
                0x000000000800a16a                std::__throw_length_error(char const*)
 .text._ZdlPv   0x000000000800a170        0x4 /opt/st/stm32cubeide_1.13.2/plugins/com.st.stm32cube.ide.mcu.externaltools.gnu-tools-for-stm32.11.3.rel1.linux64_1.1.1.202309131626/tools/bin/../lib/gcc/arm-none-eabi/11.3.1/../../../../arm-none-eabi/lib/thumb/v7e-m+fp/hard/libstdc++_nano.a(del_op.o)
                0x000000000800a170                operator delete(void*)
 .text._ZSt15get_new_handlerv
                0x000000000800a174       0x10 /opt/st/stm32cubeide_1.13.2/plugins/com.st.stm32cube.ide.mcu.externaltools.gnu-tools-for-stm32.11.3.rel1.linux64_1.1.1.202309131626/tools/bin/../lib/gcc/arm-none-eabi/11.3.1/../../../../arm-none-eabi/lib/thumb/v7e-m+fp/hard/libstdc++_nano.a(new_handler.o)
                0x000000000800a174                std::get_new_handler()
 .text.abort    0x000000000800a184        0xe /opt/st/stm32cubeide_1.13.2/plugins/com.st.stm32cube.ide.mcu.externaltools.gnu-tools-for-stm32.11.3.rel1.linux64_1.1.1.202309131626/tools/bin/../lib/gcc/arm-none-eabi/11.3.1/../../../../arm-none-eabi/lib/thumb/v7e-m+fp/hard/libc_nano.a(libc_a-abort.o)
                0x000000000800a184                abort
 *fill*         0x000000000800a192        0x2 
 .text.malloc   0x000000000800a194       0x10 /opt/st/stm32cubeide_1.13.2/plugins/com.st.stm32cube.ide.mcu.externaltools.gnu-tools-for-stm32.11.3.rel1.linux64_1.1.1.202309131626/tools/bin/../lib/gcc/arm-none-eabi/11.3.1/../../../../arm-none-eabi/lib/thumb/v7e-m+fp/hard/libc_nano.a(libc_a-malloc.o)
                0x000000000800a194                malloc
 .text.free     0x000000000800a1a4       0x10 /opt/st/stm32cubeide_1.13.2/plugins/com.st.stm32cube.ide.mcu.externaltools.gnu-tools-for-stm32.11.3.rel1.linux64_1.1.1.202309131626/tools/bin/../lib/gcc/arm-none-eabi/11.3.1/../../../../arm-none-eabi/lib/thumb/v7e-m+fp/hard/libc_nano.a(libc_a-malloc.o)
                0x000000000800a1a4                free
 .text.sbrk_aligned
                0x000000000800a1b4       0x40 /opt/st/stm32cubeide_1.13.2/plugins/com.st.stm32cube.ide.mcu.externaltools.gnu-tools-for-stm32.11.3.rel1.linux64_1.1.1.202309131626/tools/bin/../lib/gcc/arm-none-eabi/11.3.1/../../../../arm-none-eabi/lib/thumb/v7e-m+fp/hard/libc_nano.a(libc_a-mallocr.o)
 .text._malloc_r
                0x000000000800a1f4      0x100 /opt/st/stm32cubeide_1.13.2/plugins/com.st.stm32cube.ide.mcu.externaltools.gnu-tools-for-stm32.11.3.rel1.linux64_1.1.1.202309131626/tools/bin/../lib/gcc/arm-none-eabi/11.3.1/../../../../arm-none-eabi/lib/thumb/v7e-m+fp/hard/libc_nano.a(libc_a-mallocr.o)
                0x000000000800a1f4                _malloc_r
 .text.__malloc_lock
                0x000000000800a2f4        0xc /opt/st/stm32cubeide_1.13.2/plugins/com.st.stm32cube.ide.mcu.externaltools.gnu-tools-for-stm32.11.3.rel1.linux64_1.1.1.202309131626/tools/bin/../lib/gcc/arm-none-eabi/11.3.1/../../../../arm-none-eabi/lib/thumb/v7e-m+fp/hard/libc_nano.a(libc_a-mlock.o)
                0x000000000800a2f4                __malloc_lock
 .text.__malloc_unlock
                0x000000000800a300        0xc /opt/st/stm32cubeide_1.13.2/plugins/com.st.stm32cube.ide.mcu.externaltools.gnu-tools-for-stm32.11.3.rel1.linux64_1.1.1.202309131626/tools/bin/../lib/gcc/arm-none-eabi/11.3.1/../../../../arm-none-eabi/lib/thumb/v7e-m+fp/hard/libc_nano.a(libc_a-mlock.o)
                0x000000000800a300                __malloc_unlock
 .text.sprintf  0x000000000800a30c       0x40 /opt/st/stm32cubeide_1.13.2/plugins/com.st.stm32cube.ide.mcu.externaltools.gnu-tools-for-stm32.11.3.rel1.linux64_1.1.1.202309131626/tools/bin/../lib/gcc/arm-none-eabi/11.3.1/../../../../arm-none-eabi/lib/thumb/v7e-m+fp/hard/libc_nano.a(libc_a-sprintf.o)
                0x000000000800a30c                sprintf
                0x000000000800a30c                siprintf
 .text._vsnprintf_r
                0x000000000800a34c       0x56 /opt/st/stm32cubeide_1.13.2/plugins/com.st.stm32cube.ide.mcu.externaltools.gnu-tools-for-stm32.11.3.rel1.linux64_1.1.1.202309131626/tools/bin/../lib/gcc/arm-none-eabi/11.3.1/../../../../arm-none-eabi/lib/thumb/v7e-m+fp/hard/libc_nano.a(libc_a-vsnprintf.o)
                0x000000000800a34c                _vsnprintf_r
                0x000000000800a34c                _vsniprintf_r
 *fill*         0x000000000800a3a2        0x2 
 .text.vsnprintf
                0x000000000800a3a4       0x1c /opt/st/stm32cubeide_1.13.2/plugins/com.st.stm32cube.ide.mcu.externaltools.gnu-tools-for-stm32.11.3.rel1.linux64_1.1.1.202309131626/tools/bin/../lib/gcc/arm-none-eabi/11.3.1/../../../../arm-none-eabi/lib/thumb/v7e-m+fp/hard/libc_nano.a(libc_a-vsnprintf.o)
                0x000000000800a3a4                vsnprintf
                0x000000000800a3a4                vsniprintf
 .text.memmove  0x000000000800a3c0       0x34 /opt/st/stm32cubeide_1.13.2/plugins/com.st.stm32cube.ide.mcu.externaltools.gnu-tools-for-stm32.11.3.rel1.linux64_1.1.1.202309131626/tools/bin/../lib/gcc/arm-none-eabi/11.3.1/../../../../arm-none-eabi/lib/thumb/v7e-m+fp/hard/libc_nano.a(libc_a-memmove.o)
                0x000000000800a3c0                memmove
 .text.memset   0x000000000800a3f4       0x10 /opt/st/stm32cubeide_1.13.2/plugins/com.st.stm32cube.ide.mcu.externaltools.gnu-tools-for-stm32.11.3.rel1.linux64_1.1.1.202309131626/tools/bin/../lib/gcc/arm-none-eabi/11.3.1/../../../../arm-none-eabi/lib/thumb/v7e-m+fp/hard/libc_nano.a(libc_a-memset.o)
                0x000000000800a3f4                memset
 .text._raise_r
                0x000000000800a404       0x50 /opt/st/stm32cubeide_1.13.2/plugins/com.st.stm32cube.ide.mcu.externaltools.gnu-tools-for-stm32.11.3.rel1.linux64_1.1.1.202309131626/tools/bin/../lib/gcc/arm-none-eabi/11.3.1/../../../../arm-none-eabi/lib/thumb/v7e-m+fp/hard/libc_nano.a(libc_a-signal.o)
                0x000000000800a404                _raise_r