../Core/Src/LedEvents.cpp:12:1:LedEvent::~LedEvent()	0	static
../Core/Src/LedEvents.cpp:31:1:LedEventBlink::~LedEventBlink()	0	static
../Core/Src/LedEvents.cpp:51:1:TestEventGreen::~TestEventGreen()	0	static
../Core/Src/LedEvents.cpp:57:1:TestEventBlue::~TestEventBlue()	0	static
../Core/Src/LedEvents.cpp:63:1:TestEventRed::~TestEventRed()	0	static
../Core/Src/LedEvents.cpp:68:1:TestEventGreenBlink::~TestEventGreenBlink()	0	static
../Core/Src/LedEvents.cpp:73:1:TestEventBlueBlink::~TestEventBlueBlink()	0	static
../Core/Src/LedEvents.cpp:12:1:virtual LedEvent::~LedEvent()	8	static
../Core/Src/LedEvents.cpp:31:1:virtual LedEventBlink::~LedEventBlink()	8	static
../Core/Src/LedEvents.cpp:51:1:virtual TestEventGreen::~TestEventGreen()	8	static
../Core/Src/LedEvents.cpp:57:1:virtual TestEventBlue::~TestEventBlue()	8	static
../Core/Src/LedEvents.cpp:63:1:virtual TestEventRed::~TestEventRed()	8	static
../Core/Src/LedEvents.cpp:68:1:virtual TestEventGreenBlink::~TestEventGreenBlink()	8	static
../Core/Src/LedEvents.cpp:73:1:virtual TestEventBlueBlink::~TestEventBlueBlink()	8	static
../Core/Src/LedEvents.cpp:15:6:virtual void LedEvent::handleEvent()	0	static
../Core/Src/LedEvents.cpp:33:6:virtual void LedEventBlink::handleEvent()	8	static
../Core/Src/LedEvents.cpp:4:1:LedEvent::LedEvent(GPIO_TypeDef*, uint16_t, GPIO_PinState, uint8_t)	12	static
../Core/Src/LedEvents.cpp:8:1:LedEvent::LedEvent(GPIO_TypeDef*, uint16_t, uint8_t)	12	static
../Core/Src/LedEvents.cpp:30:1:LedEventBlink::LedEventBlink(uint8_t, TIM_HandleTypeDef*)	8	static
../Core/Src/LedEvents.cpp:49:1:TestEventGreen::TestEventGreen()	0	static
../Core/Src/LedEvents.cpp:50:1:TestEventGreen::TestEventGreen(uint8_t)	0	static
../Core/Src/LedEvents.cpp:55:1:TestEventBlue::TestEventBlue()	0	static
../Core/Src/LedEvents.cpp:56:1:TestEventBlue::TestEventBlue(uint8_t)	0	static
../Core/Src/LedEvents.cpp:61:1:TestEventRed::TestEventRed()	0	static
../Core/Src/LedEvents.cpp:62:1:TestEventRed::TestEventRed(uint8_t)	0	static
../Core/Src/LedEvents.cpp:67:1:TestEventGreenBlink::TestEventGreenBlink(uint8_t, TIM_HandleTypeDef*)	0	static
../Core/Src/LedEvents.cpp:72:1:TestEventBlueBlink::TestEventBlueBlink(uint8_t, TIM_HandleTypeDef*)	0	static
