../Core/Src/main.cpp:113:6:void HAL_TIM_PeriodElapsedCallback(TIM_HandleTypeDef*)	8	static
../Core/Src/main.cpp:218:6:void SystemClock_Config()	88	static,ignoring_inline_asm
../Core/Src/main.cpp:730:6:void Error_Handler()	0	static,ignoring_inline_asm
/opt/st/stm32cubeide_1.13.2/plugins/com.st.stm32cube.ide.mcu.externaltools.gnu-tools-for-stm32.11.3.rel1.linux64_1.1.1.202309131626/tools/arm-none-eabi/include/c++/11.3.1/bits/stl_deque.h:1532:7:void std::deque<_Tp, _Alloc>::pop_front() [with _Tp = Event*; _Alloc = std::allocator<Event*>]	8	static
/opt/st/stm32cubeide_1.13.2/plugins/com.st.stm32cube.ide.mcu.externaltools.gnu-tools-for-stm32.11.3.rel1.linux64_1.1.1.202309131626/tools/arm-none-eabi/include/c++/11.3.1/bits/deque.tcc:164:7:) [with _Args = {Event*}; _Tp = Event*; _Alloc = std::allocator<Event*>]	32	static
../Core/Src/main.cpp:126:6:void HAL_GPIO_EXTI_Callback(uint16_t)	24	static
../Core/Src/main.cpp:155:5:int main()	88	static,ignoring_inline_asm
../Core/Src/main.cpp:739:1:cpp)	24	static
../Core/Src/main.cpp:739:1:cpp)	16	static
