../Core/Src/OLED_DisplayEvent.cpp:10:1:OLED_DisplayEvent::OLED_DisplayEvent(char*, char*, char*, char*, char*, char*, char*, DISP_OP)	8	static
../Core/Src/OLED_DisplayEvent.cpp:22:1:OLED_DisplayEvent::OLED_DisplayEvent(char*, char*, char*, char*, DISP_OP)	8	static
../Core/Src/OLED_DisplayEvent.cpp:32:1:OLED_DisplayEvent::OLED_DisplayEvent(char*, DISP_OP)	16	static
../Core/Src/OLED_DisplayEvent.cpp:49:6:void OLED_DisplayEvent::DisplayInit()	8	static
../Core/Src/OLED_DisplayEvent.cpp:58:6:void OLED_DisplayEvent::OLED_DisplayWrite()	8	static
../Core/Src/OLED_DisplayEvent.cpp:66:6:void OLED_DisplayEvent::OLED_DisplayMultiwrite_Big()	16	static
../Core/Src/OLED_DisplayEvent.cpp:79:6:void OLED_DisplayEvent::OLED_DisplayMultiwrite_Small()	16	static
../Core/Src/OLED_DisplayEvent.cpp:99:6:void OLED_DisplayEvent::OLED_DisplayWaitAnimation()	24	static
../Core/Src/OLED_DisplayEvent.cpp:111:6:void OLED_DisplayEvent::OLED_DisplayMenue()	24	static
../Core/Src/OLED_DisplayEvent.cpp:136:6:void OLED_DisplayEvent::OLED_DisplayNavigateMenue(DISP_OP)	16	static
../Core/Src/OLED_DisplayEvent.cpp:162:6:virtual void OLED_DisplayEvent::handleEvent()	16	static
../Core/Src/OLED_DisplayEvent.cpp:44:1:OLED_DisplayEvent::~OLED_DisplayEvent()	8	static
../Core/Src/OLED_DisplayEvent.cpp:44:1:virtual OLED_DisplayEvent::~OLED_DisplayEvent()	8	static
