Archive member included to satisfy reference by file (symbol)

/opt/st/stm32cubeide_1.13.2/plugins/com.st.stm32cube.ide.mcu.externaltools.gnu-tools-for-stm32.11.3.rel1.linux64_1.1.1.202309131626/tools/bin/../lib/gcc/arm-none-eabi/11.3.1/../../../../arm-none-eabi/lib/thumb/v7e-m+fp/hard/libstdc++_nano.a(del_ops.o)
                              ./Core/CustomLib/Bitmap.o (operator delete(void*, unsigned int))
/opt/st/stm32cubeide_1.13.2/plugins/com.st.stm32cube.ide.mcu.externaltools.gnu-tools-for-stm32.11.3.rel1.linux64_1.1.1.202309131626/tools/bin/../lib/gcc/arm-none-eabi/11.3.1/../../../../arm-none-eabi/lib/thumb/v7e-m+fp/hard/libstdc++_nano.a(new_op.o)
                              ./Core/Src/CalculationEvent.o (operator new(unsigned int))
/opt/st/stm32cubeide_1.13.2/plugins/com.st.stm32cube.ide.mcu.externaltools.gnu-tools-for-stm32.11.3.rel1.linux64_1.1.1.202309131626/tools/bin/../lib/gcc/arm-none-eabi/11.3.1/../../../../arm-none-eabi/lib/thumb/v7e-m+fp/hard/libstdc++_nano.a(functexcept.o)
                              ./Core/Src/CalculationEvent.o (std::__throw_bad_alloc())
/opt/st/stm32cubeide_1.13.2/plugins/com.st.stm32cube.ide.mcu.externaltools.gnu-tools-for-stm32.11.3.rel1.linux64_1.1.1.202309131626/tools/bin/../lib/gcc/arm-none-eabi/11.3.1/../../../../arm-none-eabi/lib/thumb/v7e-m+fp/hard/libstdc++_nano.a(snprintf_lite.o)
                              /opt/st/stm32cubeide_1.13.2/plugins/com.st.stm32cube.ide.mcu.externaltools.gnu-tools-for-stm32.11.3.rel1.linux64_1.1.1.202309131626/tools/bin/../lib/gcc/arm-none-eabi/11.3.1/../../../../arm-none-eabi/lib/thumb/v7e-m+fp/hard/libstdc++_nano.a(functexcept.o) (__gnu_cxx::__snprintf_lite(char*, unsigned int, char const*, std::__va_list))
/opt/st/stm32cubeide_1.13.2/plugins/com.st.stm32cube.ide.mcu.externaltools.gnu-tools-for-stm32.11.3.rel1.linux64_1.1.1.202309131626/tools/bin/../lib/gcc/arm-none-eabi/11.3.1/../../../../arm-none-eabi/lib/thumb/v7e-m+fp/hard/libstdc++_nano.a(del_op.o)
                              /opt/st/stm32cubeide_1.13.2/plugins/com.st.stm32cube.ide.mcu.externaltools.gnu-tools-for-stm32.11.3.rel1.linux64_1.1.1.202309131626/tools/bin/../lib/gcc/arm-none-eabi/11.3.1/../../../../arm-none-eabi/lib/thumb/v7e-m+fp/hard/libstdc++_nano.a(del_ops.o) (operator delete(void*))
/opt/st/stm32cubeide_1.13.2/plugins/com.st.stm32cube.ide.mcu.externaltools.gnu-tools-for-stm32.11.3.rel1.linux64_1.1.1.202309131626/tools/bin/../lib/gcc/arm-none-eabi/11.3.1/../../../../arm-none-eabi/lib/thumb/v7e-m+fp/hard/libstdc++_nano.a(new_handler.o)
                              /opt/st/stm32cubeide_1.13.2/plugins/com.st.stm32cube.ide.mcu.externaltools.gnu-tools-for-stm32.11.3.rel1.linux64_1.1.1.202309131626/tools/bin/../lib/gcc/arm-none-eabi/11.3.1/../../../../arm-none-eabi/lib/thumb/v7e-m+fp/hard/libstdc++_nano.a(new_op.o) (std::get_new_handler())
/opt/st/stm32cubeide_1.13.2/plugins/com.st.stm32cube.ide.mcu.externaltools.gnu-tools-for-stm32.11.3.rel1.linux64_1.1.1.202309131626/tools/bin/../lib/gcc/arm-none-eabi/11.3.1/../../../../arm-none-eabi/lib/thumb/v7e-m+fp/hard/libm.a(libm_a-s_cos.o)
                              ./Core/CustomLib/ssd1306.o (cos)
/opt/st/stm32cubeide_1.13.2/plugins/com.st.stm32cube.ide.mcu.externaltools.gnu-tools-for-stm32.11.3.rel1.linux64_1.1.1.202309131626/tools/bin/../lib/gcc/arm-none-eabi/11.3.1/../../../../arm-none-eabi/lib/thumb/v7e-m+fp/hard/libm.a(libm_a-s_sin.o)
                              ./Core/CustomLib/ssd1306.o (sin)
/opt/st/stm32cubeide_1.13.2/plugins/com.st.stm32cube.ide.mcu.externaltools.gnu-tools-for-stm32.11.3.rel1.linux64_1.1.1.202309131626/tools/bin/../lib/gcc/arm-none-eabi/11.3.1/../../../../arm-none-eabi/lib/thumb/v7e-m+fp/hard/libm.a(libm_a-k_cos.o)
                              /opt/st/stm32cubeide_1.13.2/plugins/com.st.stm32cube.ide.mcu.externaltools.gnu-tools-for-stm32.11.3.rel1.linux64_1.1.1.202309131626/tools/bin/../lib/gcc/arm-none-eabi/11.3.1/../../../../arm-none-eabi/lib/thumb/v7e-m+fp/hard/libm.a(libm_a-s_cos.o) (__kernel_cos)
/opt/st/stm32cubeide_1.13.2/plugins/com.st.stm32cube.ide.mcu.externaltools.gnu-tools-for-stm32.11.3.rel1.linux64_1.1.1.202309131626/tools/bin/../lib/gcc/arm-none-eabi/11.3.1/../../../../arm-none-eabi/lib/thumb/v7e-m+fp/hard/libm.a(libm_a-k_sin.o)
                              /opt/st/stm32cubeide_1.13.2/plugins/com.st.stm32cube.ide.mcu.externaltools.gnu-tools-for-stm32.11.3.rel1.linux64_1.1.1.202309131626/tools/bin/../lib/gcc/arm-none-eabi/11.3.1/../../../../arm-none-eabi/lib/thumb/v7e-m+fp/hard/libm.a(libm_a-s_cos.o) (__kernel_sin)
/opt/st/stm32cubeide_1.13.2/plugins/com.st.stm32cube.ide.mcu.externaltools.gnu-tools-for-stm32.11.3.rel1.linux64_1.1.1.202309131626/tools/bin/../lib/gcc/arm-none-eabi/11.3.1/../../../../arm-none-eabi/lib/thumb/v7e-m+fp/hard/libm.a(libm_a-e_rem_pio2.o)
[...]
Memory Configuration

Name             Origin             Length             Attributes
CCMRAM           0x0000000010000000 0x0000000000010000 xrw
RAM              0x0000000020000000 0x0000000000030000 xrw
FLASH            0x0000000008000000 0x0000000000200000 xr
*default*        0x0000000000000000 0xffffffffffffffff

Linker script and memory map

LOAD /opt/st/stm32cubeide_1.13.2/plugins/com.st.stm32cube.ide.mcu.externaltools.gnu-tools-for-stm32.11.3.rel1.linux64_1.1.1.202309131626/tools/bin/../lib/gcc/arm-none-eabi/11.3.1/thumb/v7e-m+fp/hard/crti.o
LOAD /opt/st/stm32cubeide_1.13.2/plugins/com.st.stm32cube.ide.mcu.externaltools.gnu-tools-for-stm32.11.3.rel1.linux64_1.1.1.202309131626/tools/bin/../lib/gcc/arm-none-eabi/11.3.1/thumb/v7e-m+fp/hard/crtbegin.o
LOAD /opt/st/stm32cubeide_1.13.2/plugins/com.st.stm32cube.ide.mcu.externaltools.gnu-tools-for-stm32.11.3.rel1.linux64_1.1.1.202309131626/tools/bin/../lib/gcc/arm-none-eabi/11.3.1/../../../../arm-none-eabi/lib/thumb/v7e-m+fp/hard/crt0.o
LOAD ./Core/CustomLib/Bitmap.o
LOAD ./Core/CustomLib/ssd1306.o
LOAD ./Core/CustomLib/ssd1306_fonts.o
LOAD ./Core/CustomLib/ssd1306_tests.o
LOAD ./Core/Src/CalculationEvent.o
LOAD ./Core/Src/CancelEvent.o
LOAD ./Core/Src/DisplayEvent.o
LOAD ./Core/Src/FinalCalculationResultEvent.o
LOAD ./Core/Src/LedEvents.o
LOAD ./Core/Src/OLED_DisplayEvent.o
LOAD ./Core/Src/SetUpLcd.o
LOAD ./Core/Src/StartEvent.o
LOAD ./Core/Src/StartMeasureEvent.o
LOAD ./Core/Src/lcd.o
LOAD ./Core/Src/main.o
LOAD ./Core/Src/stm32f4xx_hal_msp.o
LOAD ./Core/Src/stm32f4xx_it.o
LOAD ./Core/Src/syscalls.o
LOAD ./Core/Src/sysmem.o
LOAD ./Core/Src/system_stm32f4xx.o
LOAD ./Core/Startup/startup_stm32f429zitx.o
LOAD ./Drivers/STM32F4xx_HAL_Driver/Src/stm32f4xx_hal.o
LOAD ./Drivers/STM32F4xx_HAL_Driver/Src/stm32f4xx_hal_adc.o
LOAD ./Drivers/STM32F4xx_HAL_Driver/Src/stm32f4xx_hal_adc_ex.o
LOAD ./Drivers/STM32F4xx_HAL_Driver/Src/stm32f4xx_hal_cortex.o
LOAD ./Drivers/STM32F4xx_HAL_Driver/Src/stm32f4xx_hal_dma.o
LOAD ./Drivers/STM32F4xx_HAL_Driver/Src/stm32f4xx_hal_dma_ex.o
LOAD ./Drivers/STM32F4xx_HAL_Driver/Src/stm32f4xx_hal_eth.o
LOAD ./Drivers/STM32F4xx_HAL_Driver/Src/stm32f4xx_hal_exti.o
LOAD ./Drivers/STM32F4xx_HAL_Driver/Src/stm32f4xx_hal_flash.o
LOAD ./Drivers/STM32F4xx_HAL_Driver/Src/stm32f4xx_hal_flash_ex.o
LOAD ./Drivers/STM32F4xx_HAL_Driver/Src/stm32f4xx_hal_flash_ramfunc.o
LOAD ./Drivers/STM32F4xx_HAL_Driver/Src/stm32f4xx_hal_gpio.o
LOAD ./Drivers/STM32F4xx_HAL_Driver/Src/stm32f4xx_hal_i2c.o
LOAD ./Drivers/STM32F4xx_HAL_Driver/Src/stm32f4xx_hal_i2c_ex.o
LOAD ./Drivers/STM32F4xx_HAL_Driver/Src/stm32f4xx_hal_pcd.o
LOAD ./Drivers/STM32F4xx_HAL_Driver/Src/stm32f4xx_hal_pcd_ex.o
LOAD ./Drivers/STM32F4xx_HAL_Driver/Src/stm32f4xx_hal_pwr.o
LOAD ./Drivers/STM32F4xx_HAL_Driver/Src/stm32f4xx_hal_pwr_ex.o
LOAD ./Drivers/STM32F4xx_HAL_Driver/Src/stm32f4xx_hal_rcc.o
LOAD ./Drivers/STM32F4xx_HAL_Driver/Src/stm32f4xx_hal_rcc_ex.o
LOAD ./Drivers/STM32F4xx_HAL_Driver/Src/stm32f4xx_hal_tim.o
LOAD ./Drivers/STM32F4xx_HAL_Driver/Src/stm32f4xx_hal_tim_ex.o
LOAD ./Drivers/STM32F4xx_HAL_Driver/Src/stm32f4xx_hal_uart.o
LOAD ./Drivers/STM32F4xx_HAL_Driver/Src/stm32f4xx_ll_adc.o
LOAD ./Drivers/STM32F4xx_HAL_Driver/Src/stm32f4xx_ll_usb.o
START GROUP
LOAD /opt/st/stm32cubeide_1.13.2/plugins/com.st.stm32cube.ide.mcu.externaltools.gnu-tools-for-stm32.11.3.rel1.linux64_1.1.1.202309131626/tools/bin/../lib/gcc/arm-none-eabi/11.3.1/../../../../arm-none-eabi/lib/thumb/v7e-m+fp/hard/libstdc++_nano.a
LOAD /opt/st/stm32cubeide_1.13.2/plugins/com.st.stm32cube.ide.mcu.externaltools.gnu-tools-for-stm32.11.3.rel1.linux64_1.1.1.202309131626/tools/bin/../lib/gcc/arm-none-eabi/11.3.1/../../../../arm-none-eabi/lib/thumb/v7e-m+fp/hard/libsupc++_nano.a
END GROUP
LOAD /opt/st/stm32cubeide_1.13.2/plugins/com.st.stm32cube.ide.mcu.externaltools.gnu-tools-for-stm32.11.3.rel1.linux64_1.1.1.202309131626/tools/bin/../lib/gcc/arm-none-eabi/11.3.1/../../../../arm-none-eabi/lib/thumb/v7e-m+fp/hard/libstdc++_nano.a
LOAD /opt/st/stm32cubeide_1.13.2/plugins/com.st.stm32cube.ide.mcu.externaltools.gnu-tools-for-stm32.11.3.rel1.linux64_1.1.1.202309131626/tools/bin/../lib/gcc/arm-none-eabi/11.3.1/../../../../arm-none-eabi/lib/thumb/v7e-m+fp/hard/libm.a
LOAD /opt/st/stm32cubeide_1.13.2/plugins/com.st.stm32cube.ide.mcu.externaltools.gnu-tools-for-stm32.11.3.rel1.linux64_1.1.1.202309131626/tools/bin/../lib/gcc/arm-none-eabi/11.3.1/../../../../arm-none-eabi/lib/thumb/v7e-m+fp/hard/libc_nano.a
START GROUP
LOAD /opt/st/stm32cubeide_1.13.2/plugins/com.st.stm32cube.ide.mcu.externaltools.gnu-tools-for-stm32.11.3.rel1.linux64_1.1.1.202309131626/tools/bin/../lib/gcc/arm-none-eabi/11.3.1/thumb/v7e-m+fp/hard/libgcc.a
LOAD /opt/st/stm32cubeide_1.13.2/plugins/com.st.stm32cube.ide.mcu.externaltools.gnu-tools-for-stm32.11.3.rel1.linux64_1.1.1.202309131626/tools/bin/../lib/gcc/arm-none-eabi/11.3.1/../../../../arm-none-eabi/lib/thumb/v7e-m+fp/hard/libc_nano.a
END GROUP
START GROUP
LOAD /opt/st/stm32cubeide_1.13.2/plugins/com.st.stm32cube.ide.mcu.externaltools.gnu-tools-for-stm32.11.3.rel1.linux64_1.1.1.202309131626/tools/bin/../lib/gcc/arm-none-eabi/11.3.1/thumb/v7e-m+fp/hard/libgcc.a
LOAD /opt/st/stm32cubeide_1.13.2/plugins/com.st.stm32cube.ide.mcu.externaltools.gnu-tools-for-stm32.11.3.rel1.linux64_1.1.1.202309131626/tools/bin/../lib/gcc/arm-none-eabi/11.3.1/../../../../arm-none-eabi/lib/thumb/v7e-m+fp/hard/libc_nano.a
LOAD /opt/st/stm32cubeide_1.13.2/plugins/com.st.stm32cube.ide.mcu.externaltools.gnu-tools-for-stm32.11.3.rel1.linux64_1.1.1.202309131626/tools/bin/../lib/gcc/arm-none-eabi/11.3.1/../../../../arm-none-eabi/lib/thumb/v7e-m+fp/hard/libnosys.a
END GROUP
START GROUP
LOAD /opt/st/stm32cubeide_1.13.2/plugins/com.st.stm32cube.ide.mcu.externaltools.gnu-tools-for-stm32.11.3.rel1.linux64_1.1.1.202309131626/tools/bin/../lib/gcc/arm-none-eabi/11.3.1/thumb/v7e-m+fp/hard/libgcc.a
LOAD /opt/st/stm32cubeide_1.13.2/plugins/com.st.stm32cube.ide.mcu.externaltools.gnu-tools-for-stm32.11.3.rel1.linux64_1.1.1.202309131626/tools/bin/../lib/gcc/arm-none-eabi/11.3.1/../../../../arm-none-eabi/lib/thumb/v7e-m+fp/hard/libc_nano.a
LOAD /opt/st/stm32cubeide_1.13.2/plugins/com.st.stm32cube.ide.mcu.externaltools.gnu-tools-for-stm32.11.3.rel1.linux64_1.1.1.202309131626/tools/bin/../lib/gcc/arm-none-eabi/11.3.1/../../../../arm-none-eabi/lib/thumb/v7e-m+fp/hard/libnosys.a
END GROUP
LOAD /opt/st/stm32cubeide_1.13.2/plugins/com.st.stm32cube.ide.mcu.externaltools.gnu-tools-for-stm32.11.3.rel1.linux64_1.1.1.202309131626/tools/bin/../lib/gcc/arm-none-eabi/11.3.1/thumb/v7e-m+fp/hard/crtend.o
LOAD /opt/st/stm32cubeide_1.13.2/plugins/com.st.stm32cube.ide.mcu.externaltools.gnu-tools-for-stm32.11.3.rel1.linux64_1.1.1.202309131626/tools/bin/../lib/gcc/arm-none-eabi/11.3.1/thumb/v7e-m+fp/hard/crtn.o
                0x0000000020030000                _estack = (ORIGIN (RAM) + LENGTH (RAM))
                0x0000000000000200                _Min_Heap_Size = 0x200
                0x0000000000000400                _Min_Stack_Size = 0x400

.isr_vector     0x0000000008000000      0x1ac
                0x0000000008000000                . = ALIGN (0x4)
 *(.isr_vector)
 .isr_vector    0x0000000008000000      0x1ac ./Core/Startup/startup_stm32f429zitx.o
                0x0000000008000000                g_pfnVectors
                0x00000000080001ac                . = ALIGN (0x4)

.text           0x00000000080001b0     0x5ff4
                0x00000000080001b0                . = ALIGN (0x4)
 *(.text)
 .text          0x00000000080001b0       0x40 /opt/st/stm32cubeide_1.13.2/plugins/com.st.stm32cube.ide.mcu.externaltools.gnu-tools-for-stm32.11.3.rel1.linux64_1.1.1.202309131626/tools/bin/../lib/gcc/arm-none-eabi/11.3.1/thumb/v7e-m+fp/hard/crtbegin.o
 .text          0x00000000080001f0       0xa0 /opt/st/stm32cubeide_1.13.2/plugins/com.st.stm32cube.ide.mcu.externaltools.gnu-tools-for-stm32.11.3.rel1.linux64_1.1.1.202309131626/tools/bin/../lib/gcc/arm-none-eabi/11.3.1/../../../../arm-none-eabi/lib/thumb/v7e-m+fp/hard/libc_nano.a(libc_a-memchr.o)
                0x00000000080001f0                memchr
 .text          0x0000000008000290      0x378 /opt/st/stm32cubeide_1.13.2/plugins/com.st.stm32cube.ide.mcu.externaltools.gnu-tools-for-stm32.11.3.rel1.linux64_1.1.1.202309131626/tools/bin/../lib/gcc/arm-none-eabi/11.3.1/thumb/v7e-m+fp/hard/libgcc.a(_arm_addsubdf3.o)
                0x0000000008000290                __aeabi_drsub
                0x0000000008000298                __aeabi_dsub
                0x0000000008000298                __subdf3
                0x000000000800029c                __adddf3
                0x000000000800029c                __aeabi_dadd
                0x0000000008000514                __aeabi_ui2d
                0x0000000008000514                __floatunsidf
                0x0000000008000534                __floatsidf
                0x0000000008000534                __aeabi_i2d
                0x0000000008000558                __extendsfdf2
                0x0000000008000558                __aeabi_f2d
                0x000000000800059c                __aeabi_ul2d
                0x000000000800059c                __floatundidf
                0x00000000080005ac                __floatdidf
                0x00000000080005ac                __aeabi_l2d
 .text          0x0000000008000608      0x424 /opt/st/stm32cubeide_1.13.2/plugins/com.st.stm32cube.ide.mcu.externaltools.gnu-tools-for-stm32.11.3.rel1.linux64_1.1.1.202309131626/tools/bin/../lib/gcc/arm-none-eabi/11.3.1/thumb/v7e-m+fp/hard/libgcc.a(_arm_muldivdf3.o)
                0x0000000008000608                __aeabi_dmul
                0x0000000008000608                __muldf3
                0x000000000800085c                __aeabi_ddiv
                0x000000000800085c                __divdf3
 .text          0x0000000008000a2c       0x40 /opt/st/stm32cubeide_1.13.2/plugins/com.st.stm32cube.ide.mcu.externaltools.gnu-tools-for-stm32.11.3.rel1.linux64_1.1.1.202309131626/tools/bin/../lib/gcc/arm-none-eabi/11.3.1/thumb/v7e-m+fp/hard/libgcc.a(_arm_fixunsdfsi.o)
                0x0000000008000a2c                __fixunsdfsi
                0x0000000008000a2c                __aeabi_d2uiz
 .text          0x0000000008000a6c       0x30 /opt/st/stm32cubeide_1.13.2/plugins/com.st.stm32cube.ide.mcu.externaltools.gnu-tools-for-stm32.11.3.rel1.linux64_1.1.1.202309131626/tools/bin/../lib/gcc/arm-none-eabi/11.3.1/thumb/v7e-m+fp/hard/libgcc.a(_aeabi_uldivmod.o)
                0x0000000008000a6c                __aeabi_uldivmod
 .text          0x0000000008000a9c      0x2c8 /opt/st/stm32cubeide_1.13.2/plugins/com.st.stm32cube.ide.mcu.externaltools.gnu-tools-for-stm32.11.3.rel1.linux64_1.1.1.202309131626/tools/bin/../lib/gcc/arm-none-eabi/11.3.1/thumb/v7e-m+fp/hard/libgcc.a(_udivmoddi4.o)
                0x0000000008000a9c                __udivmoddi4
 .text          0x0000000008000d64        0x4 /opt/st/stm32cubeide_1.13.2/plugins/com.st.stm32cube.ide.mcu.externaltools.gnu-tools-for-stm32.11.3.rel1.linux64_1.1.1.202309131626/tools/bin/../lib/gcc/arm-none-eabi/11.3.1/thumb/v7e-m+fp/hard/libgcc.a(_dvmd_tls.o)
                0x0000000008000d64                __aeabi_ldiv0
                0x0000000008000d64                __aeabi_idiv0
 *(.text*)
 .text._ZN6BitmapD2Ev
                0x0000000008000d68        0x2 ./Core/CustomLib/Bitmap.o
                0x0000000008000d68                Bitmap::~Bitmap()
                0x0000000008000d68                Bitmap::~Bitmap()
 .text._ZN6BitmapD0Ev
                0x0000000008000d6a       0x10 ./Core/CustomLib/Bitmap.o
                0x0000000008000d6a                Bitmap::~Bitmap()
 *fill*         0x0000000008000d7a        0x2 
 .text._ZN6BitmapC2Ev
                0x0000000008000d7c      0x2b4 ./Core/CustomLib/Bitmap.o
                0x0000000008000d7c                Bitmap::Bitmap()
                0x0000000008000d7c                Bitmap::Bitmap()
 .text.ssd1306_WriteCommand
                0x0000000008001030       0x2c ./Core/CustomLib/ssd1306.o
                0x0000000008001030                ssd1306_WriteCommand
 .text.ssd1306_WriteData
                0x000000000800105c       0x24 ./Core/CustomLib/ssd1306.o
                0x000000000800105c                ssd1306_WriteData
 .text.ssd1306_Fill
                0x0000000008001080       0x20 ./Core/CustomLib/ssd1306.o
                0x0000000008001080                ssd1306_Fill
 .text.ssd1306_UpdateScreen
                0x00000000080010a0       0x34 ./Core/CustomLib/ssd1306.o
                0x00000000080010a0                ssd1306_UpdateScreen
 .text.ssd1306_DrawPixel
                0x00000000080010d4       0x30 ./Core/CustomLib/ssd1306.o
                0x00000000080010d4                ssd1306_DrawPixel
 .text.ssd1306_WriteChar
                0x0000000008001104       0xac ./Core/CustomLib/ssd1306.o
                0x0000000008001104                ssd1306_WriteChar
 .text.ssd1306_WriteString
                0x00000000080011b0       0x2a ./Core/CustomLib/ssd1306.o
                0x00000000080011b0                ssd1306_WriteString
 *fill*         0x00000000080011da        0x2 
 .text.ssd1306_SetCursor
                0x00000000080011dc        0xc ./Core/CustomLib/ssd1306.o
                0x00000000080011dc                ssd1306_SetCursor
 .text.ssd1306_Line
                0x00000000080011e8       0x90 ./Core/CustomLib/ssd1306.o
                0x00000000080011e8                ssd1306_Line
 .text.ssd1306_DrawBitmap
                0x0000000008001278       0x76 ./Core/CustomLib/ssd1306.o
                0x0000000008001278                ssd1306_DrawBitmap
 .text.ssd1306_SetContrast
                0x00000000080012ee       0x14 ./Core/CustomLib/ssd1306.o
                0x00000000080012ee                ssd1306_SetContrast
 *fill*         0x0000000008001302        0x2 
 .text.ssd1306_SetDisplayOn
                0x0000000008001304       0x20 ./Core/CustomLib/ssd1306.o
                0x0000000008001304                ssd1306_SetDisplayOn
 .text.ssd1306_Init
                0x0000000008001324       0xc8 ./Core/CustomLib/ssd1306.o
                0x0000000008001324                ssd1306_Init
 .text._ZN16CalculationEventD2Ev
                0x00000000080013ec        0x2 ./Core/Src/CalculationEvent.o
                0x00000000080013ec                CalculationEvent::~CalculationEvent()
                0x00000000080013ec                CalculationEvent::~CalculationEvent()
 .text._ZN16CalculationEventD0Ev
                0x00000000080013ee        0xe ./Core/Src/CalculationEvent.o
                0x00000000080013ee                CalculationEvent::~CalculationEvent()
 .text._ZN16CalculationEvent11handleEventEv
                0x00000000080013fc      0x170 ./Core/Src/CalculationEvent.o
                0x00000000080013fc                CalculationEvent::handleEvent()
 .text._ZN16CalculationEventC2Ev
                0x000000000800156c        0xc ./Core/Src/CalculationEvent.o
                0x000000000800156c                CalculationEvent::CalculationEvent()
                0x000000000800156c                CalculationEvent::CalculationEvent()
 .text._ZN11waitingTaskD2Ev
                0x0000000008001578        0x2 ./Core/Src/CancelEvent.o
                0x0000000008001578                waitingTask::~waitingTask()
                0x0000000008001578                waitingTask::~waitingTask()
 .text._ZN11CancelEventD2Ev
                0x000000000800157a        0x2 ./Core/Src/CancelEvent.o
                0x000000000800157a                CancelEvent::~CancelEvent()
                0x000000000800157a                CancelEvent::~CancelEvent()
 .text._ZN11CancelEventD0Ev
                0x000000000800157c        0xe ./Core/Src/CancelEvent.o
                0x000000000800157c                CancelEvent::~CancelEvent()
 .text._ZN11waitingTaskD0Ev
                0x000000000800158a        0xe ./Core/Src/CancelEvent.o
                0x000000000800158a                waitingTask::~waitingTask()
 .text._ZN11waitingTask11handleEventEv
                0x0000000008001598       0x20 ./Core/Src/CancelEvent.o
                0x0000000008001598                waitingTask::handleEvent()
 .text._ZN11CancelEventC2Ev
                0x00000000080015b8        0xc ./Core/Src/CancelEvent.o
                0x00000000080015b8                CancelEvent::CancelEvent()
                0x00000000080015b8                CancelEvent::CancelEvent()
 .text._ZNSt5dequeIP5EventSaIS1_EE12emplace_backIJS1_EEEvDpOT_
                0x00000000080015c4      0x138 ./Core/Src/CancelEvent.o
                0x00000000080015c4                void std::deque<Event*, std::allocator<Event*> >::emplace_back<Event*>(Event*&&)
 .text._ZN11CancelEvent11handleEventEv
                0x00000000080016fc      0x1f0 ./Core/Src/CancelEvent.o
                0x00000000080016fc                CancelEvent::handleEvent()
 .text._ZN12DisplayEventD2Ev
                0x00000000080018ec        0x2 ./Core/Src/DisplayEvent.o
                0x00000000080018ec                DisplayEvent::~DisplayEvent()
                0x00000000080018ec                DisplayEvent::~DisplayEvent()
 .text._ZN12DisplayEventD0Ev
                0x00000000080018ee        0xe ./Core/Src/DisplayEvent.o
                0x00000000080018ee                DisplayEvent::~DisplayEvent()
 .text._ZN12DisplayEvent11handleEventEv
                0x00000000080018fc       0x36 ./Core/Src/DisplayEvent.o
                0x00000000080018fc                DisplayEvent::handleEvent()
 *fill*         0x0000000008001932        0x2 
 .text._ZN12DisplayEventC2EP17LCD_HandleTypeDefPchhb
                0x0000000008001934       0x20 ./Core/Src/DisplayEvent.o
                0x0000000008001934                DisplayEvent::DisplayEvent(LCD_HandleTypeDef*, char*, unsigned char, unsigned char, bool)
                0x0000000008001934                DisplayEvent::DisplayEvent(LCD_HandleTypeDef*, char*, unsigned char, unsigned char, bool)
 .text._ZN27FinalCalculationResultEventD2Ev
                0x0000000008001954        0x2 ./Core/Src/FinalCalculationResultEvent.o
                0x0000000008001954                FinalCalculationResultEvent::~FinalCalculationResultEvent()
                0x0000000008001954                FinalCalculationResultEvent::~FinalCalculationResultEvent()
 .text._ZN27FinalCalculationResultEventD0Ev
                0x0000000008001956        0xe ./Core/Src/FinalCalculationResultEvent.o
                0x0000000008001956                FinalCalculationResultEvent::~FinalCalculationResultEvent()
 .text._ZN27FinalCalculationResultEventC2Ev
                0x0000000008001964        0xc ./Core/Src/FinalCalculationResultEvent.o
                0x0000000008001964                FinalCalculationResultEvent::FinalCalculationResultEvent()
                0x0000000008001964                FinalCalculationResultEvent::FinalCalculationResultEvent()
 .text._ZN27FinalCalculationResultEvent11handleEventEv
                0x0000000008001970      0x108 ./Core/Src/FinalCalculationResultEvent.o
                0x0000000008001970                FinalCalculationResultEvent::handleEvent()
 .text._ZN8LedEventD2Ev
                0x0000000008001a78        0x2 ./Core/Src/LedEvents.o
                0x0000000008001a78                LedEvent::~LedEvent()
                0x0000000008001a78                LedEvent::~LedEvent()
 .text._ZN14TestEventGreenD2Ev
                0x0000000008001a7a        0x2 ./Core/Src/LedEvents.o
                0x0000000008001a7a                TestEventGreen::~TestEventGreen()
                0x0000000008001a7a                TestEventGreen::~TestEventGreen()
 .text._ZN13TestEventBlueD2Ev
                0x0000000008001a7c        0x2 ./Core/Src/LedEvents.o
                0x0000000008001a7c                TestEventBlue::~TestEventBlue()
                0x0000000008001a7c                TestEventBlue::~TestEventBlue()
 .text._ZN12TestEventRedD2Ev
                0x0000000008001a7e        0x2 ./Core/Src/LedEvents.o
                0x0000000008001a7e                TestEventRed::~TestEventRed()
                0x0000000008001a7e                TestEventRed::~TestEventRed()
 .text._ZN19TestEventGreenBlinkD2Ev
                0x0000000008001a80        0x2 ./Core/Src/LedEvents.o
                0x0000000008001a80                TestEventGreenBlink::~TestEventGreenBlink()
                0x0000000008001a80                TestEventGreenBlink::~TestEventGreenBlink()
 .text._ZN8LedEventD0Ev
                0x0000000008001a82        0xe ./Core/Src/LedEvents.o
                0x0000000008001a82                LedEvent::~LedEvent()
 .text._ZN14TestEventGreenD0Ev
                0x0000000008001a90        0xe ./Core/Src/LedEvents.o
                0x0000000008001a90                TestEventGreen::~TestEventGreen()
 .text._ZN13TestEventBlueD0Ev
                0x0000000008001a9e        0xe ./Core/Src/LedEvents.o
                0x0000000008001a9e                TestEventBlue::~TestEventBlue()
 .text._ZN12TestEventRedD0Ev
                0x0000000008001aac        0xe ./Core/Src/LedEvents.o
                0x0000000008001aac                TestEventRed::~TestEventRed()
 .text._ZN19TestEventGreenBlinkD0Ev
                0x0000000008001aba        0xe ./Core/Src/LedEvents.o
                0x0000000008001aba                TestEventGreenBlink::~TestEventGreenBlink()
 .text._ZN8LedEvent11handleEventEv
                0x0000000008001ac8       0x12 ./Core/Src/LedEvents.o
                0x0000000008001ac8                LedEvent::handleEvent()
 *fill*         0x0000000008001ada        0x2 
 .text._ZN13LedEventBlink11handleEventEv
                0x0000000008001adc       0x30 ./Core/Src/LedEvents.o
                0x0000000008001adc                LedEventBlink::handleEvent()
 .text._ZN8LedEventC2EP12GPIO_TypeDefth
                0x0000000008001b0c       0x14 ./Core/Src/LedEvents.o
                0x0000000008001b0c                LedEvent::LedEvent(GPIO_TypeDef*, unsigned short, unsigned char)
                0x0000000008001b0c                LedEvent::LedEvent(GPIO_TypeDef*, unsigned short, unsigned char)
 .text._ZN14TestEventGreenC2Eh
                0x0000000008001b20       0x18 ./Core/Src/LedEvents.o
                0x0000000008001b20                TestEventGreen::TestEventGreen(unsigned char)
                0x0000000008001b20                TestEventGreen::TestEventGreen(unsigned char)
 .text._ZN13TestEventBlueC2Eh
                0x0000000008001b38       0x18 ./Core/Src/LedEvents.o
                0x0000000008001b38                TestEventBlue::TestEventBlue(unsigned char)
                0x0000000008001b38                TestEventBlue::TestEventBlue(unsigned char)
 .text._ZN12TestEventRedC2Eh
                0x0000000008001b50       0x1c ./Core/Src/LedEvents.o
                0x0000000008001b50                TestEventRed::TestEventRed(unsigned char)
                0x0000000008001b50                TestEventRed::TestEventRed(unsigned char)
 .text._ZN19TestEventGreenBlinkC2EhP17TIM_HandleTypeDef
                0x0000000008001b6c       0x10 ./Core/Src/LedEvents.o
                0x0000000008001b6c                TestEventGreenBlink::TestEventGreenBlink(unsigned char, TIM_HandleTypeDef*)
                0x0000000008001b6c                TestEventGreenBlink::TestEventGreenBlink(unsigned char, TIM_HandleTypeDef*)
 .text._ZN17OLED_DisplayEventC2EPcS0_S0_S0_7DISP_OP
                0x0000000008001b7c       0x2c ./Core/Src/OLED_DisplayEvent.o
                0x0000000008001b7c                OLED_DisplayEvent::OLED_DisplayEvent(char*, char*, char*, char*, DISP_OP)
                0x0000000008001b7c                OLED_DisplayEvent::OLED_DisplayEvent(char*, char*, char*, char*, DISP_OP)
 .text._ZN17OLED_DisplayEvent11DisplayInitEv
                0x0000000008001ba8       0x14 ./Core/Src/OLED_DisplayEvent.o
                0x0000000008001ba8                OLED_DisplayEvent::DisplayInit()
 .text._ZN17OLED_DisplayEvent17OLED_DisplayWriteEv
                0x0000000008001bbc       0x1c ./Core/Src/OLED_DisplayEvent.o
                0x0000000008001bbc                OLED_DisplayEvent::OLED_DisplayWrite()
 .text._ZN17OLED_DisplayEvent26OLED_DisplayMultiwrite_BigEv
                0x0000000008001bd8       0x5c ./Core/Src/OLED_DisplayEvent.o
                0x0000000008001bd8                OLED_DisplayEvent::OLED_DisplayMultiwrite_Big()
 .text._ZN17OLED_DisplayEvent28OLED_DisplayMultiwrite_SmallEv
                0x0000000008001c34       0x98 ./Core/Src/OLED_DisplayEvent.o
                0x0000000008001c34                OLED_DisplayEvent::OLED_DisplayMultiwrite_Small()
 .text._ZN17OLED_DisplayEvent25OLED_DisplayWaitAnimationEv
                0x0000000008001ccc       0x40 ./Core/Src/OLED_DisplayEvent.o
                0x0000000008001ccc                OLED_DisplayEvent::OLED_DisplayWaitAnimation()
 .text._ZN17OLED_DisplayEvent17OLED_DisplayMenueEv
                0x0000000008001d0c       0xd8 ./Core/Src/OLED_DisplayEvent.o
                0x0000000008001d0c                OLED_DisplayEvent::OLED_DisplayMenue()
 .text._ZN17OLED_DisplayEvent25OLED_DisplayNavigateMenueE7DISP_OP
                0x0000000008001de4       0x32 ./Core/Src/OLED_DisplayEvent.o
                0x0000000008001de4                OLED_DisplayEvent::OLED_DisplayNavigateMenue(DISP_OP)
 .text._ZN17OLED_DisplayEvent11handleEventEv
                0x0000000008001e16       0x92 ./Core/Src/OLED_DisplayEvent.o
                0x0000000008001e16                OLED_DisplayEvent::handleEvent()
 .text._ZN17OLED_DisplayEventD2Ev
                0x0000000008001ea8       0x18 ./Core/Src/OLED_DisplayEvent.o
                0x0000000008001ea8                OLED_DisplayEvent::~OLED_DisplayEvent()
                0x0000000008001ea8                OLED_DisplayEvent::~OLED_DisplayEvent()
 .text._ZN17OLED_DisplayEventD0Ev
                0x0000000008001ec0       0x16 ./Core/Src/OLED_DisplayEvent.o
                0x0000000008001ec0                OLED_DisplayEvent::~OLED_DisplayEvent()
 .text._ZN8SetUpLcdD2Ev
                0x0000000008001ed6        0x2 ./Core/Src/SetUpLcd.o
                0x0000000008001ed6                SetUpLcd::~SetUpLcd()
                0x0000000008001ed6                SetUpLcd::~SetUpLcd()
 .text._ZN8SetUpLcdD0Ev
                0x0000000008001ed8        0xe ./Core/Src/SetUpLcd.o
                0x0000000008001ed8                SetUpLcd::~SetUpLcd()
 *fill*         0x0000000008001ee6        0x2 
 .text._ZN8SetUpLcdC2Ev
                0x0000000008001ee8       0x10 ./Core/Src/SetUpLcd.o
                0x0000000008001ee8                SetUpLcd::SetUpLcd()
                0x0000000008001ee8                SetUpLcd::SetUpLcd()
 .text._ZN8SetUpLcd11handleEventEv
                0x0000000008001ef8       0xcc ./Core/Src/SetUpLcd.o
                0x0000000008001ef8                SetUpLcd::handleEvent()
 .text._ZN10StartEventD2Ev
                0x0000000008001fc4        0x2 ./Core/Src/StartEvent.o
                0x0000000008001fc4                StartEvent::~StartEvent()
                0x0000000008001fc4                StartEvent::~StartEvent()
 .text._ZN10StartEventD0Ev
                0x0000000008001fc6        0xe ./Core/Src/StartEvent.o
                0x0000000008001fc6                StartEvent::~StartEvent()
 .text._ZN10StartEventC2Ev
                0x0000000008001fd4        0xc ./Core/Src/StartEvent.o
                0x0000000008001fd4                StartEvent::StartEvent()
                0x0000000008001fd4                StartEvent::StartEvent()
 .text._ZN10StartEvent11handleEventEv
                0x0000000008001fe0       0xdc ./Core/Src/StartEvent.o
                0x0000000008001fe0                StartEvent::handleEvent()
 .text._ZN17StartMeasureEventD2Ev
                0x00000000080020bc        0x2 ./Core/Src/StartMeasureEvent.o
                0x00000000080020bc                StartMeasureEvent::~StartMeasureEvent()
                0x00000000080020bc                StartMeasureEvent::~StartMeasureEvent()
 .text._ZN17StartMeasureEventD0Ev
                0x00000000080020be        0xe ./Core/Src/StartMeasureEvent.o
                0x00000000080020be                StartMeasureEvent::~StartMeasureEvent()
 .text._ZN17StartMeasureEvent11handleEventEv
                0x00000000080020cc       0x3c ./Core/Src/StartMeasureEvent.o
                0x00000000080020cc                StartMeasureEvent::handleEvent()
 .text._ZN17StartMeasureEventC2Ev
                0x0000000008002108        0xc ./Core/Src/StartMeasureEvent.o
                0x0000000008002108                StartMeasureEvent::StartMeasureEvent()
                0x0000000008002108                StartMeasureEvent::StartMeasureEvent()
 .text.HAL_ADC_ConvCpltCallback
                0x0000000008002114      0x184 ./Core/Src/StartMeasureEvent.o
                0x0000000008002114                HAL_ADC_ConvCpltCallback
 .text._Z17_LCD_SendInternalP17LCD_HandleTypeDefhh
                0x0000000008002298       0x64 ./Core/Src/lcd.o
                0x0000000008002298                _LCD_SendInternal(LCD_HandleTypeDef*, unsigned char, unsigned char)
 .text._Z16_LCD_SendCommandP17LCD_HandleTypeDefh
                0x00000000080022fc        0x6 ./Core/Src/lcd.o
                0x00000000080022fc                _LCD_SendCommand(LCD_HandleTypeDef*, unsigned char)
 .text._Z13_LCD_SendDataP17LCD_HandleTypeDefh
                0x0000000008002302        0x6 ./Core/Src/lcd.o
                0x0000000008002302                _LCD_SendData(LCD_HandleTypeDef*, unsigned char)
 .text._Z9LCD_PrintP17LCD_HandleTypeDefPKc
                0x0000000008002308       0x1a ./Core/Src/lcd.o
                0x0000000008002308                LCD_Print(LCD_HandleTypeDef*, char const*)
 .text._Z9LCD_BeginP17LCD_HandleTypeDef
                0x0000000008002322       0x32 ./Core/Src/lcd.o
                0x0000000008002322                LCD_Begin(LCD_HandleTypeDef*)
 .text._Z13LCD_SetCursorP17LCD_HandleTypeDefhh
                0x0000000008002354       0x1c ./Core/Src/lcd.o
                0x0000000008002354                LCD_SetCursor(LCD_HandleTypeDef*, unsigned char, unsigned char)
 .text._Z10LCD_PrintfP17LCD_HandleTypeDefPKcz
                0x0000000008002370       0x2a ./Core/Src/lcd.o
                0x0000000008002370                LCD_Printf(LCD_HandleTypeDef*, char const*, ...)
 .text._Z9LCD_ClearP17LCD_HandleTypeDef
                0x000000000800239a        0x6 ./Core/Src/lcd.o
                0x000000000800239a                LCD_Clear(LCD_HandleTypeDef*)
 .text.HAL_TIM_PeriodElapsedCallback
                0x00000000080023a0       0x58 ./Core/Src/main.o
                0x00000000080023a0                HAL_TIM_PeriodElapsedCallback
 .text._Z18SystemClock_Configv
                0x00000000080023f8       0xa4 ./Core/Src/main.o
                0x00000000080023f8                SystemClock_Config()
 .text.Error_Handler
                0x000000000800249c        0x4 ./Core/Src/main.o
                0x000000000800249c                Error_Handler
 .text._ZNSt5dequeIP5EventSaIS1_EE9pop_frontEv
                0x00000000080024a0       0x30 ./Core/Src/main.o
                0x00000000080024a0                std::deque<Event*, std::allocator<Event*> >::pop_front()
 .text.HAL_GPIO_EXTI_Callback
                0x00000000080024d0       0x80 ./Core/Src/main.o
                0x00000000080024d0                HAL_GPIO_EXTI_Callback
 .text.startup.main
                0x0000000008002550      0x43c ./Core/Src/main.o
                0x0000000008002550                main
 .text.startup._GLOBAL__sub_I_TxConfig
                0x000000000800298c       0x58 ./Core/Src/main.o
 .text.exit._GLOBAL__sub_D_TxConfig
                0x00000000080029e4       0x34 ./Core/Src/main.o
 .text.HAL_MspInit
                0x0000000008002a18       0x38 ./Core/Src/stm32f4xx_hal_msp.o
                0x0000000008002a18                HAL_MspInit
 .text.HAL_ADC_MspInit
                0x0000000008002a50       0xa4 ./Core/Src/stm32f4xx_hal_msp.o
                0x0000000008002a50                HAL_ADC_MspInit
 .text.HAL_ETH_MspInit
                0x0000000008002af4      0x11c ./Core/Src/stm32f4xx_hal_msp.o
                0x0000000008002af4                HAL_ETH_MspInit
 .text.HAL_I2C_MspInit
                0x0000000008002c10       0xc4 ./Core/Src/stm32f4xx_hal_msp.o
                0x0000000008002c10                HAL_I2C_MspInit
 .text.HAL_TIM_Base_MspInit
                0x0000000008002cd4       0xa0 ./Core/Src/stm32f4xx_hal_msp.o
                0x0000000008002cd4                HAL_TIM_Base_MspInit
 .text.HAL_UART_MspInit
                0x0000000008002d74       0x6c ./Core/Src/stm32f4xx_hal_msp.o
                0x0000000008002d74                HAL_UART_MspInit
 .text.HAL_PCD_MspInit
                0x0000000008002de0       0x84 ./Core/Src/stm32f4xx_hal_msp.o
                0x0000000008002de0                HAL_PCD_MspInit
 .text.NMI_Handler
                0x0000000008002e64        0x2 ./Core/Src/stm32f4xx_it.o
                0x0000000008002e64                NMI_Handler
 .text.HardFault_Handler
                0x0000000008002e66        0x2 ./Core/Src/stm32f4xx_it.o
                0x0000000008002e66                HardFault_Handler
 .text.MemManage_Handler
                0x0000000008002e68        0x2 ./Core/Src/stm32f4xx_it.o
                0x0000000008002e68                MemManage_Handler
 .text.BusFault_Handler
                0x0000000008002e6a        0x2 ./Core/Src/stm32f4xx_it.o
                0x0000000008002e6a                BusFault_Handler
 .text.UsageFault_Handler
                0x0000000008002e6c        0x2 ./Core/Src/stm32f4xx_it.o
                0x0000000008002e6c                UsageFault_Handler
 .text.SVC_Handler
                0x0000000008002e6e        0x2 ./Core/Src/stm32f4xx_it.o
                0x0000000008002e6e                SVC_Handler
 .text.DebugMon_Handler
                0x0000000008002e70        0x2 ./Core/Src/stm32f4xx_it.o
                0x0000000008002e70                DebugMon_Handler
 .text.PendSV_Handler
                0x0000000008002e72        0x2 ./Core/Src/stm32f4xx_it.o
                0x0000000008002e72                PendSV_Handler
 .text.SysTick_Handler
                0x0000000008002e74        0x4 ./Core/Src/stm32f4xx_it.o
                0x0000000008002e74                SysTick_Handler
 .text.TIM4_IRQHandler
                0x0000000008002e78        0xc ./Core/Src/stm32f4xx_it.o
                0x0000000008002e78                TIM4_IRQHandler
 .text.EXTI15_10_IRQHandler
                0x0000000008002e84        0x8 ./Core/Src/stm32f4xx_it.o
                0x0000000008002e84                EXTI15_10_IRQHandler
 .text.TIM6_DAC_IRQHandler
                0x0000000008002e8c        0xc ./Core/Src/stm32f4xx_it.o
                0x0000000008002e8c                TIM6_DAC_IRQHandler
 .text.TIM7_IRQHandler
                0x0000000008002e98        0xc ./Core/Src/stm32f4xx_it.o
                0x0000000008002e98                TIM7_IRQHandler
 .text.DMA2_Stream0_IRQHandler
                0x0000000008002ea4        0xc ./Core/Src/stm32f4xx_it.o
                0x0000000008002ea4                DMA2_Stream0_IRQHandler
 .text._getpid  0x0000000008002eb0        0x4 ./Core/Src/syscalls.o
                0x0000000008002eb0                _getpid
 .text._kill    0x0000000008002eb4       0x10 ./Core/Src/syscalls.o
                0x0000000008002eb4                _kill
 .text._exit    0x0000000008002ec4        0xc ./Core/Src/syscalls.o
                0x0000000008002ec4                _exit
 .text._sbrk    0x0000000008002ed0       0x40 ./Core/Src/sysmem.o
                0x0000000008002ed0                _sbrk
 .text.SystemInit
                0x0000000008002f10       0x14 ./Core/Src/system_stm32f4xx.o
                0x0000000008002f10                SystemInit
 .text.Reset_Handler
                0x0000000008002f24       0x50 ./Core/Startup/startup_stm32f429zitx.o
                0x0000000008002f24                Reset_Handler
 .text.Default_Handler
                0x0000000008002f74        0x2 ./Core/Startup/startup_stm32f429zitx.o
                0x0000000008002f74                RTC_Alarm_IRQHandler
                0x0000000008002f74                HASH_RNG_IRQHandler
                0x0000000008002f74                EXTI2_IRQHandler
                0x0000000008002f74                TIM8_CC_IRQHandler
                0x0000000008002f74                UART8_IRQHandler
                0x0000000008002f74                SPI4_IRQHandler
                0x0000000008002f74                TIM1_CC_IRQHandler
                0x0000000008002f74                DMA2_Stream5_IRQHandler
                0x0000000008002f74                DMA1_Stream5_IRQHandler
                0x0000000008002f74                PVD_IRQHandler
                0x0000000008002f74                SDIO_IRQHandler
                0x0000000008002f74                TAMP_STAMP_IRQHandler
                0x0000000008002f74                CAN2_RX1_IRQHandler
                0x0000000008002f74                EXTI3_IRQHandler
                0x0000000008002f74                TIM8_TRG_COM_TIM14_IRQHandler
                0x0000000008002f74                TIM1_UP_TIM10_IRQHandler
                0x0000000008002f74                TIM8_UP_TIM13_IRQHandler
                0x0000000008002f74                I2C3_ER_IRQHandler
                0x0000000008002f74                EXTI0_IRQHandler
                0x0000000008002f74                I2C2_EV_IRQHandler
                0x0000000008002f74                DMA1_Stream2_IRQHandler
                0x0000000008002f74                CAN1_RX0_IRQHandler
                0x0000000008002f74                FPU_IRQHandler
                0x0000000008002f74                OTG_HS_WKUP_IRQHandler
                0x0000000008002f74                LTDC_ER_IRQHandler
                0x0000000008002f74                CAN2_SCE_IRQHandler
                0x0000000008002f74                DMA2_Stream2_IRQHandler
                0x0000000008002f74                SPI1_IRQHandler
                0x0000000008002f74                TIM1_BRK_TIM9_IRQHandler
                0x0000000008002f74                DCMI_IRQHandler
                0x0000000008002f74                CAN2_RX0_IRQHandler
                0x0000000008002f74                DMA2_Stream3_IRQHandler
                0x0000000008002f74                USART6_IRQHandler
                0x0000000008002f74                USART3_IRQHandler
                0x0000000008002f74                CAN1_RX1_IRQHandler
                0x0000000008002f74                UART5_IRQHandler
                0x0000000008002f74                I2C1_EV_IRQHandler
                0x0000000008002f74                DMA1_Stream6_IRQHandler
                0x0000000008002f74                DMA1_Stream1_IRQHandler
                0x0000000008002f74                UART4_IRQHandler
                0x0000000008002f74                TIM3_IRQHandler
                0x0000000008002f74                RCC_IRQHandler
                0x0000000008002f74                TIM8_BRK_TIM12_IRQHandler
                0x0000000008002f74                Default_Handler
                0x0000000008002f74                ADC_IRQHandler
                0x0000000008002f74                DMA1_Stream7_IRQHandler
                0x0000000008002f74                SPI5_IRQHandler
                0x0000000008002f74                CAN2_TX_IRQHandler
                0x0000000008002f74                TIM5_IRQHandler
                0x0000000008002f74                DMA2_Stream7_IRQHandler
                0x0000000008002f74                I2C3_EV_IRQHandler
                0x0000000008002f74                EXTI9_5_IRQHandler
                0x0000000008002f74                RTC_WKUP_IRQHandler
                0x0000000008002f74                LTDC_IRQHandler
                0x0000000008002f74                ETH_WKUP_IRQHandler
                0x0000000008002f74                SPI2_IRQHandler
                0x0000000008002f74                OTG_HS_EP1_IN_IRQHandler
                0x0000000008002f74                DMA1_Stream0_IRQHandler
                0x0000000008002f74                CAN1_TX_IRQHandler
                0x0000000008002f74                EXTI4_IRQHandler
                0x0000000008002f74                ETH_IRQHandler
                0x0000000008002f74                OTG_HS_EP1_OUT_IRQHandler
                0x0000000008002f74                WWDG_IRQHandler
                0x0000000008002f74                SPI6_IRQHandler
                0x0000000008002f74                TIM2_IRQHandler
                0x0000000008002f74                OTG_FS_WKUP_IRQHandler
                0x0000000008002f74                TIM1_TRG_COM_TIM11_IRQHandler
                0x0000000008002f74                OTG_HS_IRQHandler
                0x0000000008002f74                DMA2D_IRQHandler
                0x0000000008002f74                EXTI1_IRQHandler
                0x0000000008002f74                UART7_IRQHandler
                0x0000000008002f74                USART2_IRQHandler
                0x0000000008002f74                I2C2_ER_IRQHandler
                0x0000000008002f74                DMA2_Stream1_IRQHandler
                0x0000000008002f74                CAN1_SCE_IRQHandler
                0x0000000008002f74                FLASH_IRQHandler
                0x0000000008002f74                DMA2_Stream4_IRQHandler
                0x0000000008002f74                USART1_IRQHandler
                0x0000000008002f74                OTG_FS_IRQHandler
                0x0000000008002f74                SPI3_IRQHandler
                0x0000000008002f74                DMA1_Stream4_IRQHandler
                0x0000000008002f74                I2C1_ER_IRQHandler
                0x0000000008002f74                FMC_IRQHandler
                0x0000000008002f74                DMA2_Stream6_IRQHandler
                0x0000000008002f74                SAI1_IRQHandler
                0x0000000008002f74                DMA1_Stream3_IRQHandler
 *fill*         0x0000000008002f76        0x2 
 .text.HAL_InitTick
                0x0000000008002f78       0x48 ./Drivers/STM32F4xx_HAL_Driver/Src/stm32f4xx_hal.o
                0x0000000008002f78                HAL_InitTick
 .text.HAL_Init
                0x0000000008002fc0       0x34 ./Drivers/STM32F4xx_HAL_Driver/Src/stm32f4xx_hal.o
                0x0000000008002fc0                HAL_Init
 .text.HAL_IncTick
                0x0000000008002ff4       0x18 ./Drivers/STM32F4xx_HAL_Driver/Src/stm32f4xx_hal.o
                0x0000000008002ff4                HAL_IncTick
 .text.HAL_GetTick
                0x000000000800300c        0xc ./Drivers/STM32F4xx_HAL_Driver/Src/stm32f4xx_hal.o
                0x000000000800300c                HAL_GetTick
 .text.HAL_Delay
                0x0000000008003018       0x28 ./Drivers/STM32F4xx_HAL_Driver/Src/stm32f4xx_hal.o
                0x0000000008003018                HAL_Delay
 .text.HAL_ADC_Init
                0x0000000008003040      0x14c ./Drivers/STM32F4xx_HAL_Driver/Src/stm32f4xx_hal_adc.o
                0x0000000008003040                HAL_ADC_Init
 .text.HAL_ADC_Start_DMA
                0x000000000800318c      0x15c ./Drivers/STM32F4xx_HAL_Driver/Src/stm32f4xx_hal_adc.o
                0x000000000800318c                HAL_ADC_Start_DMA
 .text.HAL_ADC_Stop_DMA
                0x00000000080032e8       0x72 ./Drivers/STM32F4xx_HAL_Driver/Src/stm32f4xx_hal_adc.o
                0x00000000080032e8                HAL_ADC_Stop_DMA
 .text.HAL_ADC_ConvHalfCpltCallback
                0x000000000800335a        0x2 ./Drivers/STM32F4xx_HAL_Driver/Src/stm32f4xx_hal_adc.o
                0x000000000800335a                HAL_ADC_ConvHalfCpltCallback
 .text.ADC_DMAHalfConvCplt
                0x000000000800335c        0xa ./Drivers/STM32F4xx_HAL_Driver/Src/stm32f4xx_hal_adc.o
 .text.HAL_ADC_ErrorCallback
                0x0000000008003366        0x2 ./Drivers/STM32F4xx_HAL_Driver/Src/stm32f4xx_hal_adc.o
                0x0000000008003366                HAL_ADC_ErrorCallback
 .text.ADC_DMAError
                0x0000000008003368       0x16 ./Drivers/STM32F4xx_HAL_Driver/Src/stm32f4xx_hal_adc.o
 .text.ADC_DMAConvCplt
                0x000000000800337e       0x6c ./Drivers/STM32F4xx_HAL_Driver/Src/stm32f4xx_hal_adc.o
 *fill*         0x00000000080033ea        0x2 
 .text.HAL_ADC_ConfigChannel
                0x00000000080033ec      0x134 ./Drivers/STM32F4xx_HAL_Driver/Src/stm32f4xx_hal_adc.o
                0x00000000080033ec                HAL_ADC_ConfigChannel
 .text.HAL_NVIC_SetPriorityGrouping
                0x0000000008003520       0x24 ./Drivers/STM32F4xx_HAL_Driver/Src/stm32f4xx_hal_cortex.o
                0x0000000008003520                HAL_NVIC_SetPriorityGrouping
 .text.HAL_NVIC_SetPriority
                0x0000000008003544       0x64 ./Drivers/STM32F4xx_HAL_Driver/Src/stm32f4xx_hal_cortex.o
                0x0000000008003544                HAL_NVIC_SetPriority
 .text.HAL_NVIC_EnableIRQ
                0x00000000080035a8       0x1c ./Drivers/STM32F4xx_HAL_Driver/Src/stm32f4xx_hal_cortex.o
                0x00000000080035a8                HAL_NVIC_EnableIRQ
 .text.HAL_SYSTICK_Config
                0x00000000080035c4       0x28 ./Drivers/STM32F4xx_HAL_Driver/Src/stm32f4xx_hal_cortex.o
                0x00000000080035c4                HAL_SYSTICK_Config
 .text.DMA_CalcBaseAndBitshift
                0x00000000080035ec       0x2c ./Drivers/STM32F4xx_HAL_Driver/Src/stm32f4xx_hal_dma.o
 .text.HAL_DMA_Init
                0x0000000008003618       0xfc ./Drivers/STM32F4xx_HAL_Driver/Src/stm32f4xx_hal_dma.o
                0x0000000008003618                HAL_DMA_Init
 .text.HAL_DMA_Start_IT
                0x0000000008003714       0x74 ./Drivers/STM32F4xx_HAL_Driver/Src/stm32f4xx_hal_dma.o
                0x0000000008003714                HAL_DMA_Start_IT
 .text.HAL_DMA_Abort
                0x0000000008003788       0x7e ./Drivers/STM32F4xx_HAL_Driver/Src/stm32f4xx_hal_dma.o
                0x0000000008003788                HAL_DMA_Abort
 *fill*         0x0000000008003806        0x2 
 .text.HAL_DMA_IRQHandler
                0x0000000008003808      0x17c ./Drivers/STM32F4xx_HAL_Driver/Src/stm32f4xx_hal_dma.o
                0x0000000008003808                HAL_DMA_IRQHandler
 .text.ETH_SetMACConfig
                0x0000000008003984       0xe4 ./Drivers/STM32F4xx_HAL_Driver/Src/stm32f4xx_hal_eth.o
 .text.ETH_SetDMAConfig
                0x0000000008003a68       0xa4 ./Drivers/STM32F4xx_HAL_Driver/Src/stm32f4xx_hal_eth.o
 .text.HAL_ETH_Init
                0x0000000008003b0c      0x1d4 ./Drivers/STM32F4xx_HAL_Driver/Src/stm32f4xx_hal_eth.o
                0x0000000008003b0c                HAL_ETH_Init
 .text.HAL_GPIO_Init
                0x0000000008003ce0      0x1cc ./Drivers/STM32F4xx_HAL_Driver/Src/stm32f4xx_hal_gpio.o
                0x0000000008003ce0                HAL_GPIO_Init
 .text.HAL_GPIO_WritePin
                0x0000000008003eac        0xa ./Drivers/STM32F4xx_HAL_Driver/Src/stm32f4xx_hal_gpio.o
                0x0000000008003eac                HAL_GPIO_WritePin
 .text.HAL_GPIO_TogglePin
                0x0000000008003eb6       0x12 ./Drivers/STM32F4xx_HAL_Driver/Src/stm32f4xx_hal_gpio.o
                0x0000000008003eb6                HAL_GPIO_TogglePin
 .text.HAL_GPIO_EXTI_IRQHandler
                0x0000000008003ec8       0x18 ./Drivers/STM32F4xx_HAL_Driver/Src/stm32f4xx_hal_gpio.o
                0x0000000008003ec8                HAL_GPIO_EXTI_IRQHandler
 .text.I2C_IsAcknowledgeFailed
                0x0000000008003ee0       0x34 ./Drivers/STM32F4xx_HAL_Driver/Src/stm32f4xx_hal_i2c.o
 .text.I2C_WaitOnFlagUntilTimeout
                0x0000000008003f14       0x64 ./Drivers/STM32F4xx_HAL_Driver/Src/stm32f4xx_hal_i2c.o
 .text.I2C_WaitOnMasterAddressFlagUntilTimeout
                0x0000000008003f78       0x76 ./Drivers/STM32F4xx_HAL_Driver/Src/stm32f4xx_hal_i2c.o
 .text.I2C_WaitOnTXEFlagUntilTimeout
                0x0000000008003fee       0x4c ./Drivers/STM32F4xx_HAL_Driver/Src/stm32f4xx_hal_i2c.o
 *fill*         0x000000000800403a        0x2 
 .text.I2C_RequestMemoryWrite
                0x000000000800403c       0xb0 ./Drivers/STM32F4xx_HAL_Driver/Src/stm32f4xx_hal_i2c.o
 .text.I2C_WaitOnBTFFlagUntilTimeout
                0x00000000080040ec       0x4c ./Drivers/STM32F4xx_HAL_Driver/Src/stm32f4xx_hal_i2c.o
 .text.HAL_I2C_Init
                0x0000000008004138      0x150 ./Drivers/STM32F4xx_HAL_Driver/Src/stm32f4xx_hal_i2c.o
                0x0000000008004138                HAL_I2C_Init
 .text.HAL_I2C_Master_Transmit
                0x0000000008004288      0x1b0 ./Drivers/STM32F4xx_HAL_Driver/Src/stm32f4xx_hal_i2c.o
                0x0000000008004288                HAL_I2C_Master_Transmit
 .text.HAL_I2C_Mem_Write
                0x0000000008004438      0x120 ./Drivers/STM32F4xx_HAL_Driver/Src/stm32f4xx_hal_i2c.o
                0x0000000008004438                HAL_I2C_Mem_Write
 .text.HAL_I2C_IsDeviceReady
                0x0000000008004558      0x160 ./Drivers/STM32F4xx_HAL_Driver/Src/stm32f4xx_hal_i2c.o
                0x0000000008004558                HAL_I2C_IsDeviceReady
 .text.HAL_I2CEx_ConfigAnalogFilter
                0x00000000080046b8       0x3e ./Drivers/STM32F4xx_HAL_Driver/Src/stm32f4xx_hal_i2c_ex.o
                0x00000000080046b8                HAL_I2CEx_ConfigAnalogFilter
 .text.HAL_I2CEx_ConfigDigitalFilter
                0x00000000080046f6       0x3e ./Drivers/STM32F4xx_HAL_Driver/Src/stm32f4xx_hal_i2c_ex.o
                0x00000000080046f6                HAL_I2CEx_ConfigDigitalFilter
 .text.HAL_PCD_Init
                0x0000000008004734      0x10a ./Drivers/STM32F4xx_HAL_Driver/Src/stm32f4xx_hal_pcd.o
                0x0000000008004734                HAL_PCD_Init
 *fill*         0x000000000800483e        0x2 
 .text.HAL_RCC_OscConfig
                0x0000000008004840      0x358 ./Drivers/STM32F4xx_HAL_Driver/Src/stm32f4xx_hal_rcc.o
                0x0000000008004840                HAL_RCC_OscConfig
 .text.HAL_RCC_GetSysClockFreq
                0x0000000008004b98       0x5c ./Drivers/STM32F4xx_HAL_Driver/Src/stm32f4xx_hal_rcc.o
                0x0000000008004b98                HAL_RCC_GetSysClockFreq
 .text.HAL_RCC_ClockConfig
                0x0000000008004bf4      0x134 ./Drivers/STM32F4xx_HAL_Driver/Src/stm32f4xx_hal_rcc.o
                0x0000000008004bf4                HAL_RCC_ClockConfig
 .text.HAL_RCC_GetPCLK1Freq
                0x0000000008004d28       0x20 ./Drivers/STM32F4xx_HAL_Driver/Src/stm32f4xx_hal_rcc.o
                0x0000000008004d28                HAL_RCC_GetPCLK1Freq
 .text.HAL_RCC_GetPCLK2Freq
                0x0000000008004d48       0x20 ./Drivers/STM32F4xx_HAL_Driver/Src/stm32f4xx_hal_rcc.o
                0x0000000008004d48                HAL_RCC_GetPCLK2Freq
 .text.HAL_TIM_Base_Start_IT
                0x0000000008004d68       0x74 ./Drivers/STM32F4xx_HAL_Driver/Src/stm32f4xx_hal_tim.o
                0x0000000008004d68                HAL_TIM_Base_Start_IT
 .text.HAL_TIM_Base_Stop_IT
                0x0000000008004ddc       0x30 ./Drivers/STM32F4xx_HAL_Driver/Src/stm32f4xx_hal_tim.o
                0x0000000008004ddc                HAL_TIM_Base_Stop_IT
 .text.HAL_TIM_OC_DelayElapsedCallback
                0x0000000008004e0c        0x2 ./Drivers/STM32F4xx_HAL_Driver/Src/stm32f4xx_hal_tim.o
                0x0000000008004e0c                HAL_TIM_OC_DelayElapsedCallback
 .text.HAL_TIM_IC_CaptureCallback
                0x0000000008004e0e        0x2 ./Drivers/STM32F4xx_HAL_Driver/Src/stm32f4xx_hal_tim.o
                0x0000000008004e0e                HAL_TIM_IC_CaptureCallback
 .text.HAL_TIM_PWM_PulseFinishedCallback
                0x0000000008004e10        0x2 ./Drivers/STM32F4xx_HAL_Driver/Src/stm32f4xx_hal_tim.o
                0x0000000008004e10                HAL_TIM_PWM_PulseFinishedCallback
 .text.HAL_TIM_TriggerCallback
                0x0000000008004e12        0x2 ./Drivers/STM32F4xx_HAL_Driver/Src/stm32f4xx_hal_tim.o
                0x0000000008004e12                HAL_TIM_TriggerCallback
 .text.HAL_TIM_IRQHandler
                0x0000000008004e14      0x144 ./Drivers/STM32F4xx_HAL_Driver/Src/stm32f4xx_hal_tim.o
                0x0000000008004e14                HAL_TIM_IRQHandler
 .text.HAL_TIM_Base_GetState
                0x0000000008004f58        0x6 ./Drivers/STM32F4xx_HAL_Driver/Src/stm32f4xx_hal_tim.o
                0x0000000008004f58                HAL_TIM_Base_GetState
 *fill*         0x0000000008004f5e        0x2 
 .text.TIM_Base_SetConfig
                0x0000000008004f60       0xcc ./Drivers/STM32F4xx_HAL_Driver/Src/stm32f4xx_hal_tim.o
                0x0000000008004f60                TIM_Base_SetConfig
 .text.HAL_TIM_Base_Init
                0x000000000800502c       0x58 ./Drivers/STM32F4xx_HAL_Driver/Src/stm32f4xx_hal_tim.o
                0x000000000800502c                HAL_TIM_Base_Init
 .text.TIM_ETR_SetConfig
                0x0000000008005084       0x14 ./Drivers/STM32F4xx_HAL_Driver/Src/stm32f4xx_hal_tim.o
                0x0000000008005084                TIM_ETR_SetConfig
 .text.HAL_TIM_ConfigClockSource
                0x0000000008005098      0x132 ./Drivers/STM32F4xx_HAL_Driver/Src/stm32f4xx_hal_tim.o
                0x0000000008005098                HAL_TIM_ConfigClockSource
 *fill*         0x00000000080051ca        0x2 
 .text.HAL_TIMEx_MasterConfigSynchronization
                0x00000000080051cc       0x7c ./Drivers/STM32F4xx_HAL_Driver/Src/stm32f4xx_hal_tim_ex.o
                0x00000000080051cc                HAL_TIMEx_MasterConfigSynchronization
 .text.HAL_TIMEx_CommutCallback
                0x0000000008005248        0x2 ./Drivers/STM32F4xx_HAL_Driver/Src/stm32f4xx_hal_tim_ex.o
                0x0000000008005248                HAL_TIMEx_CommutCallback
 .text.HAL_TIMEx_BreakCallback
                0x000000000800524a        0x2 ./Drivers/STM32F4xx_HAL_Driver/Src/stm32f4xx_hal_tim_ex.o
                0x000000000800524a                HAL_TIMEx_BreakCallback
 .text.UART_SetConfig
                0x000000000800524c       0xbc ./Drivers/STM32F4xx_HAL_Driver/Src/stm32f4xx_hal_uart.o
 .text.HAL_UART_Init
                0x0000000008005308       0x5c ./Drivers/STM32F4xx_HAL_Driver/Src/stm32f4xx_hal_uart.o
                0x0000000008005308                HAL_UART_Init
 .text.USB_CoreReset
                0x0000000008005364       0x4c ./Drivers/STM32F4xx_HAL_Driver/Src/stm32f4xx_ll_usb.o
 .text.USB_CoreInit
                0x00000000080053b0       0x80 ./Drivers/STM32F4xx_HAL_Driver/Src/stm32f4xx_ll_usb.o
                0x00000000080053b0                USB_CoreInit
 .text.USB_DisableGlobalInt
                0x0000000008005430        0xc ./Drivers/STM32F4xx_HAL_Driver/Src/stm32f4xx_ll_usb.o
                0x0000000008005430                USB_DisableGlobalInt
 .text.USB_SetCurrentMode
                0x000000000800543c       0x60 ./Drivers/STM32F4xx_HAL_Driver/Src/stm32f4xx_ll_usb.o
                0x000000000800543c                USB_SetCurrentMode
 .text.USB_FlushTxFifo
                0x000000000800549c       0x4c ./Drivers/STM32F4xx_HAL_Driver/Src/stm32f4xx_ll_usb.o
                0x000000000800549c                USB_FlushTxFifo
 .text.USB_FlushRxFifo
                0x00000000080054e8       0x48 ./Drivers/STM32F4xx_HAL_Driver/Src/stm32f4xx_ll_usb.o
                0x00000000080054e8                USB_FlushRxFifo
 .text.USB_SetDevSpeed
                0x0000000008005530        0xe ./Drivers/STM32F4xx_HAL_Driver/Src/stm32f4xx_ll_usb.o
                0x0000000008005530                USB_SetDevSpeed
 *fill*         0x000000000800553e        0x2 
 .text.USB_DevInit
                0x0000000008005540      0x170 ./Drivers/STM32F4xx_HAL_Driver/Src/stm32f4xx_ll_usb.o
                0x0000000008005540                USB_DevInit
 .text.USB_DevDisconnect
                0x00000000080056b0       0x1c ./Drivers/STM32F4xx_HAL_Driver/Src/stm32f4xx_ll_usb.o
                0x00000000080056b0                USB_DevDisconnect
 .text._ZdlPvj  0x00000000080056cc        0x4 /opt/st/stm32cubeide_1.13.2/plugins/com.st.stm32cube.ide.mcu.externaltools.gnu-tools-for-stm32.11.3.rel1.linux64_1.1.1.202309131626/tools/bin/../lib/gcc/arm-none-eabi/11.3.1/../../../../arm-none-eabi/lib/thumb/v7e-m+fp/hard/libstdc++_nano.a(del_ops.o)
                0x00000000080056cc                operator delete(void*, unsigned int)
 .text._Znwj    0x00000000080056d0       0x22 /opt/st/stm32cubeide_1.13.2/plugins/com.st.stm32cube.ide.mcu.externaltools.gnu-tools-for-stm32.11.3.rel1.linux64_1.1.1.202309131626/tools/bin/../lib/gcc/arm-none-eabi/11.3.1/../../../../arm-none-eabi/lib/thumb/v7e-m+fp/hard/libstdc++_nano.a(new_op.o)
                0x00000000080056d0                operator new(unsigned int)
 .text.unlikely._ZSt17__throw_bad_allocv
                0x00000000080056f2        0x6 /opt/st/stm32cubeide_1.13.2/plugins/com.st.stm32cube.ide.mcu.externaltools.gnu-tools-for-stm32.11.3.rel1.linux64_1.1.1.202309131626/tools/bin/../lib/gcc/arm-none-eabi/11.3.1/../../../../arm-none-eabi/lib/thumb/v7e-m+fp/hard/libstdc++_nano.a(functexcept.o)
                0x00000000080056f2                std::__throw_bad_alloc()
 .text.unlikely._ZSt28__throw_bad_array_new_lengthv
                0x00000000080056f8        0x6 /opt/st/stm32cubeide_1.13.2/plugins/com.st.stm32cube.ide.mcu.externaltools.gnu-tools-for-stm32.11.3.rel1.linux64_1.1.1.202309131626/tools/bin/../lib/gcc/arm-none-eabi/11.3.1/../../../../arm-none-eabi/lib/thumb/v7e-m+fp/hard/libstdc++_nano.a(functexcept.o)
                0x00000000080056f8                std::__throw_bad_array_new_length()
 .text.unlikely._ZSt20__throw_length_errorPKc
                0x00000000080056fe        0x6 /opt/st/stm32cubeide_1.13.2/plugins/com.st.stm32cube.ide.mcu.externaltools.gnu-tools-for-stm32.11.3.rel1.linux64_1.1.1.202309131626/tools/bin/../lib/gcc/arm-none-eabi/11.3.1/../../../../arm-none-eabi/lib/thumb/v7e-m+fp/hard/libstdc++_nano.a(functexcept.o)
                0x00000000080056fe                std::__throw_length_error(char const*)
 .text._ZdlPv   0x0000000008005704        0x4 /opt/st/stm32cubeide_1.13.2/plugins/com.st.stm32cube.ide.mcu.externaltools.gnu-tools-for-stm32.11.3.rel1.linux64_1.1.1.202309131626/tools/bin/../lib/gcc/arm-none-eabi/11.3.1/../../../../arm-none-eabi/lib/thumb/v7e-m+fp/hard/libstdc++_nano.a(del_op.o)
                0x0000000008005704                operator delete(void*)
 .text._ZSt15get_new_handlerv
                0x0000000008005708       0x10 /opt/st/stm32cubeide_1.13.2/plugins/com.st.stm32cube.ide.mcu.externaltools.gnu-tools-for-stm32.11.3.rel1.linux64_1.1.1.202309131626/tools/bin/../lib/gcc/arm-none-eabi/11.3.1/../../../../arm-none-eabi/lib/thumb/v7e-m+fp/hard/libstdc++_nano.a(new_handler.o)
                0x0000000008005708                std::get_new_handler()
 .text.abort    0x0000000008005718        0xe /opt/st/stm32cubeide_1.13.2/plugins/com.st.stm32cube.ide.mcu.externaltools.gnu-tools-for-stm32.11.3.rel1.linux64_1.1.1.202309131626/tools/bin/../lib/gcc/arm-none-eabi/11.3.1/../../../../arm-none-eabi/lib/thumb/v7e-m+fp/hard/libc_nano.a(libc_a-abort.o)
                0x0000000008005718                abort
 *fill*         0x0000000008005726        0x2 
 .text.malloc   0x0000000008005728       0x10 /opt/st/stm32cubeide_1.13.2/plugins/com.st.stm32cube.ide.mcu.externaltools.gnu-tools-for-stm32.11.3.rel1.linux64_1.1.1.202309131626/tools/bin/../lib/gcc/arm-none-eabi/11.3.1/../../../../arm-none-eabi/lib/thumb/v7e-m+fp/hard/libc_nano.a(libc_a-malloc.o)
                0x0000000008005728                malloc
 .text.free     0x0000000008005738       0x10 /opt/st/stm32cubeide_1.13.2/plugins/com.st.stm32cube.ide.mcu.externaltools.gnu-tools-for-stm32.11.3.rel1.linux64_1.1.1.202309131626/tools/bin/../lib/gcc/arm-none-eabi/11.3.1/../../../../arm-none-eabi/lib/thumb/v7e-m+fp/hard/libc_nano.a(libc_a-malloc.o)
                0x0000000008005738                free
 .text.sbrk_aligned
                0x0000000008005748       0x40 /opt/st/stm32cubeide_1.13.2/plugins/com.st.stm32cube.ide.mcu.externaltools.gnu-tools-for-stm32.11.3.rel1.linux64_1.1.1.202309131626/tools/bin/../lib/gcc/arm-none-eabi/11.3.1/../../../../arm-none-eabi/lib/thumb/v7e-m+fp/hard/libc_nano.a(libc_a-mallocr.o)
 .text._malloc_r
                0x0000000008005788      0x100 /opt/st/stm32cubeide_1.13.2/plugins/com.st.stm32cube.ide.mcu.externaltools.gnu-tools-for-stm32.11.3.rel1.linux64_1.1.1.202309131626/tools/bin/../lib/gcc/arm-none-eabi/11.3.1/../../../../arm-none-eabi/lib/thumb/v7e-m+fp/hard/libc_nano.a(libc_a-mallocr.o)
                0x0000000008005788                _malloc_r
 .text.__malloc_lock
                0x0000000008005888        0xc /opt/st/stm32cubeide_1.13.2/plugins/com.st.stm32cube.ide.mcu.externaltools.gnu-tools-for-stm32.11.3.rel1.linux64_1.1.1.202309131626/tools/bin/../lib/gcc/arm-none-eabi/11.3.1/../../../../arm-none-eabi/lib/thumb/v7e-m+fp/hard/libc_nano.a(libc_a-mlock.o)
                0x0000000008005888                __malloc_lock
 .text.__malloc_unlock
                0x0000000008005894        0xc /opt/st/stm32cubeide_1.13.2/plugins/com.st.stm32cube.ide.mcu.externaltools.gnu-tools-for-stm32.11.3.rel1.linux64_1.1.1.202309131626/tools/bin/../lib/gcc/arm-none-eabi/11.3.1/../../../../arm-none-eabi/lib/thumb/v7e-m+fp/hard/libc_nano.a(libc_a-mlock.o)
                0x0000000008005894                __malloc_unlock
 .text.sprintf  0x00000000080058a0       0x40 /opt/st/stm32cubeide_1.13.2/plugins/com.st.stm32cube.ide.mcu.externaltools.gnu-tools-for-stm32.11.3.rel1.linux64_1.1.1.202309131626/tools/bin/../lib/gcc/arm-none-eabi/11.3.1/../../../../arm-none-eabi/lib/thumb/v7e-m+fp/hard/libc_nano.a(libc_a-sprintf.o)
                0x00000000080058a0                sprintf
                0x00000000080058a0                siprintf
 .text._vsnprintf_r
                0x00000000080058e0       0x56 /opt/st/stm32cubeide_1.13.2/plugins/com.st.stm32cube.ide.mcu.externaltools.gnu-tools-for-stm32.11.3.rel1.linux64_1.1.1.202309131626/tools/bin/../lib/gcc/arm-none-eabi/11.3.1/../../../../arm-none-eabi/lib/thumb/v7e-m+fp/hard/libc_nano.a(libc_a-vsnprintf.o)
                0x00000000080058e0                _vsnprintf_r
                0x00000000080058e0                _vsniprintf_r
 *fill*         0x0000000008005936        0x2 
 .text.vsnprintf
                0x0000000008005938       0x1c /opt/st/stm32cubeide_1.13.2/plugins/com.st.stm32cube.ide.mcu.externaltools.gnu-tools-for-stm32.11.3.rel1.linux64_1.1.1.202309131626/tools/bin/../lib/gcc/arm-none-eabi/11.3.1/../../../../arm-none-eabi/lib/thumb/v7e-m+fp/hard/libc_nano.a(libc_a-vsnprintf.o)
                0x0000000008005938                vsnprintf
                0x0000000008005938                vsniprintf
 .text.memmove  0x0000000008005954       0x34 /opt/st/stm32cubeide_1.13.2/plugins/com.st.stm32cube.ide.mcu.externaltools.gnu-tools-for-stm32.11.3.rel1.linux64_1.1.1.202309131626/tools/bin/../lib/gcc/arm-none-eabi/11.3.1/../../../../arm-none-eabi/lib/thumb/v7e-m+fp/hard/libc_nano.a(libc_a-memmove.o)
                0x0000000008005954                memmove
 .text.memset   0x0000000008005988       0x10 /opt/st/stm32cubeide_1.13.2/plugins/com.st.stm32cube.ide.mcu.externaltools.gnu-tools-for-stm32.11.3.rel1.linux64_1.1.1.202309131626/tools/bin/../lib/gcc/arm-none-eabi/11.3.1/../../../../arm-none-eabi/lib/thumb/v7e-m+fp/hard/libc_nano.a(libc_a-memset.o)
                0x0000000008005988                memset
 .text._raise_r
                0x0000000008005998       0x50 /opt/st/stm32cubeide_1.13.2/plugins/com.st.stm32cube.ide.mcu.externaltools.gnu-tools-for-stm32.11.3.rel1.linux64_1.1.1.202309131626/tools/bin/../lib/gcc/arm-none-eabi/11.3.1/../../../../arm-none-eabi/lib/thumb/v7e-m+fp/hard/libc_nano.a(libc_a-signal.o)
                0x0000000008005998                _raise_r
 .text.raise    0x00000000080059e8       0x10 /opt/st/stm32cubeide_1.13.2/plugins/com.st.stm32cube.ide.mcu.externaltools.gnu-tools-for-stm32.11.3.rel1.linux64_1.1.1.202309131626/tools/bin/../lib/gcc/arm-none-eabi/11.3.1/../../../../arm-none-eabi/lib/thumb/v7e-m+fp/hard/libc_nano.a(libc_a-signal.o)
                0x00000000080059e8                raise
 .text._kill_r  0x00000000080059f8       0x24 /opt/st/stm32cubeide_1.13.2/plugins/com.st.stm32cube.ide.mcu.externaltools.gnu-tools-for-stm32.11.3.rel1.linux64_1.1.1.202309131626/tools/bin/../lib/gcc/arm-none-eabi/11.3.1/../../../../arm-none-eabi/lib/thumb/v7e-m+fp/hard/libc_nano.a(libc_a-signalr.o)
                0x00000000080059f8                _kill_r
 .text._getpid_r
                0x0000000008005a1c        0x4 /opt/st/stm32cubeide_1.13.2/plugins/com.st.stm32cube.ide.mcu.externaltools.gnu-tools-for-stm32.11.3.rel1.linux64_1.1.1.202309131626/tools/bin/../lib/gcc/arm-none-eabi/11.3.1/../../../../arm-none-eabi/lib/thumb/v7e-m+fp/hard/libc_nano.a(libc_a-signalr.o)
                0x0000000008005a1c                _getpid_r
 .text._sbrk_r  0x0000000008005a20       0x20 /opt/st/stm32cubeide_1.13.2/plugins/com.st.stm32cube.ide.mcu.externaltools.gnu-tools-for-stm32.11.3.rel1.linux64_1.1.1.202309131626/tools/bin/../lib/gcc/arm-none-eabi/11.3.1/../../../../arm-none-eabi/lib/thumb/v7e-m+fp/hard/libc_nano.a(libc_a-sbrkr.o)
                0x0000000008005a20                _sbrk_r
 .text.__errno  0x0000000008005a40        0xc /opt/st/stm32cubeide_1.13.2/plugins/com.st.stm32cube.ide.mcu.externaltools.gnu-tools-for-stm32.11.3.rel1.linux64_1.1.1.202309131626/tools/bin/../lib/gcc/arm-none-eabi/11.3.1/../../../../arm-none-eabi/lib/thumb/v7e-m+fp/hard/libc_nano.a(libc_a-errno.o)
                0x0000000008005a40                __errno
 .text.__libc_init_array
                0x0000000008005a4c       0x48 /opt/st/stm32cubeide_1.13.2/plugins/com.st.stm32cube.ide.mcu.externaltools.gnu-tools-for-stm32.11.3.rel1.linux64_1.1.1.202309131626/tools/bin/../lib/gcc/arm-none-eabi/11.3.1/../../../../arm-none-eabi/lib/thumb/v7e-m+fp/hard/libc_nano.a(libc_a-init.o)
                0x0000000008005a4c                __libc_init_array
 .text.__retarget_lock_acquire_recursive
                0x0000000008005a94        0x2 /opt/st/stm32cubeide_1.13.2/plugins/com.st.stm32cube.ide.mcu.externaltools.gnu-tools-for-stm32.11.3.rel1.linux64_1.1.1.202309131626/tools/bin/../lib/gcc/arm-none-eabi/11.3.1/../../../../arm-none-eabi/lib/thumb/v7e-m+fp/hard/libc_nano.a(libc_a-lock.o)
                0x0000000008005a94                __retarget_lock_acquire_recursive
 .text.__retarget_lock_release_recursive
                0x0000000008005a96        0x2 /opt/st/stm32cubeide_1.13.2/plugins/com.st.stm32cube.ide.mcu.externaltools.gnu-tools-for-stm32.11.3.rel1.linux64_1.1.1.202309131626/tools/bin/../lib/gcc/arm-none-eabi/11.3.1/../../../../arm-none-eabi/lib/thumb/v7e-m+fp/hard/libc_nano.a(libc_a-lock.o)
                0x0000000008005a96                __retarget_lock_release_recursive
 .text.memcpy   0x0000000008005a98       0x1c /opt/st/stm32cubeide_1.13.2/plugins/com.st.stm32cube.ide.mcu.externaltools.gnu-tools-for-stm32.11.3.rel1.linux64_1.1.1.202309131626/tools/bin/../lib/gcc/arm-none-eabi/11.3.1/../../../../arm-none-eabi/lib/thumb/v7e-m+fp/hard/libc_nano.a(libc_a-memcpy-stub.o)
                0x0000000008005a98                memcpy
 .text._free_r  0x0000000008005ab4       0x98 /opt/st/stm32cubeide_1.13.2/plugins/com.st.stm32cube.ide.mcu.externaltools.gnu-tools-for-stm32.11.3.rel1.linux64_1.1.1.202309131626/tools/bin/../lib/gcc/arm-none-eabi/11.3.1/../../../../arm-none-eabi/lib/thumb/v7e-m+fp/hard/libc_nano.a(libc_a-freer.o)
                0x0000000008005ab4                _free_r
 .text.__ssputs_r
                0x0000000008005b4c       0xb4 /opt/st/stm32cubeide_1.13.2/plugins/com.st.stm32cube.ide.mcu.externaltools.gnu-tools-for-stm32.11.3.rel1.linux64_1.1.1.202309131626/tools/bin/../lib/gcc/arm-none-eabi/11.3.1/../../../../arm-none-eabi/lib/thumb/v7e-m+fp/hard/libc_nano.a(libc_a-nano-svfprintf.o)
                0x0000000008005b4c                __ssputs_r
 .text._svfprintf_r
                0x0000000008005c00      0x1fc /opt/st/stm32cubeide_1.13.2/plugins/com.st.stm32cube.ide.mcu.externaltools.gnu-tools-for-stm32.11.3.rel1.linux64_1.1.1.202309131626/tools/bin/../lib/gcc/arm-none-eabi/11.3.1/../../../../arm-none-eabi/lib/thumb/v7e-m+fp/hard/libc_nano.a(libc_a-nano-svfprintf.o)
                0x0000000008005c00                _svfprintf_r
                0x0000000008005c00                _svfiprintf_r
 .text._printf_common
                0x0000000008005dfc       0xda /opt/st/stm32cubeide_1.13.2/plugins/com.st.stm32cube.ide.mcu.externaltools.gnu-tools-for-stm32.11.3.rel1.linux64_1.1.1.202309131626/tools/bin/../lib/gcc/arm-none-eabi/11.3.1/../../../../arm-none-eabi/lib/thumb/v7e-m+fp/hard/libc_nano.a(libc_a-nano-vfprintf_i.o)
                0x0000000008005dfc                _printf_common
 *fill*         0x0000000008005ed6        0x2 
 .text._printf_i
                0x0000000008005ed8      0x244 /opt/st/stm32cubeide_1.13.2/plugins/com.st.stm32cube.ide.mcu.externaltools.gnu-tools-for-stm32.11.3.rel1.linux64_1.1.1.202309131626/tools/bin/../lib/gcc/arm-none-eabi/11.3.1/../../../../arm-none-eabi/lib/thumb/v7e-m+fp/hard/libc_nano.a(libc_a-nano-vfprintf_i.o)
                0x0000000008005ed8                _printf_i
 .text._realloc_r
                0x000000000800611c       0x5e /opt/st/stm32cubeide_1.13.2/plugins/com.st.stm32cube.ide.mcu.externaltools.gnu-tools-for-stm32.11.3.rel1.linux64_1.1.1.202309131626/tools/bin/../lib/gcc/arm-none-eabi/11.3.1/../../../../arm-none-eabi/lib/thumb/v7e-m+fp/hard/libc_nano.a(libc_a-reallocr.o)
                0x000000000800611c                _realloc_r
 .text._malloc_usable_size_r
                0x000000000800617a       0x10 /opt/st/stm32cubeide_1.13.2/plugins/com.st.stm32cube.ide.mcu.externaltools.gnu-tools-for-stm32.11.3.rel1.linux64_1.1.1.202309131626/tools/bin/../lib/gcc/arm-none-eabi/11.3.1/../../../../arm-none-eabi/lib/thumb/v7e-m+fp/hard/libc_nano.a(libc_a-msizer.o)
                0x000000000800617a                _malloc_usable_size_r
 *(.glue_7)
 .glue_7        0x000000000800618a        0x0 linker stubs
 *(.glue_7t)
 .glue_7t       0x000000000800618a        0x0 linker stubs
 *(.eh_frame)
 *fill*         0x000000000800618a        0x2 
 .eh_frame      0x000000000800618c        0x0 /opt/st/stm32cubeide_1.13.2/plugins/com.st.stm32cube.ide.mcu.externaltools.gnu-tools-for-stm32.11.3.rel1.linux64_1.1.1.202309131626/tools/bin/../lib/gcc/arm-none-eabi/11.3.1/thumb/v7e-m+fp/hard/crtbegin.o
 *(.init)
 .init          0x000000000800618c        0x4 /opt/st/stm32cubeide_1.13.2/plugins/com.st.stm32cube.ide.mcu.externaltools.gnu-tools-for-stm32.11.3.rel1.linux64_1.1.1.202309131626/tools/bin/../lib/gcc/arm-none-eabi/11.3.1/thumb/v7e-m+fp/hard/crti.o
                0x000000000800618c                _init
 .init          0x0000000008006190        0x8 /opt/st/stm32cubeide_1.13.2/plugins/com.st.stm32cube.ide.mcu.externaltools.gnu-tools-for-stm32.11.3.rel1.linux64_1.1.1.202309131626/tools/bin/../lib/gcc/arm-none-eabi/11.3.1/thumb/v7e-m+fp/hard/crtn.o
 *(.fini)
 .fini          0x0000000008006198        0x4 /opt/st/stm32cubeide_1.13.2/plugins/com.st.stm32cube.ide.mcu.externaltools.gnu-tools-for-stm32.11.3.rel1.linux64_1.1.1.202309131626/tools/bin/../lib/gcc/arm-none-eabi/11.3.1/thumb/v7e-m+fp/hard/crti.o
                0x0000000008006198                _fini
 .fini          0x000000000800619c        0x8 /opt/st/stm32cubeide_1.13.2/plugins/com.st.stm32cube.ide.mcu.externaltools.gnu-tools-for-stm32.11.3.rel1.linux64_1.1.1.202309131626/tools/bin/../lib/gcc/arm-none-eabi/11.3.1/thumb/v7e-m+fp/hard/crtn.o
                0x00000000080061a4                . = ALIGN (0x4)
                0x00000000080061a4                _etext = .

.vfp11_veneer   0x00000000080061a4        0x0
 .vfp11_veneer  0x00000000080061a4        0x0 linker stubs

.v4_bx          0x00000000080061a4        0x0
 .v4_bx         0x00000000080061a4        0x0 linker stubs

.iplt           0x00000000080061a4        0x0
 .iplt          0x00000000080061a4        0x0 /opt/st/stm32cubeide_1.13.2/plugins/com.st.stm32cube.ide.mcu.externaltools.gnu-tools-for-stm32.11.3.rel1.linux64_1.1.1.202309131626/tools/bin/../lib/gcc/arm-none-eabi/11.3.1/thumb/v7e-m+fp/hard/crtbegin.o

.rodata         0x00000000080061a4     0x8d90
                0x00000000080061a4                . = ALIGN (0x4)
 *(.rodata)
 .rodata        0x00000000080061a4     0x7000 ./Core/CustomLib/Bitmap.o
 *(.rodata*)
 .rodata._ZTV6Bitmap
                0x000000000800d1a4       0x10 ./Core/CustomLib/Bitmap.o
                0x000000000800d1a4                vtable for Bitmap
 .rodata.Font11x18
                0x000000000800d1b4      0xd5c ./Core/CustomLib/ssd1306_fonts.o
 .rodata.Font6x8
                0x000000000800df10      0x5f0 ./Core/CustomLib/ssd1306_fonts.o
 .rodata.Font7x10
                0x000000000800e500      0x76c ./Core/CustomLib/ssd1306_fonts.o
 .rodata._ZN16CalculationEvent11handleEventEv.str1.1
                0x000000000800ec6c       0x30 ./Core/Src/CalculationEvent.o
 .rodata._ZTV16CalculationEvent
                0x000000000800ec9c       0x14 ./Core/Src/CalculationEvent.o
                0x000000000800ec9c                vtable for CalculationEvent
 .rodata._ZNSt5dequeIP5EventSaIS1_EE12emplace_backIJS1_EEEvDpOT_.str1.1
                0x000000000800ecb0       0x30 ./Core/Src/CancelEvent.o
 .rodata._ZN11CancelEvent11handleEventEv.str1.1
                0x000000000800ecb0       0x61 ./Core/Src/CancelEvent.o
                                         0x62 (size before relaxing)
 *fill*         0x000000000800ed11        0x3 
 .rodata._ZTV11waitingTask
                0x000000000800ed14       0x14 ./Core/Src/CancelEvent.o
                0x000000000800ed14                vtable for waitingTask
 .rodata._ZTV11CancelEvent
                0x000000000800ed28       0x14 ./Core/Src/CancelEvent.o
                0x000000000800ed28                vtable for CancelEvent
 .rodata._ZTV12DisplayEvent
                0x000000000800ed3c       0x14 ./Core/Src/DisplayEvent.o
                0x000000000800ed3c                vtable for DisplayEvent
 .rodata._ZN27FinalCalculationResultEvent11handleEventEv.str1.1
                0x000000000800ed50       0x35 ./Core/Src/FinalCalculationResultEvent.o
                                         0x36 (size before relaxing)
 *fill*         0x000000000800ed85        0x3 
 .rodata._ZTV27FinalCalculationResultEvent
                0x000000000800ed88       0x14 ./Core/Src/FinalCalculationResultEvent.o
                0x000000000800ed88                vtable for FinalCalculationResultEvent
 .rodata._ZTV12TestEventRed
                0x000000000800ed9c       0x14 ./Core/Src/LedEvents.o
                0x000000000800ed9c                vtable for TestEventRed
 .rodata._ZTV13TestEventBlue
                0x000000000800edb0       0x14 ./Core/Src/LedEvents.o
                0x000000000800edb0                vtable for TestEventBlue
 .rodata._ZTV14TestEventGreen
                0x000000000800edc4       0x14 ./Core/Src/LedEvents.o
                0x000000000800edc4                vtable for TestEventGreen
 .rodata._ZTV19TestEventGreenBlink
                0x000000000800edd8       0x14 ./Core/Src/LedEvents.o
                0x000000000800edd8                vtable for TestEventGreenBlink
 .rodata._ZTV8LedEvent
                0x000000000800edec       0x14 ./Core/Src/LedEvents.o
                0x000000000800edec                vtable for LedEvent
 .rodata._ZN17OLED_DisplayEvent17OLED_DisplayMenueEv.str1.1
                0x000000000800ee00       0x36 ./Core/Src/OLED_DisplayEvent.o
 *fill*         0x000000000800ee36        0x2 
 .rodata._ZTV17OLED_DisplayEvent
                0x000000000800ee38       0x14 ./Core/Src/OLED_DisplayEvent.o
                0x000000000800ee38                vtable for OLED_DisplayEvent
 .rodata._ZN8SetUpLcd11handleEventEv.str1.1
                0x000000000800ee4c       0x36 ./Core/Src/SetUpLcd.o
                                         0x37 (size before relaxing)
 *fill*         0x000000000800ee82        0x2 
 .rodata._ZTV8SetUpLcd
                0x000000000800ee84       0x14 ./Core/Src/SetUpLcd.o
                0x000000000800ee84                vtable for SetUpLcd
 .rodata._ZN10StartEvent11handleEventEv.str1.1
                0x000000000800ee98       0x1f ./Core/Src/StartEvent.o
                                         0x20 (size before relaxing)
 *fill*         0x000000000800eeb7        0x1 
 .rodata._ZTV10StartEvent
                0x000000000800eeb8       0x14 ./Core/Src/StartEvent.o
                0x000000000800eeb8                vtable for StartEvent
 .rodata.HAL_ADC_ConvCpltCallback.str1.1
                0x000000000800eecc       0x30 ./Core/Src/StartMeasureEvent.o
 .rodata._ZTV17StartMeasureEvent
                0x000000000800eecc       0x14 ./Core/Src/StartMeasureEvent.o
                0x000000000800eecc                vtable for StartMeasureEvent
 .rodata.AHBPrescTable
                0x000000000800eee0       0x10 ./Core/Src/system_stm32f4xx.o
                0x000000000800eee0                AHBPrescTable
 .rodata.APBPrescTable
                0x000000000800eef0        0x8 ./Core/Src/system_stm32f4xx.o
                0x000000000800eef0                APBPrescTable
 .rodata.flagBitshiftOffset.0
                0x000000000800eef8        0x8 ./Drivers/STM32F4xx_HAL_Driver/Src/stm32f4xx_hal_dma.o
 .rodata._svfprintf_r.str1.1
                0x000000000800ef00       0x11 /opt/st/stm32cubeide_1.13.2/plugins/com.st.stm32cube.ide.mcu.externaltools.gnu-tools-for-stm32.11.3.rel1.linux64_1.1.1.202309131626/tools/bin/../lib/gcc/arm-none-eabi/11.3.1/../../../../arm-none-eabi/lib/thumb/v7e-m+fp/hard/libc_nano.a(libc_a-nano-svfprintf.o)
 .rodata._printf_i.str1.1
                0x000000000800ef11       0x22 /opt/st/stm32cubeide_1.13.2/plugins/com.st.stm32cube.ide.mcu.externaltools.gnu-tools-for-stm32.11.3.rel1.linux64_1.1.1.202309131626/tools/bin/../lib/gcc/arm-none-eabi/11.3.1/../../../../arm-none-eabi/lib/thumb/v7e-m+fp/hard/libc_nano.a(libc_a-nano-vfprintf_i.o)
                0x000000000800ef34                . = ALIGN (0x4)
 *fill*         0x000000000800ef33        0x1 

.ARM.extab      0x000000000800ef34        0x0
                0x000000000800ef34                . = ALIGN (0x4)
 *(.ARM.extab* .gnu.linkonce.armextab.*)
                0x000000000800ef34                . = ALIGN (0x4)

.ARM            0x000000000800ef34        0x8
                0x000000000800ef34                . = ALIGN (0x4)
                0x000000000800ef34                __exidx_start = .
 *(.ARM.exidx*)
 .ARM.exidx     0x000000000800ef34        0x8 /opt/st/stm32cubeide_1.13.2/plugins/com.st.stm32cube.ide.mcu.externaltools.gnu-tools-for-stm32.11.3.rel1.linux64_1.1.1.202309131626/tools/bin/../lib/gcc/arm-none-eabi/11.3.1/thumb/v7e-m+fp/hard/libgcc.a(_udivmoddi4.o)
                0x000000000800ef3c                __exidx_end = .
                0x000000000800ef3c                . = ALIGN (0x4)

.rel.dyn        0x000000000800ef3c        0x0
 .rel.iplt      0x000000000800ef3c        0x0 /opt/st/stm32cubeide_1.13.2/plugins/com.st.stm32cube.ide.mcu.externaltools.gnu-tools-for-stm32.11.3.rel1.linux64_1.1.1.202309131626/tools/bin/../lib/gcc/arm-none-eabi/11.3.1/thumb/v7e-m+fp/hard/crtbegin.o

.preinit_array  0x000000000800ef3c        0x0
                0x000000000800ef3c                . = ALIGN (0x4)
                0x000000000800ef3c                PROVIDE (__preinit_array_start = .)
 *(.preinit_array*)
                0x000000000800ef3c                PROVIDE (__preinit_array_end = .)
                0x000000000800ef3c                . = ALIGN (0x4)

.init_array     0x000000000800ef3c        0x8
                0x000000000800ef3c                . = ALIGN (0x4)
                0x000000000800ef3c                PROVIDE (__init_array_start = .)
 *(SORT_BY_NAME(.init_array.*))
 *(.init_array*)
 .init_array    0x000000000800ef3c        0x4 /opt/st/stm32cubeide_1.13.2/plugins/com.st.stm32cube.ide.mcu.externaltools.gnu-tools-for-stm32.11.3.rel1.linux64_1.1.1.202309131626/tools/bin/../lib/gcc/arm-none-eabi/11.3.1/thumb/v7e-m+fp/hard/crtbegin.o
 .init_array    0x000000000800ef40        0x4 ./Core/Src/main.o
                0x000000000800ef44                PROVIDE (__init_array_end = .)
                0x000000000800ef44                . = ALIGN (0x4)

.fini_array     0x000000000800ef44        0x8
                0x000000000800ef44                . = ALIGN (0x4)
                [!provide]                        PROVIDE (__fini_array_start = .)
 *(SORT_BY_NAME(.fini_array.*))
 *(.fini_array*)
 .fini_array    0x000000000800ef44        0x4 /opt/st/stm32cubeide_1.13.2/plugins/com.st.stm32cube.ide.mcu.externaltools.gnu-tools-for-stm32.11.3.rel1.linux64_1.1.1.202309131626/tools/bin/../lib/gcc/arm-none-eabi/11.3.1/thumb/v7e-m+fp/hard/crtbegin.o
 .fini_array    0x000000000800ef48        0x4 ./Core/Src/main.o
                [!provide]                        PROVIDE (__fini_array_end = .)
                0x000000000800ef4c                . = ALIGN (0x4)
                0x000000000800ef4c                _sidata = LOADADDR (.data)

.data           0x0000000020000000       0x80 load address 0x000000000800ef4c
                0x0000000020000000                . = ALIGN (0x4)
                0x0000000020000000                _sdata = .
 *(.data)
 *(.data*)
 .data.Font_11x18
                0x0000000020000000        0x8 ./Core/CustomLib/ssd1306_fonts.o
                0x0000000020000000                Font_11x18
 .data.Font_6x8
                0x0000000020000008        0x8 ./Core/CustomLib/ssd1306_fonts.o
                0x0000000020000008                Font_6x8
 .data.Font_7x10
                0x0000000020000010        0x8 ./Core/CustomLib/ssd1306_fonts.o
                0x0000000020000010                Font_7x10
 .data.lcd      0x0000000020000018        0xc ./Core/Src/main.o
                0x0000000020000018                lcd
 .data.SystemCoreClock
                0x0000000020000024        0x4 ./Core/Src/system_stm32f4xx.o
                0x0000000020000024                SystemCoreClock
 .data.uwTickFreq
                0x0000000020000028        0x1 ./Drivers/STM32F4xx_HAL_Driver/Src/stm32f4xx_hal.o
                0x0000000020000028                uwTickFreq
 *fill*         0x0000000020000029        0x3 
 .data.uwTickPrio
                0x000000002000002c        0x4 ./Drivers/STM32F4xx_HAL_Driver/Src/stm32f4xx_hal.o
                0x000000002000002c                uwTickPrio
 .data._impure_data
                0x0000000020000030       0x4c /opt/st/stm32cubeide_1.13.2/plugins/com.st.stm32cube.ide.mcu.externaltools.gnu-tools-for-stm32.11.3.rel1.linux64_1.1.1.202309131626/tools/bin/../lib/gcc/arm-none-eabi/11.3.1/../../../../arm-none-eabi/lib/thumb/v7e-m+fp/hard/libc_nano.a(libc_a-impure.o)
                0x0000000020000030                _impure_data
 .data._impure_ptr
                0x000000002000007c        0x4 /opt/st/stm32cubeide_1.13.2/plugins/com.st.stm32cube.ide.mcu.externaltools.gnu-tools-for-stm32.11.3.rel1.linux64_1.1.1.202309131626/tools/bin/../lib/gcc/arm-none-eabi/11.3.1/../../../../arm-none-eabi/lib/thumb/v7e-m+fp/hard/libc_nano.a(libc_a-impure.o)
                0x000000002000007c                _impure_ptr
 *(.RamFunc)
 *(.RamFunc*)
                0x0000000020000080                . = ALIGN (0x4)
                0x0000000020000080                _edata = .
                0x000000000800efcc                _siccmram = LOADADDR (.ccmram)

.igot.plt       0x0000000020000080        0x0 load address 0x000000000800efcc
 .igot.plt      0x0000000020000080        0x0 /opt/st/stm32cubeide_1.13.2/plugins/com.st.stm32cube.ide.mcu.externaltools.gnu-tools-for-stm32.11.3.rel1.linux64_1.1.1.202309131626/tools/bin/../lib/gcc/arm-none-eabi/11.3.1/thumb/v7e-m+fp/hard/crtbegin.o

.ccmram         0x0000000010000000        0x0 load address 0x000000000800efcc
                0x0000000010000000                . = ALIGN (0x4)
                0x0000000010000000                _sccmram = .
 *(.ccmram)
 *(.ccmram*)
                0x0000000010000000                . = ALIGN (0x4)
                0x0000000010000000                _eccmram = .
                0x0000000010000000                . = ALIGN (0x4)

.bss            0x0000000020000080      0xf70
                0x0000000020000080                _sbss = .
                0x0000000020000080                __bss_start__ = _sbss
 *(.bss)
 .bss           0x0000000020000080       0x1c /opt/st/stm32cubeide_1.13.2/plugins/com.st.stm32cube.ide.mcu.externaltools.gnu-tools-for-stm32.11.3.rel1.linux64_1.1.1.202309131626/tools/bin/../lib/gcc/arm-none-eabi/11.3.1/thumb/v7e-m+fp/hard/crtbegin.o
 *(.bss*)
 .bss.SSD1306   0x000000002000009c        0x6 ./Core/CustomLib/ssd1306.o
 .bss.SSD1306_Buffer
                0x00000000200000a2      0x400 ./Core/CustomLib/ssd1306.o
 *fill*         0x00000000200004a2        0x2 
 .bss.DMARxDscrTab
                0x00000000200004a4       0xa0 ./Core/Src/main.o
                0x00000000200004a4                DMARxDscrTab
 .bss.DMATxDscrTab
                0x0000000020000544       0xa0 ./Core/Src/main.o
                0x0000000020000544                DMATxDscrTab
 .bss.T         0x00000000200005e4        0x4 ./Core/Src/main.o
                0x00000000200005e4                T
 .bss.TxConfig  0x00000000200005e8       0x38 ./Core/Src/main.o
                0x00000000200005e8                TxConfig
 .bss._ZZL11MX_ETH_InitvE7MACAddr
                0x0000000020000620        0x6 ./Core/Src/main.o
 .bss.adc_buf   0x0000000020000626        0x2 ./Core/Src/main.o
                0x0000000020000626                adc_buf
 .bss.btnPressedFlag
                0x0000000020000628        0x1 ./Core/Src/main.o
                0x0000000020000628                btnPressedFlag
 *fill*         0x0000000020000629        0x3 
 .bss.event_queue
                0x000000002000062c       0x28 ./Core/Src/main.o
                0x000000002000062c                event_queue
 .bss.hadc1     0x0000000020000654       0x48 ./Core/Src/main.o
                0x0000000020000654                hadc1
 .bss.hdma_adc1
                0x000000002000069c       0x60 ./Core/Src/main.o
                0x000000002000069c                hdma_adc1
 .bss.heth      0x00000000200006fc       0xb0 ./Core/Src/main.o
                0x00000000200006fc                heth
 .bss.hi2c1     0x00000000200007ac       0x54 ./Core/Src/main.o
                0x00000000200007ac                hi2c1
 .bss.hi2c2     0x0000000020000800       0x54 ./Core/Src/main.o
                0x0000000020000800                hi2c2
 .bss.hpcd_USB_OTG_FS
                0x0000000020000854      0x50c ./Core/Src/main.o
                0x0000000020000854                hpcd_USB_OTG_FS
 .bss.htim4     0x0000000020000d60       0x48 ./Core/Src/main.o
                0x0000000020000d60                htim4
 .bss.htim6     0x0000000020000da8       0x48 ./Core/Src/main.o
                0x0000000020000da8                htim6
 .bss.htim7     0x0000000020000df0       0x48 ./Core/Src/main.o
                0x0000000020000df0                htim7
 .bss.huart3    0x0000000020000e38       0x44 ./Core/Src/main.o
                0x0000000020000e38                huart3
 .bss.msgBuffer2
                0x0000000020000e7c       0x10 ./Core/Src/main.o
                0x0000000020000e7c                msgBuffer2
 .bss.reset     0x0000000020000e8c        0x1 ./Core/Src/main.o
                0x0000000020000e8c                reset
 *fill*         0x0000000020000e8d        0x3 
 .bss.t0        0x0000000020000e90        0x4 ./Core/Src/main.o
                0x0000000020000e90                t0
 .bss.t3T       0x0000000020000e94        0x4 ./Core/Src/main.o
                0x0000000020000e94                t3T
 .bss.tim7Time_ms
                0x0000000020000e98        0x2 ./Core/Src/main.o
                0x0000000020000e98                tim7Time_ms
 *fill*         0x0000000020000e9a        0x2 
 .bss.__sbrk_heap_end
                0x0000000020000e9c        0x4 ./Core/Src/sysmem.o
 .bss.uwTick    0x0000000020000ea0        0x4 ./Drivers/STM32F4xx_HAL_Driver/Src/stm32f4xx_hal.o
                0x0000000020000ea0                uwTick
 .bss._ZN12_GLOBAL__N_113__new_handlerE
                0x0000000020000ea4        0x4 /opt/st/stm32cubeide_1.13.2/plugins/com.st.stm32cube.ide.mcu.externaltools.gnu-tools-for-stm32.11.3.rel1.linux64_1.1.1.202309131626/tools/bin/../lib/gcc/arm-none-eabi/11.3.1/../../../../arm-none-eabi/lib/thumb/v7e-m+fp/hard/libstdc++_nano.a(new_handler.o)
 .bss.__malloc_free_list
                0x0000000020000ea8        0x4 /opt/st/stm32cubeide_1.13.2/plugins/com.st.stm32cube.ide.mcu.externaltools.gnu-tools-for-stm32.11.3.rel1.linux64_1.1.1.202309131626/tools/bin/../lib/gcc/arm-none-eabi/11.3.1/../../../../arm-none-eabi/lib/thumb/v7e-m+fp/hard/libc_nano.a(libc_a-mallocr.o)
                0x0000000020000ea8                __malloc_free_list
 .bss.__malloc_sbrk_start
                0x0000000020000eac        0x4 /opt/st/stm32cubeide_1.13.2/plugins/com.st.stm32cube.ide.mcu.externaltools.gnu-tools-for-stm32.11.3.rel1.linux64_1.1.1.202309131626/tools/bin/../lib/gcc/arm-none-eabi/11.3.1/../../../../arm-none-eabi/lib/thumb/v7e-m+fp/hard/libc_nano.a(libc_a-mallocr.o)
                0x0000000020000eac                __malloc_sbrk_start
 .bss.__sf      0x0000000020000eb0      0x138 /opt/st/stm32cubeide_1.13.2/plugins/com.st.stm32cube.ide.mcu.externaltools.gnu-tools-for-stm32.11.3.rel1.linux64_1.1.1.202309131626/tools/bin/../lib/gcc/arm-none-eabi/11.3.1/../../../../arm-none-eabi/lib/thumb/v7e-m+fp/hard/libc_nano.a(libc_a-findfp.o)
                0x0000000020000eb0                __sf
 .bss.errno     0x0000000020000fe8        0x4 /opt/st/stm32cubeide_1.13.2/plugins/com.st.stm32cube.ide.mcu.externaltools.gnu-tools-for-stm32.11.3.rel1.linux64_1.1.1.202309131626/tools/bin/../lib/gcc/arm-none-eabi/11.3.1/../../../../arm-none-eabi/lib/thumb/v7e-m+fp/hard/libc_nano.a(libc_a-reent.o)
                0x0000000020000fe8                errno
 .bss.__lock___malloc_recursive_mutex
                0x0000000020000fec        0x1 /opt/st/stm32cubeide_1.13.2/plugins/com.st.stm32cube.ide.mcu.externaltools.gnu-tools-for-stm32.11.3.rel1.linux64_1.1.1.202309131626/tools/bin/../lib/gcc/arm-none-eabi/11.3.1/../../../../arm-none-eabi/lib/thumb/v7e-m+fp/hard/libc_nano.a(libc_a-lock.o)
                0x0000000020000fec                __lock___malloc_recursive_mutex
 *(COMMON)
                0x0000000020000ff0                . = ALIGN (0x4)
 *fill*         0x0000000020000fed        0x3 
                0x0000000020000ff0                _ebss = .
                0x0000000020000ff0                __bss_end__ = _ebss

._user_heap_stack
                0x0000000020000ff0      0x600
                0x0000000020000ff0                . = ALIGN (0x8)
                [!provide]                        PROVIDE (end = .)
                0x0000000020000ff0                PROVIDE (_end = .)
                0x00000000200011f0                . = (. + _Min_Heap_Size)
 *fill*         0x0000000020000ff0      0x200 
                0x00000000200015f0                . = (. + _Min_Stack_Size)
 *fill*         0x00000000200011f0      0x400 
                0x00000000200015f0                . = ALIGN (0x8)

/DISCARD/
 libc.a(*)
 libm.a(*)
 libgcc.a(*)

.ARM.attributes
                0x0000000000000000       0x30
 *(.ARM.attributes)
 .ARM.attributes
                0x0000000000000000       0x1e /opt/st/stm32cubeide_1.13.2/plugins/com.st.stm32cube.ide.mcu.externaltools.gnu-tools-for-stm32.11.3.rel1.linux64_1.1.1.202309131626/tools/bin/../lib/gcc/arm-none-eabi/11.3.1/thumb/v7e-m+fp/hard/crti.o
 .ARM.attributes
                0x000000000000001e       0x34 /opt/st/stm32cubeide_1.13.2/plugins/com.st.stm32cube.ide.mcu.externaltools.gnu-tools-for-stm32.11.3.rel1.linux64_1.1.1.202309131626/tools/bin/../lib/gcc/arm-none-eabi/11.3.1/thumb/v7e-m+fp/hard/crtbegin.o
 .ARM.attributes
                0x0000000000000052       0x34 ./Core/CustomLib/Bitmap.o
 .ARM.attributes
                0x0000000000000086       0x34 ./Core/CustomLib/ssd1306.o
 .ARM.attributes
                0x00000000000000ba       0x34 ./Core/CustomLib/ssd1306_fonts.o
 .ARM.attributes
                0x00000000000000ee       0x34 ./Core/Src/CalculationEvent.o
 .ARM.attributes
                0x0000000000000122       0x34 ./Core/Src/CancelEvent.o
 .ARM.attributes
                0x0000000000000156       0x34 ./Core/Src/DisplayEvent.o
 .ARM.attributes
                0x000000000000018a       0x34 ./Core/Src/FinalCalculationResultEvent.o
 .ARM.attributes
                0x00000000000001be       0x34 ./Core/Src/LedEvents.o
 .ARM.attributes
                0x00000000000001f2       0x34 ./Core/Src/OLED_DisplayEvent.o
 .ARM.attributes
                0x0000000000000226       0x34 ./Core/Src/SetUpLcd.o
 .ARM.attributes
                0x000000000000025a       0x34 ./Core/Src/StartEvent.o
 .ARM.attributes
                0x000000000000028e       0x34 ./Core/Src/StartMeasureEvent.o
 .ARM.attributes
                0x00000000000002c2       0x34 ./Core/Src/lcd.o
 .ARM.attributes
                0x00000000000002f6       0x34 ./Core/Src/main.o
 .ARM.attributes
                0x000000000000032a       0x34 ./Core/Src/stm32f4xx_hal_msp.o
 .ARM.attributes
                0x000000000000035e       0x34 ./Core/Src/stm32f4xx_it.o
 .ARM.attributes
                0x0000000000000392       0x34 ./Core/Src/syscalls.o
 .ARM.attributes
                0x00000000000003c6       0x34 ./Core/Src/sysmem.o
 .ARM.attributes
                0x00000000000003fa       0x34 ./Core/Src/system_stm32f4xx.o
 .ARM.attributes
                0x000000000000042e       0x21 ./Core/Startup/startup_stm32f429zitx.o
 .ARM.attributes
                0x000000000000044f       0x34 ./Drivers/STM32F4xx_HAL_Driver/Src/stm32f4xx_hal.o
 .ARM.attributes
                0x0000000000000483       0x34 ./Drivers/STM32F4xx_HAL_Driver/Src/stm32f4xx_hal_adc.o
 .ARM.attributes
                0x00000000000004b7       0x34 ./Drivers/STM32F4xx_HAL_Driver/Src/stm32f4xx_hal_cortex.o
 .ARM.attributes
                0x00000000000004eb       0x34 ./Drivers/STM32F4xx_HAL_Driver/Src/stm32f4xx_hal_dma.o
 .ARM.attributes
                0x000000000000051f       0x34 ./Drivers/STM32F4xx_HAL_Driver/Src/stm32f4xx_hal_eth.o
 .ARM.attributes
                0x0000000000000553       0x34 ./Drivers/STM32F4xx_HAL_Driver/Src/stm32f4xx_hal_gpio.o
 .ARM.attributes
                0x0000000000000587       0x34 ./Drivers/STM32F4xx_HAL_Driver/Src/stm32f4xx_hal_i2c.o
 .ARM.attributes
                0x00000000000005bb       0x34 ./Drivers/STM32F4xx_HAL_Driver/Src/stm32f4xx_hal_i2c_ex.o